{smcl}
{txt}{sf}{ul off}{.-}
      name:  {res}<unnamed>
       {txt}log:  {res}/workspace/logs/cox_models_tnfmono.smcl
  {txt}log type:  {res}smcl
 {txt}opened on:  {res} 8 Apr 2021, 12:10:21
{txt}
{com}. 
. * Set Ado file path
. adopath + "$projectdir/analysis/extra_ados"
{txt}  [1]  (BASE)      "{res}/usr/local/stata/ado/base/{txt}"
  [2]  (SITE)      "{res}/usr/local/ado/{txt}"
  [3]              "{res}.{txt}"
  [4]  (PERSONAL)  "{res}~/ado/personal/{txt}"
  [5]  (PLUS)      "{res}~/ado/plus/{txt}"
  [6]  (OLDPLACE)  "{res}~/ado/{txt}"
  [7]              "{res}/workspace/analysis/extra_ados{txt}"

{com}. 
. 
. /* SET Index date ===========================================================*/
. global indexdate                        = "01/03/2020"
{txt}
{com}. 
. global crude
{txt}
{com}. 
. global agesex i.agegroup male
{txt}
{com}. 
. global adjusted_main i.agegroup male i.ethnicity i.imd bmicat bowel skin joint chronic_cardiac_disease cancer stroke i.diabcat steroidcat 
{txt}
{com}. 
. global adjusted_extra i.agegroup male i.ethnicity i.imd bmicat bowel skin joint chronic_cardiac_disease cancer stroke i.diabcat steroidcat i.ckd chronic_liver_disease chronic_respiratory_disease
{txt}
{com}. 
. 
. tempname coxoutput
{txt}
{com}.         postfile `coxoutput' str20(cohort) str20(model) str20(failure) ///
>                 ptime_exposed events_exposed rate_exposed /// 
>                 ptime_comparator events_comparator rate_comparator hr lc uc ///
>                 using $projectdir/output/data/cox_model_summary_$files, replace                                         
{txt}(note: file /workspace/output/data/cox_model_summary_tnfmono.dta not found)

{com}. 
. 
.                 
. use $projectdir/output/data/file_$files, replace
{txt}
{com}. 
. *generate censor date
. gen diecensor = mdy(09,01,2020)
{txt}
{com}. format diecensor %td
{txt}
{com}.         
. egen stopdied = rmin(died_ons_date diecensor)
{txt}
{com}. egen stopicu = rmin(icu_or_death_covid_date diecensor)
{txt}
{com}. egen stopswab = rmin(first_pos_test_sgss_date diecensor)
{txt}
{com}. 
. gen faildied = died_ons_covid_flag_any
{txt}
{com}. gen failicu = icu_or_death_covid
{txt}(21,235 missing values generated)

{com}. gen failswab = first_pos_test_sgss
{txt}
{com}.         
. gen exitdied = died_ons_covid_flag_any
{txt}
{com}. gen exiticu = icu_or_death_covid
{txt}(21,235 missing values generated)

{com}. gen exitswab = first_pos_test_sgss 
{txt}
{com}.          
. 
. foreach fail in died icu swab {c -(}
{txt}  2{com}. 
.         stset stop`fail', id(patient_id) failure(fail`fail'==1) origin(time enter_date)  enter(time enter_date) scale(365.25) 
{txt}  3{com}.                                                 
.         foreach model in crude agesex adjusted_main adjusted_extra {c -(}
{txt}  4{com}.                                 
.                 stcox $files $`model', vce(robust)
{txt}  5{com}.                                         matrix b = r(table)
{txt}  6{com}.                                         local hr = b[1,1]
{txt}  7{com}.                                         local lc = b[5,1]
{txt}  8{com}.                                         local uc = b[6,1]
{txt}  9{com}. 
.                 stptime if $files == 1
{txt} 10{com}.                                         local rate_exposed = `r(rate)'
{txt} 11{com}.                                         local ptime_exposed = `r(ptime)'
{txt} 12{com}.                                         local events_exposed .
{txt} 13{com}.                                         if `r(failures)' == 0 | `r(failures)' > 5 local events_exposed `r(failures)'
{txt} 14{com}.                                                 
.                 stptime if $files == 0
{txt} 15{com}.                                         local rate_comparator = `r(rate)'
{txt} 16{com}.                                         local ptime_comparator = `r(ptime)'
{txt} 17{com}.                                         local events_comparator .
{txt} 18{com}.                                         if `r(failures)' == 0 | `r(failures)' > 5 local events_comparator `r(failures)'
{txt} 19{com}. 
.                 post `coxoutput' ("$files") ("`model'") ("`fail'") (`ptime_exposed') (`events_exposed') (`rate_exposed') ///
>                                         (`ptime_comparator') (`events_comparator') (`rate_comparator') ///
>                                         (`hr') (`lc') (`uc')
{txt} 20{com}.         {c )-}
{txt} 21{com}. {c )-}

                {txt}id:  {res}patient_id
     {txt}failure event:  {res}faildied == 1
{txt}obs. time interval:  {res}(stopdied[_n-1], stopdied]
{txt} enter on or after:  {res}time enter_date
{txt} exit on or before:  {res}failure
    {txt}t for analysis:  {res}(time-origin)/365.25
            {txt}origin:  {res}time enter_date

{txt}{hline 78}
{res}     21,464{txt}  total observations
{res}          0{txt}  exclusions
{hline 78}
{res}     21,464{txt}  observations remaining, representing
{res}     21,464{txt}  subjects
{res}      2,128{txt}  failures in single-failure-per-subject data
{res} 10,597.845{txt}  total analysis time at risk and under observation
                                                at risk from t = {res}        0
                                     {txt}earliest observed entry t = {res}        0
                                          {txt}last observed exit t = {res} .5037645

         {txt}failure _d:  {res}faildied == 1
   {txt}analysis time _t:  {res}(stopdied-origin)/365.25
             {txt}origin:  {res}time enter_date
{txt}  enter on or after:  {res}time enter_date
                 {txt}id:  {res}patient_id

{txt}Iteration 0:   log pseudolikelihood = {res}-21136.692
{txt}Iteration 1:   log pseudolikelihood = {res}-21136.649
{txt}Iteration 2:   log pseudolikelihood = {res}-21136.649
{txt}Refining estimates:
Iteration 0:   log pseudolikelihood = {res}-21136.649

{txt}Cox regression -- Breslow method for ties

No. of subjects      = {res}      21,464             {txt}Number of obs    =  {res}    21,464
{txt}No. of failures      = {res}       2,128
{txt}Time at risk         = {res} 10597.84531
                                                {txt}Wald chi2({res}1{txt})     =  {res}      0.10
{txt}Log pseudolikelihood =   {res}-21136.649             {txt}Prob > chi2      =  {res}    0.7547

{txt}{ralign 78:(Std. Err. adjusted for {res:21,464} clusters in patient_id)}
{hline 13}{c TT}{hline 11}{hline 11}{hline 9}{hline 8}{hline 13}{hline 12}
{col 14}{c |}{col 26}    Robust
{col 1}          _t{col 14}{c |} Haz. Ratio{col 26}   Std. Err.{col 38}      z{col 46}   P>|z|{col 54}     [95% Con{col 67}f. Interval]
{hline 13}{c +}{hline 11}{hline 11}{hline 9}{hline 8}{hline 13}{hline 12}
{space 5}tnfmono {c |}{col 14}{res}{space 2} 1.017559{col 26}{space 2} .0566859{col 37}{space 1}    0.31{col 46}{space 3}0.755{col 54}{space 4} .9123073{col 67}{space 3} 1.134954
{txt}{hline 13}{c BT}{hline 11}{hline 11}{hline 9}{hline 8}{hline 13}{hline 12}

         failure _d:  {res}faildied == 1
   {txt}analysis time _t:  {res}(stopdied-origin)/365.25
             {txt}origin:  {res}time enter_date
{txt}  enter on or after:  {res}time enter_date
                 {txt}id:  {res}patient_id

{txt}Cohort{col 12}{c |}{col 15}person-time{col 29}failures{col 45}rate{col 52}[95% Conf. Interval]
{hline 11}{c +}{hline 59}
     total{col 12}{c |}{col 16}{res} 1706.8775{col 29}     347{col 39}  .2032952{col 51} .1829921{col 63}  .225851

         {txt}failure _d:  {res}faildied == 1
   {txt}analysis time _t:  {res}(stopdied-origin)/365.25
             {txt}origin:  {res}time enter_date
{txt}  enter on or after:  {res}time enter_date
                 {txt}id:  {res}patient_id

{txt}Cohort{col 12}{c |}{col 15}person-time{col 29}failures{col 45}rate{col 52}[95% Conf. Interval]
{hline 11}{c +}{hline 59}
     total{col 12}{c |}{col 16}{res} 8890.9678{col 29}    1781{col 39} .20031565{col 51} .1912252{col 63} .2098382

         {txt}failure _d:  {res}faildied == 1
   {txt}analysis time _t:  {res}(stopdied-origin)/365.25
             {txt}origin:  {res}time enter_date
{txt}  enter on or after:  {res}time enter_date
                 {txt}id:  {res}patient_id

{txt}Iteration 0:   log pseudolikelihood = {res}-21136.692
{txt}Iteration 1:   log pseudolikelihood = {res}-21136.354
{txt}Iteration 2:   log pseudolikelihood = {res}-21136.354
{txt}Refining estimates:
Iteration 0:   log pseudolikelihood = {res}-21136.354

{txt}Cox regression -- Breslow method for ties

No. of subjects      = {res}      21,464             {txt}Number of obs    =  {res}    21,464
{txt}No. of failures      = {res}       2,128
{txt}Time at risk         = {res} 10597.84531
                                                {txt}Wald chi2({res}7{txt})     =  {res}      0.73
{txt}Log pseudolikelihood =   {res}-21136.354             {txt}Prob > chi2      =  {res}    0.9981

{txt}{ralign 78:(Std. Err. adjusted for {res:21,464} clusters in patient_id)}
{hline 13}{c TT}{hline 11}{hline 11}{hline 9}{hline 8}{hline 13}{hline 12}
{col 14}{c |}{col 26}    Robust
{col 1}          _t{col 14}{c |} Haz. Ratio{col 26}   Std. Err.{col 38}      z{col 46}   P>|z|{col 54}     [95% Con{col 67}f. Interval]
{hline 13}{c +}{hline 11}{hline 11}{hline 9}{hline 8}{hline 13}{hline 12}
{space 5}tnfmono {c |}{col 14}{res}{space 2} 1.017892{col 26}{space 2} .0566995{col 37}{space 1}    0.32{col 46}{space 3}0.750{col 54}{space 4} .9126145{col 67}{space 3} 1.135314
{txt}{space 12} {c |}
{space 4}agegroup {c |}
{space 5}40-<50  {c |}{col 14}{res}{space 2} .9859334{col 26}{space 2} .0600983{col 37}{space 1}   -0.23{col 46}{space 3}0.816{col 54}{space 4} .8749072{col 67}{space 3} 1.111049
{txt}{space 5}50-<60  {c |}{col 14}{res}{space 2} .9562728{col 26}{space 2} .0582997{col 37}{space 1}   -0.73{col 46}{space 3}0.463{col 54}{space 4} .8485703{col 67}{space 3} 1.077645
{txt}{space 5}60-<70  {c |}{col 14}{res}{space 2} .9880269{col 26}{space 2} .0655955{col 37}{space 1}   -0.18{col 46}{space 3}0.856{col 54}{space 4} .8674754{col 67}{space 3} 1.125331
{txt}{space 5}70-<80  {c |}{col 14}{res}{space 2} .9846572{col 26}{space 2} .0715704{col 37}{space 1}   -0.21{col 46}{space 3}0.832{col 54}{space 4} .8539157{col 67}{space 3} 1.135416
{txt}{space 8}80+  {c |}{col 14}{res}{space 2} 1.010194{col 26}{space 2} .0886197{col 37}{space 1}    0.12{col 46}{space 3}0.908{col 54}{space 4} .8506148{col 67}{space 3} 1.199712
{txt}{space 12} {c |}
{space 8}male {c |}{col 14}{res}{space 2} .9936438{col 26}{space 2} .0410152{col 37}{space 1}   -0.15{col 46}{space 3}0.877{col 54}{space 4} .9164214{col 67}{space 3} 1.077373
{txt}{hline 13}{c BT}{hline 11}{hline 11}{hline 9}{hline 8}{hline 13}{hline 12}

         failure _d:  {res}faildied == 1
   {txt}analysis time _t:  {res}(stopdied-origin)/365.25
             {txt}origin:  {res}time enter_date
{txt}  enter on or after:  {res}time enter_date
                 {txt}id:  {res}patient_id

{txt}Cohort{col 12}{c |}{col 15}person-time{col 29}failures{col 45}rate{col 52}[95% Conf. Interval]
{hline 11}{c +}{hline 59}
     total{col 12}{c |}{col 16}{res} 1706.8775{col 29}     347{col 39}  .2032952{col 51} .1829921{col 63}  .225851

         {txt}failure _d:  {res}faildied == 1
   {txt}analysis time _t:  {res}(stopdied-origin)/365.25
             {txt}origin:  {res}time enter_date
{txt}  enter on or after:  {res}time enter_date
                 {txt}id:  {res}patient_id

{txt}Cohort{col 12}{c |}{col 15}person-time{col 29}failures{col 45}rate{col 52}[95% Conf. Interval]
{hline 11}{c +}{hline 59}
     total{col 12}{c |}{col 16}{res} 8890.9678{col 29}    1781{col 39} .20031565{col 51} .1912252{col 63} .2098382

         {txt}failure _d:  {res}faildied == 1
   {txt}analysis time _t:  {res}(stopdied-origin)/365.25
             {txt}origin:  {res}time enter_date
{txt}  enter on or after:  {res}time enter_date
                 {txt}id:  {res}patient_id

{txt}Iteration 0:   log pseudolikelihood = {res}-561.01498
{txt}Iteration 1:   log pseudolikelihood = {res}-555.20374
{txt}Iteration 2:   log pseudolikelihood = {res}-550.84824
{txt}Iteration 3:   log pseudolikelihood = {res}-549.90539
{txt}Iteration 4:   log pseudolikelihood = {res}-549.77669
{txt}Iteration 5:   log pseudolikelihood = {res}-549.77125
{txt}Iteration 6:   log pseudolikelihood = {res}-549.77089
{txt}Iteration 7:   log pseudolikelihood = {res}-549.77076
{txt}Iteration 8:   log pseudolikelihood = {res}-549.77071
{txt}Iteration 9:   log pseudolikelihood = {res}-549.77069
{txt}Iteration 10:  log pseudolikelihood = {res}-549.77069
{txt}Iteration 11:  log pseudolikelihood = {res}-549.77069
{txt}Iteration 12:  log pseudolikelihood = {res}-549.77068
{txt}Iteration 13:  log pseudolikelihood = {res}-549.77068
{txt}Iteration 14:  log pseudolikelihood = {res}-549.77068
{txt}Iteration 15:  log pseudolikelihood = {res}-549.77068
{txt}Iteration 16:  log pseudolikelihood = {res}-549.77068
{txt}Iteration 17:  log pseudolikelihood = {res}-549.77068
{txt}Iteration 18:  log pseudolikelihood = {res}-549.77068
{txt}Iteration 19:  log pseudolikelihood = {res}-549.77068
{txt}Iteration 20:  log pseudolikelihood = {res}-549.77068
{txt}Iteration 21:  log pseudolikelihood = {res}-549.77068
{txt}Iteration 22:  log pseudolikelihood = {res}-549.77068
{txt}Iteration 23:  log pseudolikelihood = {res}-549.77068
{txt}Iteration 24:  log pseudolikelihood = {res}-549.77068
{txt}Iteration 25:  log pseudolikelihood = {res}-549.77068
{txt}Iteration 26:  log pseudolikelihood = {res}-549.77068
{txt}Iteration 27:  log pseudolikelihood = {res}-549.77068
{txt}Iteration 28:  log pseudolikelihood = {res}-549.77068
{txt}Refining estimates:
Iteration 0:   log pseudolikelihood = {res}-549.77068
{txt}Iteration 1:   log pseudolikelihood = {res}-549.77068
{txt}Iteration 2:   log pseudolikelihood = {res}-549.77068
{txt}Iteration 3:   log pseudolikelihood = {res}-549.77068

{txt}Cox regression -- Breslow method for ties

No. of subjects      = {res}         836             {txt}Number of obs    =  {res}       836
{txt}No. of failures      = {res}          84
{txt}Time at risk         = {res} 410.2642026
                                                {txt}Wald chi2({res}22{txt})    =  {res}   1013.75
{txt}Log pseudolikelihood =   {res}-549.77068             {txt}Prob > chi2      =  {res}    0.0000

{txt}{ralign 78:(Std. Err. adjusted for {res:836} clusters in patient_id)}
{hline 13}{c TT}{hline 11}{hline 11}{hline 9}{hline 8}{hline 13}{hline 12}
{col 14}{c |}{col 26}    Robust
{col 1}          _t{col 14}{c |} Haz. Ratio{col 26}   Std. Err.{col 38}      z{col 46}   P>|z|{col 54}     [95% Con{col 67}f. Interval]
{hline 13}{c +}{hline 11}{hline 11}{hline 9}{hline 8}{hline 13}{hline 12}
{space 5}tnfmono {c |}{col 14}{res}{space 2}   .83216{col 26}{space 2} .2665797{col 37}{space 1}   -0.57{col 46}{space 3}0.566{col 54}{space 4} .4441475{col 67}{space 3} 1.559145
{txt}{space 12} {c |}
{space 4}agegroup {c |}
{space 5}40-<50  {c |}{col 14}{res}{space 2} .5786734{col 26}{space 2} .1975657{col 37}{space 1}   -1.60{col 46}{space 3}0.109{col 54}{space 4} .2963628{col 67}{space 3} 1.129909
{txt}{space 5}50-<60  {c |}{col 14}{res}{space 2} .4765796{col 26}{space 2} .1887146{col 37}{space 1}   -1.87{col 46}{space 3}0.061{col 54}{space 4} .2193205{col 67}{space 3} 1.035599
{txt}{space 5}60-<70  {c |}{col 14}{res}{space 2} 1.048931{col 26}{space 2} .2950817{col 37}{space 1}    0.17{col 46}{space 3}0.865{col 54}{space 4} .6043514{col 67}{space 3} 1.820556
{txt}{space 5}70-<80  {c |}{col 14}{res}{space 2}  .595336{col 26}{space 2} .2231914{col 37}{space 1}   -1.38{col 46}{space 3}0.167{col 54}{space 4} .2855267{col 67}{space 3} 1.241302
{txt}{space 8}80+  {c |}{col 14}{res}{space 2} .7764384{col 26}{space 2} .3306922{col 37}{space 1}   -0.59{col 46}{space 3}0.552{col 54}{space 4} .3369555{col 67}{space 3} 1.789128
{txt}{space 12} {c |}
{space 8}male {c |}{col 14}{res}{space 2} 1.139199{col 26}{space 2} .2403745{col 37}{space 1}    0.62{col 46}{space 3}0.537{col 54}{space 4}  .753344{col 67}{space 3} 1.722684
{txt}{space 12} {c |}
{space 3}ethnicity {c |}
South Asian  {c |}{col 14}{res}{space 2} 1.035187{col 26}{space 2} .3525804{col 37}{space 1}    0.10{col 46}{space 3}0.919{col 54}{space 4} .5310105{col 67}{space 3} 2.018062
{txt}{space 6}Other  {c |}{col 14}{res}{space 2} .9208712{col 26}{space 2} .3427164{col 37}{space 1}   -0.22{col 46}{space 3}0.825{col 54}{space 4} .4440289{col 67}{space 3} 1.909794
{txt}{space 12} {c |}
{space 9}imd {c |}
{space 10}4  {c |}{col 14}{res}{space 2} 1.600641{col 26}{space 2} .3709068{col 37}{space 1}    2.03{col 46}{space 3}0.042{col 54}{space 4} 1.016367{col 67}{space 3} 2.520796
{txt}5 most de..  {c |}{col 14}{res}{space 2} .6042816{col 26}{space 2} .3013057{col 37}{space 1}   -1.01{col 46}{space 3}0.312{col 54}{space 4} .2274128{col 67}{space 3} 1.605698
{txt}{space 12} {c |}
{space 6}bmicat {c |}{col 14}{res}{space 2} 1.066746{col 26}{space 2} .0795793{col 37}{space 1}    0.87{col 46}{space 3}0.386{col 54}{space 4}   .92164{col 67}{space 3} 1.234698
{txt}{space 7}bowel {c |}{col 14}{res}{space 2} 1.357329{col 26}{space 2} .2971415{col 37}{space 1}    1.40{col 46}{space 3}0.163{col 54}{space 4} .8837783{col 67}{space 3} 2.084621
{txt}{space 8}skin {c |}{col 14}{res}{space 2}  1.12523{col 26}{space 2} .2449414{col 37}{space 1}    0.54{col 46}{space 3}0.588{col 54}{space 4} .7344305{col 67}{space 3} 1.723979
{txt}{space 7}joint {c |}{col 14}{res}{space 2} 1.131089{col 26}{space 2} .2605669{col 37}{space 1}    0.53{col 46}{space 3}0.593{col 54}{space 4} .7201233{col 67}{space 3} 1.776587
{txt}chronic_c~se {c |}{col 14}{res}{space 2} .4772315{col 26}{space 2}  .168891{col 37}{space 1}   -2.09{col 46}{space 3}0.037{col 54}{space 4} .2385014{col 67}{space 3} .9549202
{txt}{space 6}cancer {c |}{col 14}{res}{space 2} .9933037{col 26}{space 2} .2078704{col 37}{space 1}   -0.03{col 46}{space 3}0.974{col 54}{space 4} .6590975{col 67}{space 3} 1.496975
{txt}{space 6}stroke {c |}{col 14}{res}{space 2} .8965696{col 26}{space 2} .2404576{col 37}{space 1}   -0.41{col 46}{space 3}0.684{col 54}{space 4} .5300222{col 67}{space 3}  1.51661
{txt}{space 12} {c |}
{space 5}diabcat {c |}
Controlle..  {c |}{col 14}{res}{space 2} 1.00e-13{col 26}{space 2} 1.27e-13{col 37}{space 1}  -23.67{col 46}{space 3}0.000{col 54}{space 4} 8.41e-15{col 67}{space 3} 1.20e-12
{txt}Uncontrol..  {c |}{col 14}{res}{space 2} 2.313786{col 26}{space 2} 1.210371{col 37}{space 1}    1.60{col 46}{space 3}0.109{col 54}{space 4}  .829944{col 67}{space 3} 6.450561
{txt}Diabetes,..  {c |}{col 14}{res}{space 2} .8767585{col 26}{space 2} .2356689{col 37}{space 1}   -0.49{col 46}{space 3}0.625{col 54}{space 4}  .517703{col 67}{space 3} 1.484839
{txt}{space 12} {c |}
{space 2}steroidcat {c |}{col 14}{res}{space 2} 1.300254{col 26}{space 2} .3889464{col 37}{space 1}    0.88{col 46}{space 3}0.380{col 54}{space 4} .7234483{col 67}{space 3} 2.336948
{txt}{hline 13}{c BT}{hline 11}{hline 11}{hline 9}{hline 8}{hline 13}{hline 12}

         failure _d:  {res}faildied == 1
   {txt}analysis time _t:  {res}(stopdied-origin)/365.25
             {txt}origin:  {res}time enter_date
{txt}  enter on or after:  {res}time enter_date
                 {txt}id:  {res}patient_id

{txt}Cohort{col 12}{c |}{col 15}person-time{col 29}failures{col 45}rate{col 52}[95% Conf. Interval]
{hline 11}{c +}{hline 59}
     total{col 12}{c |}{col 16}{res} 1706.8775{col 29}     347{col 39}  .2032952{col 51} .1829921{col 63}  .225851

         {txt}failure _d:  {res}faildied == 1
   {txt}analysis time _t:  {res}(stopdied-origin)/365.25
             {txt}origin:  {res}time enter_date
{txt}  enter on or after:  {res}time enter_date
                 {txt}id:  {res}patient_id

{txt}Cohort{col 12}{c |}{col 15}person-time{col 29}failures{col 45}rate{col 52}[95% Conf. Interval]
{hline 11}{c +}{hline 59}
     total{col 12}{c |}{col 16}{res} 8890.9678{col 29}    1781{col 39} .20031565{col 51} .1912252{col 63} .2098382

         {txt}failure _d:  {res}faildied == 1
   {txt}analysis time _t:  {res}(stopdied-origin)/365.25
             {txt}origin:  {res}time enter_date
{txt}  enter on or after:  {res}time enter_date
                 {txt}id:  {res}patient_id

{txt}Iteration 0:   log pseudolikelihood = {res}-561.01498
{txt}Iteration 1:   log pseudolikelihood = {res}-554.10858
{txt}Iteration 2:   log pseudolikelihood = {res}  -549.779
{txt}Iteration 3:   log pseudolikelihood = {res} -548.8467
{txt}Iteration 4:   log pseudolikelihood = {res}-548.72027
{txt}Iteration 5:   log pseudolikelihood = {res}-548.71498
{txt}Iteration 6:   log pseudolikelihood = {res}-548.71463
{txt}Iteration 7:   log pseudolikelihood = {res} -548.7145
{txt}Iteration 8:   log pseudolikelihood = {res}-548.71445
{txt}Iteration 9:   log pseudolikelihood = {res}-548.71443
{txt}Iteration 10:  log pseudolikelihood = {res}-548.71443
{txt}Iteration 11:  log pseudolikelihood = {res}-548.71442
{txt}Iteration 12:  log pseudolikelihood = {res}-548.71442
{txt}Iteration 13:  log pseudolikelihood = {res}-548.71442
{txt}Iteration 14:  log pseudolikelihood = {res}-548.71442
{txt}Iteration 15:  log pseudolikelihood = {res}-548.71442
{txt}Iteration 16:  log pseudolikelihood = {res}-548.71442
{txt}Iteration 17:  log pseudolikelihood = {res}-548.71442
{txt}Iteration 18:  log pseudolikelihood = {res}-548.71442
{txt}Iteration 19:  log pseudolikelihood = {res}-548.71442
{txt}Iteration 20:  log pseudolikelihood = {res}-548.71442
{txt}Iteration 21:  log pseudolikelihood = {res}-548.71442
{txt}Iteration 22:  log pseudolikelihood = {res}-548.71442
{txt}Iteration 23:  log pseudolikelihood = {res}-548.71442
{txt}Iteration 24:  log pseudolikelihood = {res}-548.71442
{txt}Iteration 25:  log pseudolikelihood = {res}-548.71442
{txt}Iteration 26:  log pseudolikelihood = {res}-548.71442
{txt}Iteration 27:  log pseudolikelihood = {res}-548.71442
{txt}Iteration 28:  log pseudolikelihood = {res}-548.71442
{txt}Iteration 29:  log pseudolikelihood = {res}-548.71442
{txt}Iteration 30:  log pseudolikelihood = {res}-548.71442
{txt}Refining estimates:
Iteration 0:   log pseudolikelihood = {res}-548.71442
{txt}Iteration 1:   log pseudolikelihood = {res}-548.71442
{txt}Iteration 2:   log pseudolikelihood = {res}-548.71442

{txt}Cox regression -- Breslow method for ties

No. of subjects      = {res}         836             {txt}Number of obs    =  {res}       836
{txt}No. of failures      = {res}          84
{txt}Time at risk         = {res} 410.2642026
                                                {txt}Wald chi2({res}25{txt})    =  {res}   1082.86
{txt}Log pseudolikelihood =   {res}-548.71442             {txt}Prob > chi2      =  {res}    0.0000

{txt}{ralign 78:(Std. Err. adjusted for {res:836} clusters in patient_id)}
{hline 13}{c TT}{hline 11}{hline 11}{hline 9}{hline 8}{hline 13}{hline 12}
{col 14}{c |}{col 26}    Robust
{col 1}          _t{col 14}{c |} Haz. Ratio{col 26}   Std. Err.{col 38}      z{col 46}   P>|z|{col 54}     [95% Con{col 67}f. Interval]
{hline 13}{c +}{hline 11}{hline 11}{hline 9}{hline 8}{hline 13}{hline 12}
{space 5}tnfmono {c |}{col 14}{res}{space 2} .8299301{col 26}{space 2} .2633168{col 37}{space 1}   -0.59{col 46}{space 3}0.557{col 54}{space 4} .4456313{col 67}{space 3} 1.545636
{txt}{space 12} {c |}
{space 4}agegroup {c |}
{space 5}40-<50  {c |}{col 14}{res}{space 2} .5904481{col 26}{space 2} .2005334{col 37}{space 1}   -1.55{col 46}{space 3}0.121{col 54}{space 4} .3034512{col 67}{space 3}  1.14888
{txt}{space 5}50-<60  {c |}{col 14}{res}{space 2} .4903701{col 26}{space 2} .1945143{col 37}{space 1}   -1.80{col 46}{space 3}0.072{col 54}{space 4} .2253613{col 67}{space 3} 1.067011
{txt}{space 5}60-<70  {c |}{col 14}{res}{space 2} 1.055563{col 26}{space 2} .2969262{col 37}{space 1}    0.19{col 46}{space 3}0.848{col 54}{space 4}  .608197{col 67}{space 3} 1.831995
{txt}{space 5}70-<80  {c |}{col 14}{res}{space 2} .5896906{col 26}{space 2} .2248627{col 37}{space 1}   -1.39{col 46}{space 3}0.166{col 54}{space 4}  .279281{col 67}{space 3} 1.245108
{txt}{space 8}80+  {c |}{col 14}{res}{space 2} .7799083{col 26}{space 2} .3384705{col 37}{space 1}   -0.57{col 46}{space 3}0.567{col 54}{space 4} .3331445{col 67}{space 3} 1.825805
{txt}{space 12} {c |}
{space 8}male {c |}{col 14}{res}{space 2} 1.131591{col 26}{space 2} .2375486{col 37}{space 1}    0.59{col 46}{space 3}0.556{col 54}{space 4} .7498965{col 67}{space 3} 1.707566
{txt}{space 12} {c |}
{space 3}ethnicity {c |}
South Asian  {c |}{col 14}{res}{space 2} 1.056817{col 26}{space 2} .3549489{col 37}{space 1}    0.16{col 46}{space 3}0.869{col 54}{space 4} .5471547{col 67}{space 3} 2.041218
{txt}{space 6}Other  {c |}{col 14}{res}{space 2} .9158773{col 26}{space 2} .3400577{col 37}{space 1}   -0.24{col 46}{space 3}0.813{col 54}{space 4} .4423776{col 67}{space 3} 1.896188
{txt}{space 12} {c |}
{space 9}imd {c |}
{space 10}4  {c |}{col 14}{res}{space 2} 1.630569{col 26}{space 2} .3759873{col 37}{space 1}    2.12{col 46}{space 3}0.034{col 54}{space 4} 1.037681{col 67}{space 3} 2.562211
{txt}5 most de..  {c |}{col 14}{res}{space 2} .6098613{col 26}{space 2} .3059054{col 37}{space 1}   -0.99{col 46}{space 3}0.324{col 54}{space 4}  .228176{col 67}{space 3} 1.630018
{txt}{space 12} {c |}
{space 6}bmicat {c |}{col 14}{res}{space 2} 1.073332{col 26}{space 2} .0801278{col 37}{space 1}    0.95{col 46}{space 3}0.343{col 54}{space 4}  .927233{col 67}{space 3}  1.24245
{txt}{space 7}bowel {c |}{col 14}{res}{space 2} 1.325444{col 26}{space 2} .2927345{col 37}{space 1}    1.28{col 46}{space 3}0.202{col 54}{space 4} .8597396{col 67}{space 3} 2.043411
{txt}{space 8}skin {c |}{col 14}{res}{space 2} 1.136926{col 26}{space 2} .2452287{col 37}{space 1}    0.59{col 46}{space 3}0.552{col 54}{space 4} .7449595{col 67}{space 3} 1.735129
{txt}{space 7}joint {c |}{col 14}{res}{space 2} 1.118871{col 26}{space 2} .2589436{col 37}{space 1}    0.49{col 46}{space 3}0.627{col 54}{space 4} .7108601{col 67}{space 3} 1.761068
{txt}chronic_c~se {c |}{col 14}{res}{space 2} .4717046{col 26}{space 2} .1694909{col 37}{space 1}   -2.09{col 46}{space 3}0.037{col 54}{space 4} .2332491{col 67}{space 3} .9539381
{txt}{space 6}cancer {c |}{col 14}{res}{space 2} .9973595{col 26}{space 2} .2088815{col 37}{space 1}   -0.01{col 46}{space 3}0.990{col 54}{space 4} .6615776{col 67}{space 3} 1.503567
{txt}{space 6}stroke {c |}{col 14}{res}{space 2} .8862488{col 26}{space 2} .2314028{col 37}{space 1}   -0.46{col 46}{space 3}0.644{col 54}{space 4} .5312559{col 67}{space 3} 1.478453
{txt}{space 12} {c |}
{space 5}diabcat {c |}
Controlle..  {c |}{col 14}{res}{space 2} 3.54e-14{col 26}{space 2} 4.54e-14{col 37}{space 1}  -24.15{col 46}{space 3}0.000{col 54}{space 4} 2.87e-15{col 67}{space 3} 4.38e-13
{txt}Uncontrol..  {c |}{col 14}{res}{space 2} 2.110429{col 26}{space 2} 1.135991{col 37}{space 1}    1.39{col 46}{space 3}0.165{col 54}{space 4} .7348355{col 67}{space 3} 6.061098
{txt}Diabetes,..  {c |}{col 14}{res}{space 2}  .906424{col 26}{space 2} .2411221{col 37}{space 1}   -0.37{col 46}{space 3}0.712{col 54}{space 4} .5381449{col 67}{space 3} 1.526734
{txt}{space 12} {c |}
{space 2}steroidcat {c |}{col 14}{res}{space 2} 1.308518{col 26}{space 2} .3891339{col 37}{space 1}    0.90{col 46}{space 3}0.366{col 54}{space 4} .7305417{col 67}{space 3} 2.343767
{txt}{space 12} {c |}
{space 9}ckd {c |}
{space 8}CKD  {c |}{col 14}{res}{space 2} 1.050955{col 26}{space 2}   .21989{col 37}{space 1}    0.24{col 46}{space 3}0.812{col 54}{space 4} .6974101{col 67}{space 3} 1.583725
{txt}chronic_l~se {c |}{col 14}{res}{space 2} .7734074{col 26}{space 2} .2095904{col 37}{space 1}   -0.95{col 46}{space 3}0.343{col 54}{space 4} .4547115{col 67}{space 3} 1.315469
{txt}chronic_r~se {c |}{col 14}{res}{space 2} .7250938{col 26}{space 2} .2093754{col 37}{space 1}   -1.11{col 46}{space 3}0.266{col 54}{space 4} .4117223{col 67}{space 3}  1.27698
{txt}{hline 13}{c BT}{hline 11}{hline 11}{hline 9}{hline 8}{hline 13}{hline 12}

         failure _d:  {res}faildied == 1
   {txt}analysis time _t:  {res}(stopdied-origin)/365.25
             {txt}origin:  {res}time enter_date
{txt}  enter on or after:  {res}time enter_date
                 {txt}id:  {res}patient_id

{txt}Cohort{col 12}{c |}{col 15}person-time{col 29}failures{col 45}rate{col 52}[95% Conf. Interval]
{hline 11}{c +}{hline 59}
     total{col 12}{c |}{col 16}{res} 1706.8775{col 29}     347{col 39}  .2032952{col 51} .1829921{col 63}  .225851

         {txt}failure _d:  {res}faildied == 1
   {txt}analysis time _t:  {res}(stopdied-origin)/365.25
             {txt}origin:  {res}time enter_date
{txt}  enter on or after:  {res}time enter_date
                 {txt}id:  {res}patient_id

{txt}Cohort{col 12}{c |}{col 15}person-time{col 29}failures{col 45}rate{col 52}[95% Conf. Interval]
{hline 11}{c +}{hline 59}
     total{col 12}{c |}{col 16}{res} 8890.9678{col 29}    1781{col 39} .20031565{col 51} .1912252{col 63} .2098382

                {txt}id:  {res}patient_id
     {txt}failure event:  {res}failicu == 1
{txt}obs. time interval:  {res}(stopicu[_n-1], stopicu]
{txt} enter on or after:  {res}time enter_date
{txt} exit on or before:  {res}failure
    {txt}t for analysis:  {res}(time-origin)/365.25
            {txt}origin:  {res}time enter_date

{txt}{hline 78}
{res}     21,464{txt}  total observations
{res}          0{txt}  exclusions
{hline 78}
{res}     21,464{txt}  observations remaining, representing
{res}     21,464{txt}  subjects
{res}        229{txt}  failures in single-failure-per-subject data
{res} 10,791.578{txt}  total analysis time at risk and under observation
                                                at risk from t = {res}        0
                                     {txt}earliest observed entry t = {res}        0
                                          {txt}last observed exit t = {res} .5037645

         {txt}failure _d:  {res}failicu == 1
   {txt}analysis time _t:  {res}(stopicu-origin)/365.25
             {txt}origin:  {res}time enter_date
{txt}  enter on or after:  {res}time enter_date
                 {txt}id:  {res}patient_id

{txt}Iteration 0:   log pseudolikelihood = {res}-2283.3195
{txt}Iteration 1:   log pseudolikelihood = {res}-2283.0535
{txt}Iteration 2:   log pseudolikelihood = {res} -2283.053
{txt}Refining estimates:
Iteration 0:   log pseudolikelihood = {res} -2283.053

{txt}Cox regression -- Breslow method for ties

No. of subjects      = {res}      21,464             {txt}Number of obs    =  {res}    21,464
{txt}No. of failures      = {res}         229
{txt}Time at risk         = {res} 10791.57837
                                                {txt}Wald chi2({res}1{txt})     =  {res}      0.52
{txt}Log pseudolikelihood =   {res} -2283.053             {txt}Prob > chi2      =  {res}    0.4713

{txt}{ralign 78:(Std. Err. adjusted for {res:21,464} clusters in patient_id)}
{hline 13}{c TT}{hline 11}{hline 11}{hline 9}{hline 8}{hline 13}{hline 12}
{col 14}{c |}{col 26}    Robust
{col 1}          _t{col 14}{c |} Haz. Ratio{col 26}   Std. Err.{col 38}      z{col 46}   P>|z|{col 54}     [95% Con{col 67}f. Interval]
{hline 13}{c +}{hline 11}{hline 11}{hline 9}{hline 8}{hline 13}{hline 12}
{space 5}tnfmono {c |}{col 14}{res}{space 2} .8735464{col 26}{space 2} .1639355{col 37}{space 1}   -0.72{col 46}{space 3}0.471{col 54}{space 4} .6047054{col 67}{space 3} 1.261909
{txt}{hline 13}{c BT}{hline 11}{hline 11}{hline 9}{hline 8}{hline 13}{hline 12}

         failure _d:  {res}failicu == 1
   {txt}analysis time _t:  {res}(stopicu-origin)/365.25
             {txt}origin:  {res}time enter_date
{txt}  enter on or after:  {res}time enter_date
                 {txt}id:  {res}patient_id

{txt}Cohort{col 12}{c |}{col 15}person-time{col 29}failures{col 45}rate{col 52}[95% Conf. Interval]
{hline 11}{c +}{hline 59}
     total{col 12}{c |}{col 16}{res} 1743.1595{col 29}      33{col 39} .01893114{col 51} .0134587{col 63} .0266288

         {txt}failure _d:  {res}failicu == 1
   {txt}analysis time _t:  {res}(stopicu-origin)/365.25
             {txt}origin:  {res}time enter_date
{txt}  enter on or after:  {res}time enter_date
                 {txt}id:  {res}patient_id

{txt}Cohort{col 12}{c |}{col 15}person-time{col 29}failures{col 45}rate{col 52}[95% Conf. Interval]
{hline 11}{c +}{hline 59}
     total{col 12}{c |}{col 16}{res} 9048.4189{col 29}     196{col 39} .02166124{col 51} .0188314{col 63} .0249163

         {txt}failure _d:  {res}failicu == 1
   {txt}analysis time _t:  {res}(stopicu-origin)/365.25
             {txt}origin:  {res}time enter_date
{txt}  enter on or after:  {res}time enter_date
                 {txt}id:  {res}patient_id

{txt}Iteration 0:   log pseudolikelihood = {res}-2283.3195
{txt}Iteration 1:   log pseudolikelihood = {res}-2282.7147
{txt}Iteration 2:   log pseudolikelihood = {res}-2282.7141
{txt}Refining estimates:
Iteration 0:   log pseudolikelihood = {res}-2282.7141

{txt}Cox regression -- Breslow method for ties

No. of subjects      = {res}      21,464             {txt}Number of obs    =  {res}    21,464
{txt}No. of failures      = {res}         229
{txt}Time at risk         = {res} 10791.57837
                                                {txt}Wald chi2({res}7{txt})     =  {res}      1.08
{txt}Log pseudolikelihood =   {res}-2282.7141             {txt}Prob > chi2      =  {res}    0.9934

{txt}{ralign 78:(Std. Err. adjusted for {res:21,464} clusters in patient_id)}
{hline 13}{c TT}{hline 11}{hline 11}{hline 9}{hline 8}{hline 13}{hline 12}
{col 14}{c |}{col 26}    Robust
{col 1}          _t{col 14}{c |} Haz. Ratio{col 26}   Std. Err.{col 38}      z{col 46}   P>|z|{col 54}     [95% Con{col 67}f. Interval]
{hline 13}{c +}{hline 11}{hline 11}{hline 9}{hline 8}{hline 13}{hline 12}
{space 5}tnfmono {c |}{col 14}{res}{space 2} .8738696{col 26}{space 2} .1639664{col 37}{space 1}   -0.72{col 46}{space 3}0.472{col 54}{space 4} .6049695{col 67}{space 3} 1.262292
{txt}{space 12} {c |}
{space 4}agegroup {c |}
{space 5}40-<50  {c |}{col 14}{res}{space 2} 1.018464{col 26}{space 2} .1995278{col 37}{space 1}    0.09{col 46}{space 3}0.926{col 54}{space 4} .6937237{col 67}{space 3}  1.49522
{txt}{space 5}50-<60  {c |}{col 14}{res}{space 2} 1.045456{col 26}{space 2} .2012483{col 37}{space 1}    0.23{col 46}{space 3}0.817{col 54}{space 4} .7168878{col 67}{space 3} 1.524616
{txt}{space 5}60-<70  {c |}{col 14}{res}{space 2} 1.094221{col 26}{space 2} .2273527{col 37}{space 1}    0.43{col 46}{space 3}0.665{col 54}{space 4} .7281923{col 67}{space 3} 1.644236
{txt}{space 5}70-<80  {c |}{col 14}{res}{space 2} .9524343{col 26}{space 2} .2280375{col 37}{space 1}   -0.20{col 46}{space 3}0.839{col 54}{space 4} .5957105{col 67}{space 3} 1.522772
{txt}{space 8}80+  {c |}{col 14}{res}{space 2} 1.060421{col 26}{space 2} .2975142{col 37}{space 1}    0.21{col 46}{space 3}0.834{col 54}{space 4}  .611876{col 67}{space 3}  1.83778
{txt}{space 12} {c |}
{space 8}male {c |}{col 14}{res}{space 2} .9250536{col 26}{space 2} .1223423{col 37}{space 1}   -0.59{col 46}{space 3}0.556{col 54}{space 4} .7138252{col 67}{space 3} 1.198787
{txt}{hline 13}{c BT}{hline 11}{hline 11}{hline 9}{hline 8}{hline 13}{hline 12}

         failure _d:  {res}failicu == 1
   {txt}analysis time _t:  {res}(stopicu-origin)/365.25
             {txt}origin:  {res}time enter_date
{txt}  enter on or after:  {res}time enter_date
                 {txt}id:  {res}patient_id

{txt}Cohort{col 12}{c |}{col 15}person-time{col 29}failures{col 45}rate{col 52}[95% Conf. Interval]
{hline 11}{c +}{hline 59}
     total{col 12}{c |}{col 16}{res} 1743.1595{col 29}      33{col 39} .01893114{col 51} .0134587{col 63} .0266288

         {txt}failure _d:  {res}failicu == 1
   {txt}analysis time _t:  {res}(stopicu-origin)/365.25
             {txt}origin:  {res}time enter_date
{txt}  enter on or after:  {res}time enter_date
                 {txt}id:  {res}patient_id

{txt}Cohort{col 12}{c |}{col 15}person-time{col 29}failures{col 45}rate{col 52}[95% Conf. Interval]
{hline 11}{c +}{hline 59}
     total{col 12}{c |}{col 16}{res} 9048.4189{col 29}     196{col 39} .02166124{col 51} .0188314{col 63} .0249163

         {txt}failure _d:  {res}failicu == 1
   {txt}analysis time _t:  {res}(stopicu-origin)/365.25
             {txt}origin:  {res}time enter_date
{txt}  enter on or after:  {res}time enter_date
                 {txt}id:  {res}patient_id

{txt}Iteration 0:   log pseudolikelihood = {res}-107.58009
{txt}Iteration 1:   log pseudolikelihood = {res}-98.909877
{txt}Iteration 2:   log pseudolikelihood = {res}-97.545519
{txt}Iteration 3:   log pseudolikelihood = {res}-97.342748
{txt}Iteration 4:   log pseudolikelihood = {res}-97.271671
{txt}Iteration 5:   log pseudolikelihood = {res}-97.245683
{txt}Iteration 6:   log pseudolikelihood = {res}-97.236144
{txt}Iteration 7:   log pseudolikelihood = {res}-97.232638
{txt}Iteration 8:   log pseudolikelihood = {res}-97.231348
{txt}Iteration 9:   log pseudolikelihood = {res}-97.230874
{txt}Iteration 10:  log pseudolikelihood = {res}-97.230699
{txt}Iteration 11:  log pseudolikelihood = {res}-97.230635
{txt}Iteration 12:  log pseudolikelihood = {res}-97.230611
{txt}Iteration 13:  log pseudolikelihood = {res}-97.230603
{txt}Iteration 14:  log pseudolikelihood = {res}  -97.2306
{txt}Iteration 15:  log pseudolikelihood = {res}-97.230598
{txt}Iteration 16:  log pseudolikelihood = {res}-97.230598
{txt}Iteration 17:  log pseudolikelihood = {res}-97.230598
{txt}Iteration 18:  log pseudolikelihood = {res}-97.230598
{txt}Iteration 19:  log pseudolikelihood = {res}-97.230598
{txt}Iteration 20:  log pseudolikelihood = {res}-97.230598
{txt}Iteration 21:  log pseudolikelihood = {res}-97.230598
{txt}Iteration 22:  log pseudolikelihood = {res}-97.230598
{txt}Iteration 23:  log pseudolikelihood = {res}-97.230598
{txt}Iteration 24:  log pseudolikelihood = {res}-97.230598
{txt}Iteration 25:  log pseudolikelihood = {res}-97.230598
{txt}Iteration 26:  log pseudolikelihood = {res}-97.230598
{txt}Iteration 27:  log pseudolikelihood = {res}-97.230598
{txt}Iteration 28:  log pseudolikelihood = {res}-97.230598
{txt}Iteration 29:  log pseudolikelihood = {res}-97.230598
{txt}Iteration 30:  log pseudolikelihood = {res}-97.230598
{txt}Iteration 31:  log pseudolikelihood = {res}-97.230598
{txt}Iteration 32:  log pseudolikelihood = {res}-97.230598
{txt}Iteration 33:  log pseudolikelihood = {res}-97.230598
{txt}Iteration 34:  log pseudolikelihood = {res}-97.230598
{txt}Iteration 35:  log pseudolikelihood = {res}-97.230598
{txt}Iteration 36:  log pseudolikelihood = {res}-97.230598
{txt}Refining estimates:
Iteration 0:   log pseudolikelihood = {res}-97.230598
{txt}Iteration 1:   log pseudolikelihood = {res}-97.230598
{txt}Iteration 2:   log pseudolikelihood = {res}-97.230598

{txt}Cox regression -- Breslow method for ties

No. of subjects      = {res}         836             {txt}Number of obs    =  {res}       836
{txt}No. of failures      = {res}          16
{txt}Time at risk         = {res} 419.8110883
                                                {txt}Wald chi2({res}22{txt})    =  {res}  21097.11
{txt}Log pseudolikelihood =   {res}-97.230598             {txt}Prob > chi2      =  {res}    0.0000

{txt}{ralign 78:(Std. Err. adjusted for {res:836} clusters in patient_id)}
{hline 13}{c TT}{hline 11}{hline 11}{hline 9}{hline 8}{hline 13}{hline 12}
{col 14}{c |}{col 26}    Robust
{col 1}          _t{col 14}{c |} Haz. Ratio{col 26}   Std. Err.{col 38}      z{col 46}   P>|z|{col 54}     [95% Con{col 67}f. Interval]
{hline 13}{c +}{hline 11}{hline 11}{hline 9}{hline 8}{hline 13}{hline 12}
{space 5}tnfmono {c |}{col 14}{res}{space 2} .3460134{col 26}{space 2} .3619429{col 37}{space 1}   -1.01{col 46}{space 3}0.310{col 54}{space 4} .0445353{col 67}{space 3} 2.688323
{txt}{space 12} {c |}
{space 4}agegroup {c |}
{space 5}40-<50  {c |}{col 14}{res}{space 2} .4951818{col 26}{space 2} .4068514{col 37}{space 1}   -0.86{col 46}{space 3}0.392{col 54}{space 4} .0989465{col 67}{space 3} 2.478158
{txt}{space 5}50-<60  {c |}{col 14}{res}{space 2}   .32843{col 26}{space 2} .3427404{col 37}{space 1}   -1.07{col 46}{space 3}0.286{col 54}{space 4} .0424769{col 67}{space 3} 2.539411
{txt}{space 5}60-<70  {c |}{col 14}{res}{space 2} 1.561642{col 26}{space 2} .9432918{col 37}{space 1}    0.74{col 46}{space 3}0.461{col 54}{space 4} .4779948{col 67}{space 3} 5.101994
{txt}{space 5}70-<80  {c |}{col 14}{res}{space 2} 1.67e-17{col 26}{space 2} 6.47e-18{col 37}{space 1}  -99.94{col 46}{space 3}0.000{col 54}{space 4} 7.85e-18{col 67}{space 3} 3.57e-17
{txt}{space 8}80+  {c |}{col 14}{res}{space 2} 1.60e-17{col 26}{space 2} 7.00e-18{col 37}{space 1}  -88.31{col 46}{space 3}0.000{col 54}{space 4} 6.78e-18{col 67}{space 3} 3.77e-17
{txt}{space 12} {c |}
{space 8}male {c |}{col 14}{res}{space 2} 1.139996{col 26}{space 2} .6267348{col 37}{space 1}    0.24{col 46}{space 3}0.812{col 54}{space 4} .3880957{col 67}{space 3} 3.348635
{txt}{space 12} {c |}
{space 3}ethnicity {c |}
South Asian  {c |}{col 14}{res}{space 2} .5672891{col 26}{space 2} .6293213{col 37}{space 1}   -0.51{col 46}{space 3}0.609{col 54}{space 4} .0644949{col 67}{space 3} 4.989805
{txt}{space 6}Other  {c |}{col 14}{res}{space 2} .4089257{col 26}{space 2} .4751916{col 37}{space 1}   -0.77{col 46}{space 3}0.442{col 54}{space 4} .0419282{col 67}{space 3} 3.988248
{txt}{space 12} {c |}
{space 9}imd {c |}
{space 10}4  {c |}{col 14}{res}{space 2} .8354179{col 26}{space 2} .6407151{col 37}{space 1}   -0.23{col 46}{space 3}0.815{col 54}{space 4} .1858162{col 67}{space 3} 3.755987
{txt}5 most de..  {c |}{col 14}{res}{space 2} 1.675983{col 26}{space 2} 1.335832{col 37}{space 1}    0.65{col 46}{space 3}0.517{col 54}{space 4} .3514182{col 67}{space 3} 7.993092
{txt}{space 12} {c |}
{space 6}bmicat {c |}{col 14}{res}{space 2} 1.202366{col 26}{space 2}   .20888{col 37}{space 1}    1.06{col 46}{space 3}0.289{col 54}{space 4} .8553861{col 67}{space 3} 1.690094
{txt}{space 7}bowel {c |}{col 14}{res}{space 2} 1.730996{col 26}{space 2} .9544163{col 37}{space 1}    1.00{col 46}{space 3}0.320{col 54}{space 4} .5874496{col 67}{space 3} 5.100604
{txt}{space 8}skin {c |}{col 14}{res}{space 2} 1.186838{col 26}{space 2} .6306141{col 37}{space 1}    0.32{col 46}{space 3}0.747{col 54}{space 4} .4189035{col 67}{space 3} 3.362549
{txt}{space 7}joint {c |}{col 14}{res}{space 2} 2.418413{col 26}{space 2} 1.640231{col 37}{space 1}    1.30{col 46}{space 3}0.193{col 54}{space 4} .6400637{col 67}{space 3} 9.137719
{txt}chronic_c~se {c |}{col 14}{res}{space 2} .5535727{col 26}{space 2} .4433151{col 37}{space 1}   -0.74{col 46}{space 3}0.460{col 54}{space 4} .1152155{col 67}{space 3} 2.659736
{txt}{space 6}cancer {c |}{col 14}{res}{space 2} .7895075{col 26}{space 2} .3682987{col 37}{space 1}   -0.51{col 46}{space 3}0.612{col 54}{space 4} .3164301{col 67}{space 3} 1.969857
{txt}{space 6}stroke {c |}{col 14}{res}{space 2} .4994403{col 26}{space 2} .3925156{col 37}{space 1}   -0.88{col 46}{space 3}0.377{col 54}{space 4} .1070323{col 67}{space 3} 2.330516
{txt}{space 12} {c |}
{space 5}diabcat {c |}
Controlle..  {c |}{col 14}{res}{space 2}  .738151{col 26}{space 2} 1.356764{col 37}{space 1}   -0.17{col 46}{space 3}0.869{col 54}{space 4} .0201181{col 67}{space 3} 27.08338
{txt}Uncontrol..  {c |}{col 14}{res}{space 2} 9.98e-18{col 26}{space 2} 1.18e-17{col 37}{space 1}  -33.19{col 46}{space 3}0.000{col 54}{space 4} 9.89e-19{col 67}{space 3} 1.01e-16
{txt}Diabetes,..  {c |}{col 14}{res}{space 2} 1.099037{col 26}{space 2} .5870093{col 37}{space 1}    0.18{col 46}{space 3}0.860{col 54}{space 4} .3858113{col 67}{space 3} 3.130759
{txt}{space 12} {c |}
{space 2}steroidcat {c |}{col 14}{res}{space 2} 2.748221{col 26}{space 2} 1.724738{col 37}{space 1}    1.61{col 46}{space 3}0.107{col 54}{space 4}  .803252{col 67}{space 3} 9.402679
{txt}{hline 13}{c BT}{hline 11}{hline 11}{hline 9}{hline 8}{hline 13}{hline 12}

         failure _d:  {res}failicu == 1
   {txt}analysis time _t:  {res}(stopicu-origin)/365.25
             {txt}origin:  {res}time enter_date
{txt}  enter on or after:  {res}time enter_date
                 {txt}id:  {res}patient_id

{txt}Cohort{col 12}{c |}{col 15}person-time{col 29}failures{col 45}rate{col 52}[95% Conf. Interval]
{hline 11}{c +}{hline 59}
     total{col 12}{c |}{col 16}{res} 1743.1595{col 29}      33{col 39} .01893114{col 51} .0134587{col 63} .0266288

         {txt}failure _d:  {res}failicu == 1
   {txt}analysis time _t:  {res}(stopicu-origin)/365.25
             {txt}origin:  {res}time enter_date
{txt}  enter on or after:  {res}time enter_date
                 {txt}id:  {res}patient_id

{txt}Cohort{col 12}{c |}{col 15}person-time{col 29}failures{col 45}rate{col 52}[95% Conf. Interval]
{hline 11}{c +}{hline 59}
     total{col 12}{c |}{col 16}{res} 9048.4189{col 29}     196{col 39} .02166124{col 51} .0188314{col 63} .0249163

         {txt}failure _d:  {res}failicu == 1
   {txt}analysis time _t:  {res}(stopicu-origin)/365.25
             {txt}origin:  {res}time enter_date
{txt}  enter on or after:  {res}time enter_date
                 {txt}id:  {res}patient_id

{txt}Iteration 0:   log pseudolikelihood = {res}-107.58009
{txt}Iteration 1:   log pseudolikelihood = {res}-98.034819
{txt}Iteration 2:   log pseudolikelihood = {res}-96.646763
{txt}Iteration 3:   log pseudolikelihood = {res}-96.440721
{txt}Iteration 4:   log pseudolikelihood = {res}-96.368472
{txt}Iteration 5:   log pseudolikelihood = {res}-96.342058
{txt}Iteration 6:   log pseudolikelihood = {res}-96.332363
{txt}Iteration 7:   log pseudolikelihood = {res}-96.328799
{txt}Iteration 8:   log pseudolikelihood = {res}-96.327488
{txt}Iteration 9:   log pseudolikelihood = {res}-96.327006
{txt}Iteration 10:  log pseudolikelihood = {res}-96.326829
{txt}Iteration 11:  log pseudolikelihood = {res}-96.326763
{txt}Iteration 12:  log pseudolikelihood = {res}-96.326739
{txt}Iteration 13:  log pseudolikelihood = {res} -96.32673
{txt}Iteration 14:  log pseudolikelihood = {res}-96.326727
{txt}Iteration 15:  log pseudolikelihood = {res}-96.326726
{txt}Iteration 16:  log pseudolikelihood = {res}-96.326726
{txt}Iteration 17:  log pseudolikelihood = {res}-96.326725
{txt}Iteration 18:  log pseudolikelihood = {res}-96.326725
{txt}Iteration 19:  log pseudolikelihood = {res}-96.326725
{txt}Iteration 20:  log pseudolikelihood = {res}-96.326725
{txt}Iteration 21:  log pseudolikelihood = {res}-96.326725
{txt}Iteration 22:  log pseudolikelihood = {res}-96.326725
{txt}Iteration 23:  log pseudolikelihood = {res}-96.326725
{txt}Iteration 24:  log pseudolikelihood = {res}-96.326725
{txt}Iteration 25:  log pseudolikelihood = {res}-96.326725
{txt}Iteration 26:  log pseudolikelihood = {res}-96.326725
{txt}Iteration 27:  log pseudolikelihood = {res}-96.326725
{txt}Iteration 28:  log pseudolikelihood = {res}-96.326725
{txt}Iteration 29:  log pseudolikelihood = {res}-96.326725
{txt}Iteration 30:  log pseudolikelihood = {res}-96.326725
{txt}Iteration 31:  log pseudolikelihood = {res}-96.326725
{txt}Iteration 32:  log pseudolikelihood = {res}-96.326725
{txt}Iteration 33:  log pseudolikelihood = {res}-96.326725
{txt}Iteration 34:  log pseudolikelihood = {res}-96.326725
{txt}Iteration 35:  log pseudolikelihood = {res}-96.326725
{txt}Iteration 36:  log pseudolikelihood = {res}-96.326725
{txt}Iteration 37:  log pseudolikelihood = {res}-96.326725
{txt}Iteration 38:  log pseudolikelihood = {res}-96.326725
{txt}Iteration 39:  log pseudolikelihood = {res}-96.326725
{txt}Iteration 40:  log pseudolikelihood = {res}-96.326725
{txt}Iteration 41:  log pseudolikelihood = {res}-96.326725
{txt}Iteration 42:  log pseudolikelihood = {res}-96.326725
{txt}Iteration 43:  log pseudolikelihood = {res}-96.326725
{txt}Iteration 44:  log pseudolikelihood = {res}-96.326725
{txt}Iteration 45:  log pseudolikelihood = {res}-96.326725
{txt}Refining estimates:
Iteration 0:   log pseudolikelihood = {res}-96.326725

{txt}Cox regression -- Breslow method for ties

No. of subjects      = {res}         836             {txt}Number of obs    =  {res}       836
{txt}No. of failures      = {res}          16
{txt}Time at risk         = {res} 419.8110883
                                                {txt}Wald chi2({res}21{txt})    =  {res}     52.11
{txt}Log pseudolikelihood =   {res}-96.326725             {txt}Prob > chi2      =  {res}    0.0002

{txt}{ralign 78:(Std. Err. adjusted for {res:836} clusters in patient_id)}
{hline 13}{c TT}{hline 11}{hline 11}{hline 9}{hline 8}{hline 13}{hline 12}
{col 14}{c |}{col 26}    Robust
{col 1}          _t{col 14}{c |} Haz. Ratio{col 26}   Std. Err.{col 38}      z{col 46}   P>|z|{col 54}     [95% Con{col 67}f. Interval]
{hline 13}{c +}{hline 11}{hline 11}{hline 9}{hline 8}{hline 13}{hline 12}
{space 5}tnfmono {c |}{col 14}{res}{space 2} .3158981{col 26}{space 2} .3361558{col 37}{space 1}   -1.08{col 46}{space 3}0.279{col 54}{space 4} .0392428{col 67}{space 3} 2.542927
{txt}{space 12} {c |}
{space 4}agegroup {c |}
{space 5}40-<50  {c |}{col 14}{res}{space 2} .4922825{col 26}{space 2} .4128832{col 37}{space 1}   -0.84{col 46}{space 3}0.398{col 54}{space 4} .0951265{col 67}{space 3} 2.547577
{txt}{space 5}50-<60  {c |}{col 14}{res}{space 2}  .343534{col 26}{space 2} .3719365{col 37}{space 1}   -0.99{col 46}{space 3}0.324{col 54}{space 4} .0411522{col 67}{space 3} 2.867783
{txt}{space 5}60-<70  {c |}{col 14}{res}{space 2} 1.533407{col 26}{space 2}  .939504{col 37}{space 1}    0.70{col 46}{space 3}0.485{col 54}{space 4} .4614603{col 67}{space 3} 5.095427
{txt}{space 5}70-<80  {c |}{col 14}{res}{space 2} 1.44e-20{col 26}{space 2}        .{col 37}{space 1}       .{col 46}{space 3}    .{col 54}{space 4}        .{col 67}{space 3}        .
{txt}{space 8}80+  {c |}{col 14}{res}{space 2} 4.00e-20{col 26}{space 2}        .{col 37}{space 1}       .{col 46}{space 3}    .{col 54}{space 4}        .{col 67}{space 3}        .
{txt}{space 12} {c |}
{space 8}male {c |}{col 14}{res}{space 2} 1.149482{col 26}{space 2} .6965218{col 37}{space 1}    0.23{col 46}{space 3}0.818{col 54}{space 4} .3505274{col 67}{space 3} 3.769491
{txt}{space 12} {c |}
{space 3}ethnicity {c |}
South Asian  {c |}{col 14}{res}{space 2} .5747319{col 26}{space 2}  .645063{col 37}{space 1}   -0.49{col 46}{space 3}0.622{col 54}{space 4} .0636943{col 67}{space 3}  5.18597
{txt}{space 6}Other  {c |}{col 14}{res}{space 2} .4056313{col 26}{space 2} .4564234{col 37}{space 1}   -0.80{col 46}{space 3}0.423{col 54}{space 4} .0447038{col 67}{space 3} 3.680597
{txt}{space 12} {c |}
{space 9}imd {c |}
{space 10}4  {c |}{col 14}{res}{space 2} .9011693{col 26}{space 2}   .67793{col 37}{space 1}   -0.14{col 46}{space 3}0.890{col 54}{space 4} .2062842{col 67}{space 3} 3.936831
{txt}5 most de..  {c |}{col 14}{res}{space 2} 1.685389{col 26}{space 2} 1.404641{col 37}{space 1}    0.63{col 46}{space 3}0.531{col 54}{space 4} .3290713{col 67}{space 3} 8.631984
{txt}{space 12} {c |}
{space 6}bmicat {c |}{col 14}{res}{space 2} 1.202657{col 26}{space 2} .2093249{col 37}{space 1}    1.06{col 46}{space 3}0.289{col 54}{space 4} .8550437{col 67}{space 3}  1.69159
{txt}{space 7}bowel {c |}{col 14}{res}{space 2} 1.745325{col 26}{space 2} 1.010294{col 37}{space 1}    0.96{col 46}{space 3}0.336{col 54}{space 4} .5612448{col 67}{space 3} 5.427507
{txt}{space 8}skin {c |}{col 14}{res}{space 2} 1.125727{col 26}{space 2}   .62688{col 37}{space 1}    0.21{col 46}{space 3}0.832{col 54}{space 4} .3779435{col 67}{space 3} 3.353042
{txt}{space 7}joint {c |}{col 14}{res}{space 2} 2.246537{col 26}{space 2} 1.515051{col 37}{space 1}    1.20{col 46}{space 3}0.230{col 54}{space 4} .5990571{col 67}{space 3} 8.424784
{txt}chronic_c~se {c |}{col 14}{res}{space 2} .5038663{col 26}{space 2} .4193016{col 37}{space 1}   -0.82{col 46}{space 3}0.410{col 54}{space 4} .0986217{col 67}{space 3} 2.574295
{txt}{space 6}cancer {c |}{col 14}{res}{space 2} .8220295{col 26}{space 2}   .40375{col 37}{space 1}   -0.40{col 46}{space 3}0.690{col 54}{space 4} .3139129{col 67}{space 3} 2.152611
{txt}{space 6}stroke {c |}{col 14}{res}{space 2} .4721404{col 26}{space 2} .3735239{col 37}{space 1}   -0.95{col 46}{space 3}0.343{col 54}{space 4} .1001523{col 67}{space 3} 2.225775
{txt}{space 12} {c |}
{space 5}diabcat {c |}
Controlle..  {c |}{col 14}{res}{space 2} .9397541{col 26}{space 2}        .{col 37}{space 1}       .{col 46}{space 3}    .{col 54}{space 4}        .{col 67}{space 3}        .
{txt}Uncontrol..  {c |}{col 14}{res}{space 2} 5.29e-19{col 26}{space 2}        .{col 37}{space 1}       .{col 46}{space 3}    .{col 54}{space 4}        .{col 67}{space 3}        .
{txt}Diabetes,..  {c |}{col 14}{res}{space 2} 1.095833{col 26}{space 2} .6234795{col 37}{space 1}    0.16{col 46}{space 3}0.872{col 54}{space 4} .3592932{col 67}{space 3} 3.342256
{txt}{space 12} {c |}
{space 2}steroidcat {c |}{col 14}{res}{space 2} 2.861936{col 26}{space 2}  1.71407{col 37}{space 1}    1.76{col 46}{space 3}0.079{col 54}{space 4} .8848275{col 67}{space 3}  9.25681
{txt}{space 12} {c |}
{space 9}ckd {c |}
{space 8}CKD  {c |}{col 14}{res}{space 2} 1.232848{col 26}{space 2} .6737197{col 37}{space 1}    0.38{col 46}{space 3}0.702{col 54}{space 4} .4224255{col 67}{space 3} 3.598067
{txt}chronic_l~se {c |}{col 14}{res}{space 2} 1.620556{col 26}{space 2} 1.033778{col 37}{space 1}    0.76{col 46}{space 3}0.449{col 54}{space 4} .4641618{col 67}{space 3} 5.657948
{txt}chronic_r~se {c |}{col 14}{res}{space 2} .5067321{col 26}{space 2} .3942261{col 37}{space 1}   -0.87{col 46}{space 3}0.382{col 54}{space 4} .1102968{col 67}{space 3} 2.328058
{txt}{hline 13}{c BT}{hline 11}{hline 11}{hline 9}{hline 8}{hline 13}{hline 12}

         failure _d:  {res}failicu == 1
   {txt}analysis time _t:  {res}(stopicu-origin)/365.25
             {txt}origin:  {res}time enter_date
{txt}  enter on or after:  {res}time enter_date
                 {txt}id:  {res}patient_id

{txt}Cohort{col 12}{c |}{col 15}person-time{col 29}failures{col 45}rate{col 52}[95% Conf. Interval]
{hline 11}{c +}{hline 59}
     total{col 12}{c |}{col 16}{res} 1743.1595{col 29}      33{col 39} .01893114{col 51} .0134587{col 63} .0266288

         {txt}failure _d:  {res}failicu == 1
   {txt}analysis time _t:  {res}(stopicu-origin)/365.25
             {txt}origin:  {res}time enter_date
{txt}  enter on or after:  {res}time enter_date
                 {txt}id:  {res}patient_id

{txt}Cohort{col 12}{c |}{col 15}person-time{col 29}failures{col 45}rate{col 52}[95% Conf. Interval]
{hline 11}{c +}{hline 59}
     total{col 12}{c |}{col 16}{res} 9048.4189{col 29}     196{col 39} .02166124{col 51} .0188314{col 63} .0249163

                {txt}id:  {res}patient_id
     {txt}failure event:  {res}failswab == 1
{txt}obs. time interval:  {res}(stopswab[_n-1], stopswab]
{txt} enter on or after:  {res}time enter_date
{txt} exit on or before:  {res}failure
    {txt}t for analysis:  {res}(time-origin)/365.25
            {txt}origin:  {res}time enter_date

{txt}{hline 78}
{res}     21,464{txt}  total observations
{res}        226{txt}  observations end on or before enter()
{hline 78}
{res}     21,238{txt}  observations remaining, representing
{res}     21,238{txt}  subjects
{res}      1,892{txt}  failures in single-failure-per-subject data
{res} 10,497.979{txt}  total analysis time at risk and under observation
                                                at risk from t = {res}        0
                                     {txt}earliest observed entry t = {res}        0
                                          {txt}last observed exit t = {res} .5037645

         {txt}failure _d:  {res}failswab == 1
   {txt}analysis time _t:  {res}(stopswab-origin)/365.25
             {txt}origin:  {res}time enter_date
{txt}  enter on or after:  {res}time enter_date
                 {txt}id:  {res}patient_id

{txt}Iteration 0:   log pseudolikelihood = {res}-18794.213
{txt}Iteration 1:   log pseudolikelihood = {res}-18793.463
{txt}Iteration 2:   log pseudolikelihood = {res}-18793.462
{txt}Refining estimates:
Iteration 0:   log pseudolikelihood = {res}-18793.462

{txt}Cox regression -- Breslow method for ties

No. of subjects      = {res}      21,238             {txt}Number of obs    =  {res}    21,238
{txt}No. of failures      = {res}       1,892
{txt}Time at risk         = {res} 10497.97947
                                                {txt}Wald chi2({res}1{txt})     =  {res}      1.52
{txt}Log pseudolikelihood =   {res}-18793.462             {txt}Prob > chi2      =  {res}    0.2183

{txt}{ralign 78:(Std. Err. adjusted for {res:21,238} clusters in patient_id)}
{hline 13}{c TT}{hline 11}{hline 11}{hline 9}{hline 8}{hline 13}{hline 12}
{col 14}{c |}{col 26}    Robust
{col 1}          _t{col 14}{c |} Haz. Ratio{col 26}   Std. Err.{col 38}      z{col 46}   P>|z|{col 54}     [95% Con{col 67}f. Interval]
{hline 13}{c +}{hline 11}{hline 11}{hline 9}{hline 8}{hline 13}{hline 12}
{space 5}tnfmono {c |}{col 14}{res}{space 2} .9251367{col 26}{space 2} .0584734{col 37}{space 1}   -1.23{col 46}{space 3}0.218{col 54}{space 4} .8173455{col 67}{space 3} 1.047144
{txt}{hline 13}{c BT}{hline 11}{hline 11}{hline 9}{hline 8}{hline 13}{hline 12}

         failure _d:  {res}failswab == 1
   {txt}analysis time _t:  {res}(stopswab-origin)/365.25
             {txt}origin:  {res}time enter_date
{txt}  enter on or after:  {res}time enter_date
                 {txt}id:  {res}patient_id

{txt}Cohort{col 12}{c |}{col 15}person-time{col 29}failures{col 45}rate{col 52}[95% Conf. Interval]
{hline 11}{c +}{hline 59}
     total{col 12}{c |}{col 16}{res} 1699.2225{col 29}     287{col 39} .16890078{col 51} .1504481{col 63} .1896167

         {txt}failure _d:  {res}failswab == 1
   {txt}analysis time _t:  {res}(stopswab-origin)/365.25
             {txt}origin:  {res}time enter_date
{txt}  enter on or after:  {res}time enter_date
                 {txt}id:  {res}patient_id

{txt}Cohort{col 12}{c |}{col 15}person-time{col 29}failures{col 45}rate{col 52}[95% Conf. Interval]
{hline 11}{c +}{hline 59}
     total{col 12}{c |}{col 16}{res}  8798.757{col 29}    1605{col 39} .18241213{col 51} .1737028{col 63} .1915581

         {txt}failure _d:  {res}failswab == 1
   {txt}analysis time _t:  {res}(stopswab-origin)/365.25
             {txt}origin:  {res}time enter_date
{txt}  enter on or after:  {res}time enter_date
                 {txt}id:  {res}patient_id

{txt}Iteration 0:   log pseudolikelihood = {res}-18794.213
{txt}Iteration 1:   log pseudolikelihood = {res}-18791.218
{txt}Iteration 2:   log pseudolikelihood = {res}-18791.217
{txt}Refining estimates:
Iteration 0:   log pseudolikelihood = {res}-18791.217

{txt}Cox regression -- Breslow method for ties

No. of subjects      = {res}      21,238             {txt}Number of obs    =  {res}    21,238
{txt}No. of failures      = {res}       1,892
{txt}Time at risk         = {res} 10497.97947
                                                {txt}Wald chi2({res}7{txt})     =  {res}      6.09
{txt}Log pseudolikelihood =   {res}-18791.217             {txt}Prob > chi2      =  {res}    0.5293

{txt}{ralign 78:(Std. Err. adjusted for {res:21,238} clusters in patient_id)}
{hline 13}{c TT}{hline 11}{hline 11}{hline 9}{hline 8}{hline 13}{hline 12}
{col 14}{c |}{col 26}    Robust
{col 1}          _t{col 14}{c |} Haz. Ratio{col 26}   Std. Err.{col 38}      z{col 46}   P>|z|{col 54}     [95% Con{col 67}f. Interval]
{hline 13}{c +}{hline 11}{hline 11}{hline 9}{hline 8}{hline 13}{hline 12}
{space 5}tnfmono {c |}{col 14}{res}{space 2} .9254782{col 26}{space 2} .0585098{col 37}{space 1}   -1.22{col 46}{space 3}0.221{col 54}{space 4} .8176213{col 67}{space 3} 1.047563
{txt}{space 12} {c |}
{space 4}agegroup {c |}
{space 5}40-<50  {c |}{col 14}{res}{space 2} 1.005862{col 26}{space 2}   .06716{col 37}{space 1}    0.09{col 46}{space 3}0.930{col 54}{space 4} .8824797{col 67}{space 3} 1.146494
{txt}{space 5}50-<60  {c |}{col 14}{res}{space 2} .9850279{col 26}{space 2} .0660198{col 37}{space 1}   -0.23{col 46}{space 3}0.822{col 54}{space 4} .8637701{col 67}{space 3} 1.123308
{txt}{space 5}60-<70  {c |}{col 14}{res}{space 2} 1.052533{col 26}{space 2} .0756862{col 37}{space 1}    0.71{col 46}{space 3}0.476{col 54}{space 4} .9141704{col 67}{space 3} 1.211838
{txt}{space 5}70-<80  {c |}{col 14}{res}{space 2} .9907848{col 26}{space 2} .0800193{col 37}{space 1}   -0.11{col 46}{space 3}0.909{col 54}{space 4}  .845733{col 67}{space 3} 1.160714
{txt}{space 8}80+  {c |}{col 14}{res}{space 2} 1.075306{col 26}{space 2} .1021794{col 37}{space 1}    0.76{col 46}{space 3}0.445{col 54}{space 4} .8925819{col 67}{space 3} 1.295437
{txt}{space 12} {c |}
{space 8}male {c |}{col 14}{res}{space 2} .9202384{col 26}{space 2} .0417607{col 37}{space 1}   -1.83{col 46}{space 3}0.067{col 54}{space 4} .8419234{col 67}{space 3} 1.005838
{txt}{hline 13}{c BT}{hline 11}{hline 11}{hline 9}{hline 8}{hline 13}{hline 12}

         failure _d:  {res}failswab == 1
   {txt}analysis time _t:  {res}(stopswab-origin)/365.25
             {txt}origin:  {res}time enter_date
{txt}  enter on or after:  {res}time enter_date
                 {txt}id:  {res}patient_id

{txt}Cohort{col 12}{c |}{col 15}person-time{col 29}failures{col 45}rate{col 52}[95% Conf. Interval]
{hline 11}{c +}{hline 59}
     total{col 12}{c |}{col 16}{res} 1699.2225{col 29}     287{col 39} .16890078{col 51} .1504481{col 63} .1896167

         {txt}failure _d:  {res}failswab == 1
   {txt}analysis time _t:  {res}(stopswab-origin)/365.25
             {txt}origin:  {res}time enter_date
{txt}  enter on or after:  {res}time enter_date
                 {txt}id:  {res}patient_id

{txt}Cohort{col 12}{c |}{col 15}person-time{col 29}failures{col 45}rate{col 52}[95% Conf. Interval]
{hline 11}{c +}{hline 59}
     total{col 12}{c |}{col 16}{res}  8798.757{col 29}    1605{col 39} .18241213{col 51} .1737028{col 63} .1915581

         {txt}failure _d:  {res}failswab == 1
   {txt}analysis time _t:  {res}(stopswab-origin)/365.25
             {txt}origin:  {res}time enter_date
{txt}  enter on or after:  {res}time enter_date
                 {txt}id:  {res}patient_id

{txt}Iteration 0:   log pseudolikelihood = {res}-521.57091
{txt}Iteration 1:   log pseudolikelihood = {res}-515.38701
{txt}Iteration 2:   log pseudolikelihood = {res}-512.35112
{txt}Iteration 3:   log pseudolikelihood = {res}-512.20801
{txt}Iteration 4:   log pseudolikelihood = {res}-512.20018
{txt}Iteration 5:   log pseudolikelihood = {res}-512.19848
{txt}Iteration 6:   log pseudolikelihood = {res}-512.19786
{txt}Iteration 7:   log pseudolikelihood = {res}-512.19763
{txt}Iteration 8:   log pseudolikelihood = {res}-512.19755
{txt}Iteration 9:   log pseudolikelihood = {res}-512.19752
{txt}Iteration 10:  log pseudolikelihood = {res}-512.19751
{txt}Iteration 11:  log pseudolikelihood = {res} -512.1975
{txt}Iteration 12:  log pseudolikelihood = {res} -512.1975
{txt}Iteration 13:  log pseudolikelihood = {res} -512.1975
{txt}Iteration 14:  log pseudolikelihood = {res} -512.1975
{txt}Iteration 15:  log pseudolikelihood = {res} -512.1975
{txt}Iteration 16:  log pseudolikelihood = {res} -512.1975
{txt}Iteration 17:  log pseudolikelihood = {res} -512.1975
{txt}Iteration 18:  log pseudolikelihood = {res} -512.1975
{txt}Iteration 19:  log pseudolikelihood = {res} -512.1975
{txt}Iteration 20:  log pseudolikelihood = {res} -512.1975
{txt}Iteration 21:  log pseudolikelihood = {res} -512.1975
{txt}Iteration 22:  log pseudolikelihood = {res} -512.1975
{txt}Iteration 23:  log pseudolikelihood = {res} -512.1975
{txt}Iteration 24:  log pseudolikelihood = {res} -512.1975
{txt}Iteration 25:  log pseudolikelihood = {res} -512.1975
{txt}Iteration 26:  log pseudolikelihood = {res} -512.1975
{txt}Iteration 27:  log pseudolikelihood = {res} -512.1975
{txt}Iteration 28:  log pseudolikelihood = {res} -512.1975
{txt}Iteration 29:  log pseudolikelihood = {res} -512.1975
{txt}Refining estimates:
Iteration 0:   log pseudolikelihood = {res} -512.1975
{txt}Iteration 1:   log pseudolikelihood = {res} -512.1975
{txt}Iteration 2:   log pseudolikelihood = {res} -512.1975

{txt}Cox regression -- Breslow method for ties

No. of subjects      = {res}         827             {txt}Number of obs    =  {res}       827
{txt}No. of failures      = {res}          78
{txt}Time at risk         = {res} 409.0677618
                                                {txt}Wald chi2({res}22{txt})    =  {res}    954.58
{txt}Log pseudolikelihood =   {res} -512.1975             {txt}Prob > chi2      =  {res}    0.0000

{txt}{ralign 78:(Std. Err. adjusted for {res:827} clusters in patient_id)}
{hline 13}{c TT}{hline 11}{hline 11}{hline 9}{hline 8}{hline 13}{hline 12}
{col 14}{c |}{col 26}    Robust
{col 1}          _t{col 14}{c |} Haz. Ratio{col 26}   Std. Err.{col 38}      z{col 46}   P>|z|{col 54}     [95% Con{col 67}f. Interval]
{hline 13}{c +}{hline 11}{hline 11}{hline 9}{hline 8}{hline 13}{hline 12}
{space 5}tnfmono {c |}{col 14}{res}{space 2} .8279359{col 26}{space 2} .2888414{col 37}{space 1}   -0.54{col 46}{space 3}0.588{col 54}{space 4} .4178676{col 67}{space 3} 1.640419
{txt}{space 12} {c |}
{space 4}agegroup {c |}
{space 5}40-<50  {c |}{col 14}{res}{space 2} 1.072513{col 26}{space 2} .3470743{col 37}{space 1}    0.22{col 46}{space 3}0.829{col 54}{space 4} .5687833{col 67}{space 3} 2.022361
{txt}{space 5}50-<60  {c |}{col 14}{res}{space 2} 1.568276{col 26}{space 2} .5044058{col 37}{space 1}    1.40{col 46}{space 3}0.162{col 54}{space 4} .8349296{col 67}{space 3} 2.945745
{txt}{space 5}60-<70  {c |}{col 14}{res}{space 2} .8696079{col 26}{space 2} .3167626{col 37}{space 1}   -0.38{col 46}{space 3}0.701{col 54}{space 4} .4258587{col 67}{space 3} 1.775748
{txt}{space 5}70-<80  {c |}{col 14}{res}{space 2} .6950345{col 26}{space 2} .2995134{col 37}{space 1}   -0.84{col 46}{space 3}0.399{col 54}{space 4} .2986727{col 67}{space 3} 1.617399
{txt}{space 8}80+  {c |}{col 14}{res}{space 2} .7962997{col 26}{space 2} .4201821{col 37}{space 1}   -0.43{col 46}{space 3}0.666{col 54}{space 4}   .28309{col 67}{space 3}   2.2399
{txt}{space 12} {c |}
{space 8}male {c |}{col 14}{res}{space 2} 1.241229{col 26}{space 2} .2816032{col 37}{space 1}    0.95{col 46}{space 3}0.341{col 54}{space 4} .7956753{col 67}{space 3} 1.936278
{txt}{space 12} {c |}
{space 3}ethnicity {c |}
South Asian  {c |}{col 14}{res}{space 2} .5992795{col 26}{space 2} .2596915{col 37}{space 1}   -1.18{col 46}{space 3}0.237{col 54}{space 4} .2563127{col 67}{space 3} 1.401163
{txt}{space 6}Other  {c |}{col 14}{res}{space 2} .3950305{col 26}{space 2} .2284785{col 37}{space 1}   -1.61{col 46}{space 3}0.108{col 54}{space 4} .1271484{col 67}{space 3} 1.227299
{txt}{space 12} {c |}
{space 9}imd {c |}
{space 10}4  {c |}{col 14}{res}{space 2} .8967336{col 26}{space 2} .2567457{col 37}{space 1}   -0.38{col 46}{space 3}0.703{col 54}{space 4} .5116277{col 67}{space 3} 1.571711
{txt}5 most de..  {c |}{col 14}{res}{space 2} .9214063{col 26}{space 2} .4090091{col 37}{space 1}   -0.18{col 46}{space 3}0.854{col 54}{space 4} .3860163{col 67}{space 3} 2.199362
{txt}{space 12} {c |}
{space 6}bmicat {c |}{col 14}{res}{space 2} 1.046308{col 26}{space 2} .0798641{col 37}{space 1}    0.59{col 46}{space 3}0.553{col 54}{space 4} .9009235{col 67}{space 3} 1.215154
{txt}{space 7}bowel {c |}{col 14}{res}{space 2} 1.243373{col 26}{space 2}  .322651{col 37}{space 1}    0.84{col 46}{space 3}0.401{col 54}{space 4} .7476827{col 67}{space 3} 2.067689
{txt}{space 8}skin {c |}{col 14}{res}{space 2} .9837128{col 26}{space 2} .2408892{col 37}{space 1}   -0.07{col 46}{space 3}0.947{col 54}{space 4} .6087349{col 67}{space 3} 1.589675
{txt}{space 7}joint {c |}{col 14}{res}{space 2} .7401524{col 26}{space 2} .1744464{col 37}{space 1}   -1.28{col 46}{space 3}0.202{col 54}{space 4} .4663388{col 67}{space 3} 1.174737
{txt}chronic_c~se {c |}{col 14}{res}{space 2} .9652958{col 26}{space 2} .2760393{col 37}{space 1}   -0.12{col 46}{space 3}0.902{col 54}{space 4} .5511222{col 67}{space 3} 1.690725
{txt}{space 6}cancer {c |}{col 14}{res}{space 2} .8355716{col 26}{space 2} .1862936{col 37}{space 1}   -0.81{col 46}{space 3}0.420{col 54}{space 4} .5397657{col 67}{space 3} 1.293487
{txt}{space 6}stroke {c |}{col 14}{res}{space 2} .9119668{col 26}{space 2} .2670881{col 37}{space 1}   -0.31{col 46}{space 3}0.753{col 54}{space 4} .5136736{col 67}{space 3} 1.619089
{txt}{space 12} {c |}
{space 5}diabcat {c |}
Controlle..  {c |}{col 14}{res}{space 2} 1.55e-13{col 26}{space 2} 1.98e-13{col 37}{space 1}  -23.13{col 46}{space 3}0.000{col 54}{space 4} 1.27e-14{col 67}{space 3} 1.89e-12
{txt}Uncontrol..  {c |}{col 14}{res}{space 2}  12.7496{col 26}{space 2} 12.29089{col 37}{space 1}    2.64{col 46}{space 3}0.008{col 54}{space 4} 1.927167{col 67}{space 3} 84.34774
{txt}Diabetes,..  {c |}{col 14}{res}{space 2}  .988355{col 26}{space 2} .2782325{col 37}{space 1}   -0.04{col 46}{space 3}0.967{col 54}{space 4} .5692338{col 67}{space 3} 1.716071
{txt}{space 12} {c |}
{space 2}steroidcat {c |}{col 14}{res}{space 2} 1.426368{col 26}{space 2} .4573373{col 37}{space 1}    1.11{col 46}{space 3}0.268{col 54}{space 4} .7608701{col 67}{space 3} 2.673948
{txt}{hline 13}{c BT}{hline 11}{hline 11}{hline 9}{hline 8}{hline 13}{hline 12}

         failure _d:  {res}failswab == 1
   {txt}analysis time _t:  {res}(stopswab-origin)/365.25
             {txt}origin:  {res}time enter_date
{txt}  enter on or after:  {res}time enter_date
                 {txt}id:  {res}patient_id

{txt}Cohort{col 12}{c |}{col 15}person-time{col 29}failures{col 45}rate{col 52}[95% Conf. Interval]
{hline 11}{c +}{hline 59}
     total{col 12}{c |}{col 16}{res} 1699.2225{col 29}     287{col 39} .16890078{col 51} .1504481{col 63} .1896167

         {txt}failure _d:  {res}failswab == 1
   {txt}analysis time _t:  {res}(stopswab-origin)/365.25
             {txt}origin:  {res}time enter_date
{txt}  enter on or after:  {res}time enter_date
                 {txt}id:  {res}patient_id

{txt}Cohort{col 12}{c |}{col 15}person-time{col 29}failures{col 45}rate{col 52}[95% Conf. Interval]
{hline 11}{c +}{hline 59}
     total{col 12}{c |}{col 16}{res}  8798.757{col 29}    1605{col 39} .18241213{col 51} .1737028{col 63} .1915581

         {txt}failure _d:  {res}failswab == 1
   {txt}analysis time _t:  {res}(stopswab-origin)/365.25
             {txt}origin:  {res}time enter_date
{txt}  enter on or after:  {res}time enter_date
                 {txt}id:  {res}patient_id

{txt}Iteration 0:   log pseudolikelihood = {res}-521.57091
{txt}Iteration 1:   log pseudolikelihood = {res}-513.76145
{txt}Iteration 2:   log pseudolikelihood = {res}-510.29458
{txt}Iteration 3:   log pseudolikelihood = {res}-510.14121
{txt}Iteration 4:   log pseudolikelihood = {res}-510.13309
{txt}Iteration 5:   log pseudolikelihood = {res}-510.13142
{txt}Iteration 6:   log pseudolikelihood = {res}-510.13081
{txt}Iteration 7:   log pseudolikelihood = {res}-510.13058
{txt}Iteration 8:   log pseudolikelihood = {res} -510.1305
{txt}Iteration 9:   log pseudolikelihood = {res}-510.13047
{txt}Iteration 10:  log pseudolikelihood = {res}-510.13046
{txt}Iteration 11:  log pseudolikelihood = {res}-510.13045
{txt}Iteration 12:  log pseudolikelihood = {res}-510.13045
{txt}Iteration 13:  log pseudolikelihood = {res}-510.13045
{txt}Iteration 14:  log pseudolikelihood = {res}-510.13045
{txt}Iteration 15:  log pseudolikelihood = {res}-510.13045
{txt}Iteration 16:  log pseudolikelihood = {res}-510.13045
{txt}Iteration 17:  log pseudolikelihood = {res}-510.13045
{txt}Iteration 18:  log pseudolikelihood = {res}-510.13045
{txt}Iteration 19:  log pseudolikelihood = {res}-510.13045
{txt}Iteration 20:  log pseudolikelihood = {res}-510.13045
{txt}Iteration 21:  log pseudolikelihood = {res}-510.13045
{txt}Iteration 22:  log pseudolikelihood = {res}-510.13045
{txt}Iteration 23:  log pseudolikelihood = {res}-510.13045
{txt}Iteration 24:  log pseudolikelihood = {res}-510.13045
{txt}Iteration 25:  log pseudolikelihood = {res}-510.13045
{txt}Iteration 26:  log pseudolikelihood = {res}-510.13045
{txt}Iteration 27:  log pseudolikelihood = {res}-510.13045
{txt}Iteration 28:  log pseudolikelihood = {res}-510.13045
{txt}Iteration 29:  log pseudolikelihood = {res}-510.13045
{txt}Iteration 30:  log pseudolikelihood = {res}-510.13045
{txt}Iteration 31:  log pseudolikelihood = {res}-510.13045
{txt}Iteration 32:  log pseudolikelihood = {res}-510.13045
{txt}Iteration 33:  log pseudolikelihood = {res}-510.13045
{txt}Refining estimates:
Iteration 0:   log pseudolikelihood = {res}-510.13045
{txt}Iteration 1:   log pseudolikelihood = {res}-510.13045
{txt}Iteration 2:   log pseudolikelihood = {res}-510.13045

{txt}Cox regression -- Breslow method for ties

No. of subjects      = {res}         827             {txt}Number of obs    =  {res}       827
{txt}No. of failures      = {res}          78
{txt}Time at risk         = {res} 409.0677618
                                                {txt}Wald chi2({res}25{txt})    =  {res}   1228.49
{txt}Log pseudolikelihood =   {res}-510.13045             {txt}Prob > chi2      =  {res}    0.0000

{txt}{ralign 78:(Std. Err. adjusted for {res:827} clusters in patient_id)}
{hline 13}{c TT}{hline 11}{hline 11}{hline 9}{hline 8}{hline 13}{hline 12}
{col 14}{c |}{col 26}    Robust
{col 1}          _t{col 14}{c |} Haz. Ratio{col 26}   Std. Err.{col 38}      z{col 46}   P>|z|{col 54}     [95% Con{col 67}f. Interval]
{hline 13}{c +}{hline 11}{hline 11}{hline 9}{hline 8}{hline 13}{hline 12}
{space 5}tnfmono {c |}{col 14}{res}{space 2} .8292166{col 26}{space 2} .2929459{col 37}{space 1}   -0.53{col 46}{space 3}0.596{col 54}{space 4} .4149113{col 67}{space 3} 1.657222
{txt}{space 12} {c |}
{space 4}agegroup {c |}
{space 5}40-<50  {c |}{col 14}{res}{space 2} 1.062009{col 26}{space 2} .3478636{col 37}{space 1}    0.18{col 46}{space 3}0.854{col 54}{space 4} .5588756{col 67}{space 3} 2.018094
{txt}{space 5}50-<60  {c |}{col 14}{res}{space 2} 1.602039{col 26}{space 2} .5243011{col 37}{space 1}    1.44{col 46}{space 3}0.150{col 54}{space 4} .8435276{col 67}{space 3} 3.042613
{txt}{space 5}60-<70  {c |}{col 14}{res}{space 2} .8689476{col 26}{space 2} .3216773{col 37}{space 1}   -0.38{col 46}{space 3}0.704{col 54}{space 4} .4206159{col 67}{space 3} 1.795153
{txt}{space 5}70-<80  {c |}{col 14}{res}{space 2} .7270425{col 26}{space 2} .3099039{col 37}{space 1}   -0.75{col 46}{space 3}0.455{col 54}{space 4} .3153064{col 67}{space 3} 1.676436
{txt}{space 8}80+  {c |}{col 14}{res}{space 2} .8250977{col 26}{space 2} .4318071{col 37}{space 1}   -0.37{col 46}{space 3}0.713{col 54}{space 4} .2958265{col 67}{space 3} 2.301302
{txt}{space 12} {c |}
{space 8}male {c |}{col 14}{res}{space 2} 1.177222{col 26}{space 2} .2788285{col 37}{space 1}    0.69{col 46}{space 3}0.491{col 54}{space 4} .7400293{col 67}{space 3} 1.872699
{txt}{space 12} {c |}
{space 3}ethnicity {c |}
South Asian  {c |}{col 14}{res}{space 2}  .614872{col 26}{space 2} .2632203{col 37}{space 1}   -1.14{col 46}{space 3}0.256{col 54}{space 4} .2657016{col 67}{space 3} 1.422903
{txt}{space 6}Other  {c |}{col 14}{res}{space 2} .4132756{col 26}{space 2} .2337984{col 37}{space 1}   -1.56{col 46}{space 3}0.118{col 54}{space 4} .1363634{col 67}{space 3} 1.252511
{txt}{space 12} {c |}
{space 9}imd {c |}
{space 10}4  {c |}{col 14}{res}{space 2} .8650947{col 26}{space 2} .2517899{col 37}{space 1}   -0.50{col 46}{space 3}0.619{col 54}{space 4} .4890096{col 67}{space 3} 1.530417
{txt}5 most de..  {c |}{col 14}{res}{space 2} .8922461{col 26}{space 2} .4037426{col 37}{space 1}   -0.25{col 46}{space 3}0.801{col 54}{space 4} .3675486{col 67}{space 3}  2.16598
{txt}{space 12} {c |}
{space 6}bmicat {c |}{col 14}{res}{space 2} 1.039875{col 26}{space 2} .0789018{col 37}{space 1}    0.52{col 46}{space 3}0.606{col 54}{space 4} .8961801{col 67}{space 3} 1.206611
{txt}{space 7}bowel {c |}{col 14}{res}{space 2} 1.290828{col 26}{space 2} .3399646{col 37}{space 1}    0.97{col 46}{space 3}0.332{col 54}{space 4} .7703499{col 67}{space 3} 2.162962
{txt}{space 8}skin {c |}{col 14}{res}{space 2}  1.00207{col 26}{space 2} .2438138{col 37}{space 1}    0.01{col 46}{space 3}0.993{col 54}{space 4} .6220029{col 67}{space 3} 1.614374
{txt}{space 7}joint {c |}{col 14}{res}{space 2} .7512576{col 26}{space 2} .1792141{col 37}{space 1}   -1.20{col 46}{space 3}0.231{col 54}{space 4} .4706878{col 67}{space 3} 1.199071
{txt}chronic_c~se {c |}{col 14}{res}{space 2} .9719853{col 26}{space 2}  .276353{col 37}{space 1}   -0.10{col 46}{space 3}0.920{col 54}{space 4} .5567339{col 67}{space 3}  1.69696
{txt}{space 6}cancer {c |}{col 14}{res}{space 2} .8613108{col 26}{space 2} .1946042{col 37}{space 1}   -0.66{col 46}{space 3}0.509{col 54}{space 4}  .553146{col 67}{space 3} 1.341158
{txt}{space 6}stroke {c |}{col 14}{res}{space 2} .9289183{col 26}{space 2} .2732259{col 37}{space 1}   -0.25{col 46}{space 3}0.802{col 54}{space 4} .5219281{col 67}{space 3} 1.653272
{txt}{space 12} {c |}
{space 5}diabcat {c |}
Controlle..  {c |}{col 14}{res}{space 2} 2.18e-15{col 26}{space 2} 2.80e-15{col 37}{space 1}  -26.29{col 46}{space 3}0.000{col 54}{space 4} 1.76e-16{col 67}{space 3} 2.70e-14
{txt}Uncontrol..  {c |}{col 14}{res}{space 2} 12.35153{col 26}{space 2} 10.23705{col 37}{space 1}    3.03{col 46}{space 3}0.002{col 54}{space 4} 2.433538{col 67}{space 3} 62.69078
{txt}Diabetes,..  {c |}{col 14}{res}{space 2} 1.019335{col 26}{space 2}   .29054{col 37}{space 1}    0.07{col 46}{space 3}0.946{col 54}{space 4} .5830422{col 67}{space 3} 1.782108
{txt}{space 12} {c |}
{space 2}steroidcat {c |}{col 14}{res}{space 2} 1.479228{col 26}{space 2} .4665562{col 37}{space 1}    1.24{col 46}{space 3}0.214{col 54}{space 4}   .79719{col 67}{space 3} 2.744786
{txt}{space 12} {c |}
{space 9}ckd {c |}
{space 8}CKD  {c |}{col 14}{res}{space 2} .6275374{col 26}{space 2}  .147359{col 37}{space 1}   -1.98{col 46}{space 3}0.047{col 54}{space 4} .3960587{col 67}{space 3}  .994305
{txt}chronic_l~se {c |}{col 14}{res}{space 2} 1.074313{col 26}{space 2} .2863061{col 37}{space 1}    0.27{col 46}{space 3}0.788{col 54}{space 4} .6372121{col 67}{space 3} 1.811246
{txt}chronic_r~se {c |}{col 14}{res}{space 2} .9540566{col 26}{space 2} .2854434{col 37}{space 1}   -0.16{col 46}{space 3}0.875{col 54}{space 4}  .530767{col 67}{space 3} 1.714922
{txt}{hline 13}{c BT}{hline 11}{hline 11}{hline 9}{hline 8}{hline 13}{hline 12}

         failure _d:  {res}failswab == 1
   {txt}analysis time _t:  {res}(stopswab-origin)/365.25
             {txt}origin:  {res}time enter_date
{txt}  enter on or after:  {res}time enter_date
                 {txt}id:  {res}patient_id

{txt}Cohort{col 12}{c |}{col 15}person-time{col 29}failures{col 45}rate{col 52}[95% Conf. Interval]
{hline 11}{c +}{hline 59}
     total{col 12}{c |}{col 16}{res} 1699.2225{col 29}     287{col 39} .16890078{col 51} .1504481{col 63} .1896167

         {txt}failure _d:  {res}failswab == 1
   {txt}analysis time _t:  {res}(stopswab-origin)/365.25
             {txt}origin:  {res}time enter_date
{txt}  enter on or after:  {res}time enter_date
                 {txt}id:  {res}patient_id

{txt}Cohort{col 12}{c |}{col 15}person-time{col 29}failures{col 45}rate{col 52}[95% Conf. Interval]
{hline 11}{c +}{hline 59}
     total{col 12}{c |}{col 16}{res}  8798.757{col 29}    1605{col 39} .18241213{col 51} .1737028{col 63} .1915581
{txt}
{com}. 
. postclose `coxoutput'
{txt}
{com}. 
. 
. 
. 
. log close
      {txt}name:  {res}<unnamed>
       {txt}log:  {res}/workspace/logs/cox_models_tnfmono.smcl
  {txt}log type:  {res}smcl
 {txt}closed on:  {res} 8 Apr 2021, 12:10:34
{txt}{.-}
{smcl}
{txt}{sf}{ul off}