{smcl}
{txt}{sf}{ul off}{.-}
      name:  {res}<unnamed>
       {txt}log:  {res}/workspace/logs/cox_models_imid.smcl
  {txt}log type:  {res}smcl
 {txt}opened on:  {res}22 Apr 2021, 13:36:30
{txt}
{com}. 
. * Set Ado file path
. adopath + "$projectdir/analysis/extra_ados"
{txt}  [1]  (BASE)      "{res}/usr/local/stata/ado/base/{txt}"
  [2]  (SITE)      "{res}/usr/local/ado/{txt}"
  [3]              "{res}.{txt}"
  [4]  (PERSONAL)  "{res}~/ado/personal/{txt}"
  [5]  (PLUS)      "{res}~/ado/plus/{txt}"
  [6]  (OLDPLACE)  "{res}~/ado/{txt}"
  [7]              "{res}/workspace/analysis/extra_ados{txt}"

{com}. 
. 
. /* SET Index date ===========================================================*/
. global indexdate                        = "01/03/2020"
{txt}
{com}. 
. global crude
{txt}
{com}. 
. global agesex i.agegroup male
{txt}
{com}. 
. global adjusted_main i.agegroup male i.ethnicity i.imd bmicat bowel skin joint chronic_cardiac_disease cancer stroke i. steroidcat 
{txt}
{com}. 
. global adjusted_extra i.agegroup male i.ethnicity i.imd bmicat bowel skin joint chronic_cardiac_disease cancer stroke i.diabcat steroidcat i.ckd chronic_liver_disease chronic_respiratory_disease
{txt}
{com}. 
. 
. tempname coxoutput
{txt}
{com}.         postfile `coxoutput' str20(cohort) str20(model) str20(failure) ///
>                 ptime_exposed events_exposed rate_exposed /// 
>                 ptime_comparator events_comparator rate_comparator hr lc uc ///
>                 using $projectdir/output/data/cox_model_summary_$files, replace                                         
{txt}(note: file /workspace/output/data/cox_model_summary_imid.dta not found)

{com}. 
. use $projectdir/output/data/file_$files, replace
{txt}
{com}. 
. 
. *generate censor date
. gen diecensor = mdy(09,01,2020)
{txt}
{com}. format diecensor %td
{txt}
{com}.         
. egen stopdied = rmin(died_ons_date diecensor)
{txt}
{com}. egen stophospital = rmin(hosp_admit_date_covid diecensor)
{txt}
{com}. egen stopicuordeath = rmin(icu_or_death_covid_date diecensor)
{txt}
{com}. egen stophospital_sens = rmin(hosp_admit_date_covid_sens diecensor)
{txt}
{com}. egen stopicu_sens = rmin(icu_admit_date_covid_sens diecensor)
{txt}
{com}. 
. gen faildied = died_ons_covid_flag_any
{txt}
{com}. gen failhospital = hosp_admit_covid
{txt}(39,338 missing values generated)

{com}. gen failicuordeath = icu_or_death_covid
{txt}(39,021 missing values generated)

{com}. gen failhospital_sens = hosp_admit_covid_sens
{txt}(38,740 missing values generated)

{com}. gen failicu_sens = icu_covid_sens
{txt}(39,421 missing values generated)

{com}.         
. gen exitdied = died_ons_covid_flag_any
{txt}
{com}. gen exithospital = hosp_admit_covid
{txt}(39,338 missing values generated)

{com}. gen exiticuordeath = icu_or_death_covid  
{txt}(39,021 missing values generated)

{com}. gen exithospital_sens = hosp_admit_covid_sens
{txt}(38,740 missing values generated)

{com}. gen exiticu_sens = icu_covid_sens
{txt}(39,421 missing values generated)

{com}. 
. foreach fail in died hospital icuordeath hospital_sens icu_sens {c -(}
{txt}  2{com}. 
.         stset stop`fail', id(patient_id) failure(fail`fail'==1) origin(time enter_date)  enter(time enter_date) scale(365.25) 
{txt}  3{com}.                                                 
.         foreach model in crude agesex adjusted_main adjusted_extra {c -(}
{txt}  4{com}.                                 
.                 stcox $files $`model', vce(robust)
{txt}  5{com}.                                         matrix b = r(table)
{txt}  6{com}.                                         local hr = b[1,1]
{txt}  7{com}.                                         local lc = b[5,1]
{txt}  8{com}.                                         local uc = b[6,1]
{txt}  9{com}. 
.                 stptime if $files == 1
{txt} 10{com}.                                         local rate_exposed = `r(rate)'
{txt} 11{com}.                                         local ptime_exposed = `r(ptime)'
{txt} 12{com}.                                         local events_exposed .
{txt} 13{com}.                                                 if `r(failures)' == 0 | `r(failures)' > 5 local events_exposed `r(failures)'
{txt} 14{com}.                                                 
.                 stptime if $files == 0
{txt} 15{com}.                                         local rate_comparator = `r(rate)'
{txt} 16{com}.                                         local ptime_comparator = `r(ptime)'
{txt} 17{com}.                                         local events_comparator .
{txt} 18{com}.                                         if `r(failures)' == 0 | `r(failures)' > 5 local events_comparator `r(failures)'
{txt} 19{com}. 
.                 post `coxoutput' ("$files") ("`model'") ("`fail'") (`ptime_exposed') (`events_exposed') (`rate_exposed') ///
>                                         (`ptime_comparator') (`events_comparator') (`rate_comparator') ///
>                                         (`hr') (`lc') (`uc')    
{txt} 20{com}.         {c )-}
{txt} 21{com}. {c )-}

                {txt}id:  {res}patient_id
     {txt}failure event:  {res}faildied == 1
{txt}obs. time interval:  {res}(stopdied[_n-1], stopdied]
{txt} enter on or after:  {res}time enter_date
{txt} exit on or before:  {res}failure
    {txt}t for analysis:  {res}(time-origin)/365.25
            {txt}origin:  {res}time enter_date

{txt}{hline 78}
{res}     39,427{txt}  total observations
{res}          0{txt}  exclusions
{hline 78}
{res}     39,427{txt}  observations remaining, representing
{res}     39,427{txt}  subjects
{res}      3,918{txt}  failures in single-failure-per-subject data
{res} 19,490.461{txt}  total analysis time at risk and under observation
                                                at risk from t = {res}        0
                                     {txt}earliest observed entry t = {res}        0
                                          {txt}last observed exit t = {res} .5037645

         {txt}failure _d:  {res}faildied == 1
   {txt}analysis time _t:  {res}(stopdied-origin)/365.25
             {txt}origin:  {res}time enter_date
{txt}  enter on or after:  {res}time enter_date
                 {txt}id:  {res}patient_id

{txt}Iteration 0:   log pseudolikelihood = {res} -41301.61
{txt}Iteration 1:   log pseudolikelihood = {res} -41301.25
{txt}Iteration 2:   log pseudolikelihood = {res} -41301.25
{txt}Refining estimates:
Iteration 0:   log pseudolikelihood = {res} -41301.25

{txt}Cox regression -- Breslow method for ties

No. of subjects      = {res}      39,427             {txt}Number of obs    =  {res}    39,427
{txt}No. of failures      = {res}       3,918
{txt}Time at risk         = {res} 19490.46133
                                                {txt}Wald chi2({res}1{txt})     =  {res}      0.80
{txt}Log pseudolikelihood =   {res} -41301.25             {txt}Prob > chi2      =  {res}    0.3701

{txt}{ralign 78:(Std. Err. adjusted for {res:39,427} clusters in patient_id)}
{hline 13}{c TT}{hline 11}{hline 11}{hline 9}{hline 8}{hline 13}{hline 12}
{col 14}{c |}{col 26}    Robust
{col 1}          _t{col 14}{c |} Haz. Ratio{col 26}   Std. Err.{col 38}      z{col 46}   P>|z|{col 54}     [95% Con{col 67}f. Interval]
{hline 13}{c +}{hline 11}{hline 11}{hline 9}{hline 8}{hline 13}{hline 12}
{space 8}imid {c |}{col 14}{res}{space 2} .9645867{col 26}{space 2} .0388021{col 37}{space 1}   -0.90{col 46}{space 3}0.370{col 54}{space 4} .8914567{col 67}{space 3} 1.043716
{txt}{hline 13}{c BT}{hline 11}{hline 11}{hline 9}{hline 8}{hline 13}{hline 12}

         failure _d:  {res}faildied == 1
   {txt}analysis time _t:  {res}(stopdied-origin)/365.25
             {txt}origin:  {res}time enter_date
{txt}  enter on or after:  {res}time enter_date
                 {txt}id:  {res}patient_id

{txt}Cohort{col 12}{c |}{col 15}person-time{col 29}failures{col 45}rate{col 52}[95% Conf. Interval]
{hline 11}{c +}{hline 59}
     total{col 12}{c |}{col 16}{res} 16238.738{col 29}    3245{col 39}  .1998308{col 51} .1930723{col 63} .2068259

         {txt}failure _d:  {res}faildied == 1
   {txt}analysis time _t:  {res}(stopdied-origin)/365.25
             {txt}origin:  {res}time enter_date
{txt}  enter on or after:  {res}time enter_date
                 {txt}id:  {res}patient_id

{txt}Cohort{col 12}{c |}{col 15}person-time{col 29}failures{col 45}rate{col 52}[95% Conf. Interval]
{hline 11}{c +}{hline 59}
     total{col 12}{c |}{col 16}{res} 3251.7235{col 29}     673{col 39} .20696717{col 51} .1919067{col 63} .2232096

         {txt}failure _d:  {res}faildied == 1
   {txt}analysis time _t:  {res}(stopdied-origin)/365.25
             {txt}origin:  {res}time enter_date
{txt}  enter on or after:  {res}time enter_date
                 {txt}id:  {res}patient_id

{txt}Iteration 0:   log pseudolikelihood = {res} -41301.61
{txt}Iteration 1:   log pseudolikelihood = {res}-41300.185
{txt}Iteration 2:   log pseudolikelihood = {res}-41300.185
{txt}Refining estimates:
Iteration 0:   log pseudolikelihood = {res}-41300.185

{txt}Cox regression -- Breslow method for ties

No. of subjects      = {res}      39,427             {txt}Number of obs    =  {res}    39,427
{txt}No. of failures      = {res}       3,918
{txt}Time at risk         = {res} 19490.46133
                                                {txt}Wald chi2({res}7{txt})     =  {res}      3.07
{txt}Log pseudolikelihood =   {res}-41300.185             {txt}Prob > chi2      =  {res}    0.8781

{txt}{ralign 78:(Std. Err. adjusted for {res:39,427} clusters in patient_id)}
{hline 13}{c TT}{hline 11}{hline 11}{hline 9}{hline 8}{hline 13}{hline 12}
{col 14}{c |}{col 26}    Robust
{col 1}          _t{col 14}{c |} Haz. Ratio{col 26}   Std. Err.{col 38}      z{col 46}   P>|z|{col 54}     [95% Con{col 67}f. Interval]
{hline 13}{c +}{hline 11}{hline 11}{hline 9}{hline 8}{hline 13}{hline 12}
{space 8}imid {c |}{col 14}{res}{space 2} .9644749{col 26}{space 2} .0387908{col 37}{space 1}   -0.90{col 46}{space 3}0.368{col 54}{space 4} .8913658{col 67}{space 3}  1.04358
{txt}{space 12} {c |}
{space 4}agegroup {c |}
{space 5}40-<50  {c |}{col 14}{res}{space 2}  1.00552{col 26}{space 2} .0460961{col 37}{space 1}    0.12{col 46}{space 3}0.904{col 54}{space 4} .9191135{col 67}{space 3}  1.10005
{txt}{space 5}50-<60  {c |}{col 14}{res}{space 2}  1.04575{col 26}{space 2} .0460711{col 37}{space 1}    1.02{col 46}{space 3}0.310{col 54}{space 4} .9592406{col 67}{space 3}  1.14006
{txt}{space 5}60-<70  {c |}{col 14}{res}{space 2} 1.026369{col 26}{space 2}  .049437{col 37}{space 1}    0.54{col 46}{space 3}0.589{col 54}{space 4} .9339073{col 67}{space 3} 1.127985
{txt}{space 5}70-<80  {c |}{col 14}{res}{space 2} 1.037165{col 26}{space 2} .0546837{col 37}{space 1}    0.69{col 46}{space 3}0.489{col 54}{space 4} .9353386{col 67}{space 3} 1.150076
{txt}{space 8}80+  {c |}{col 14}{res}{space 2} .9778645{col 26}{space 2} .0659419{col 37}{space 1}   -0.33{col 46}{space 3}0.740{col 54}{space 4} .8567976{col 67}{space 3} 1.116038
{txt}{space 12} {c |}
{space 8}male {c |}{col 14}{res}{space 2} 1.024337{col 26}{space 2} .0311337{col 37}{space 1}    0.79{col 46}{space 3}0.429{col 54}{space 4} .9650985{col 67}{space 3} 1.087213
{txt}{hline 13}{c BT}{hline 11}{hline 11}{hline 9}{hline 8}{hline 13}{hline 12}

         failure _d:  {res}faildied == 1
   {txt}analysis time _t:  {res}(stopdied-origin)/365.25
             {txt}origin:  {res}time enter_date
{txt}  enter on or after:  {res}time enter_date
                 {txt}id:  {res}patient_id

{txt}Cohort{col 12}{c |}{col 15}person-time{col 29}failures{col 45}rate{col 52}[95% Conf. Interval]
{hline 11}{c +}{hline 59}
     total{col 12}{c |}{col 16}{res} 16238.738{col 29}    3245{col 39}  .1998308{col 51} .1930723{col 63} .2068259

         {txt}failure _d:  {res}faildied == 1
   {txt}analysis time _t:  {res}(stopdied-origin)/365.25
             {txt}origin:  {res}time enter_date
{txt}  enter on or after:  {res}time enter_date
                 {txt}id:  {res}patient_id

{txt}Cohort{col 12}{c |}{col 15}person-time{col 29}failures{col 45}rate{col 52}[95% Conf. Interval]
{hline 11}{c +}{hline 59}
     total{col 12}{c |}{col 16}{res} 3251.7235{col 29}     673{col 39} .20696717{col 51} .1919067{col 63} .2232096

         {txt}failure _d:  {res}faildied == 1
   {txt}analysis time _t:  {res}(stopdied-origin)/365.25
             {txt}origin:  {res}time enter_date
{txt}  enter on or after:  {res}time enter_date
                 {txt}id:  {res}patient_id

{txt}Iteration 0:   log pseudolikelihood = {res}-1102.3669
{txt}Iteration 1:   log pseudolikelihood = {res}-1093.5582
{txt}Iteration 2:   log pseudolikelihood = {res} -1093.436
{txt}Iteration 3:   log pseudolikelihood = {res}-1093.4359
{txt}Refining estimates:
Iteration 0:   log pseudolikelihood = {res}-1093.4359

{txt}Cox regression -- Breslow method for ties

No. of subjects      = {res}       1,534             {txt}Number of obs    =  {res}     1,534
{txt}No. of failures      = {res}         151
{txt}Time at risk         = {res} 759.3702943
                                                {txt}Wald chi2({res}19{txt})    =  {res}     19.44
{txt}Log pseudolikelihood =   {res}-1093.4359             {txt}Prob > chi2      =  {res}    0.4288

{txt}{ralign 78:(Std. Err. adjusted for {res:1,534} clusters in patient_id)}
{hline 13}{c TT}{hline 11}{hline 11}{hline 9}{hline 8}{hline 13}{hline 12}
{col 14}{c |}{col 26}    Robust
{col 1}          _t{col 14}{c |} Haz. Ratio{col 26}   Std. Err.{col 38}      z{col 46}   P>|z|{col 54}     [95% Con{col 67}f. Interval]
{hline 13}{c +}{hline 11}{hline 11}{hline 9}{hline 8}{hline 13}{hline 12}
{space 8}imid {c |}{col 14}{res}{space 2} 1.655319{col 26}{space 2} .5052892{col 37}{space 1}    1.65{col 46}{space 3}0.099{col 54}{space 4} .9100201{col 67}{space 3} 3.011012
{txt}{space 12} {c |}
{space 4}agegroup {c |}
{space 5}40-<50  {c |}{col 14}{res}{space 2} 1.106237{col 26}{space 2} .2570648{col 37}{space 1}    0.43{col 46}{space 3}0.664{col 54}{space 4} .7015326{col 67}{space 3} 1.744409
{txt}{space 5}50-<60  {c |}{col 14}{res}{space 2} 1.092455{col 26}{space 2} .2432966{col 37}{space 1}    0.40{col 46}{space 3}0.691{col 54}{space 4} .7060504{col 67}{space 3}  1.69033
{txt}{space 5}60-<70  {c |}{col 14}{res}{space 2} .8349817{col 26}{space 2} .2256027{col 37}{space 1}   -0.67{col 46}{space 3}0.504{col 54}{space 4} .4916905{col 67}{space 3} 1.417954
{txt}{space 5}70-<80  {c |}{col 14}{res}{space 2} .9290952{col 26}{space 2} .2424195{col 37}{space 1}   -0.28{col 46}{space 3}0.778{col 54}{space 4} .5571405{col 67}{space 3} 1.549372
{txt}{space 8}80+  {c |}{col 14}{res}{space 2} 1.003343{col 26}{space 2} .3298909{col 37}{space 1}    0.01{col 46}{space 3}0.992{col 54}{space 4} .5267216{col 67}{space 3}  1.91125
{txt}{space 12} {c |}
{space 8}male {c |}{col 14}{res}{space 2} 1.031326{col 26}{space 2} .1592896{col 37}{space 1}    0.20{col 46}{space 3}0.842{col 54}{space 4} .7619507{col 67}{space 3} 1.395935
{txt}{space 12} {c |}
{space 3}ethnicity {c |}
South Asian  {c |}{col 14}{res}{space 2} .6786252{col 26}{space 2} .1963577{col 37}{space 1}   -1.34{col 46}{space 3}0.180{col 54}{space 4} .3848912{col 67}{space 3} 1.196526
{txt}{space 6}Other  {c |}{col 14}{res}{space 2} 1.118445{col 26}{space 2} .2794891{col 37}{space 1}    0.45{col 46}{space 3}0.654{col 54}{space 4} .6853417{col 67}{space 3} 1.825249
{txt}{space 12} {c |}
{space 9}imd {c |}
{space 10}4  {c |}{col 14}{res}{space 2} 1.298569{col 26}{space 2} .2232454{col 37}{space 1}    1.52{col 46}{space 3}0.129{col 54}{space 4} .9271061{col 67}{space 3} 1.818866
{txt}5 most de..  {c |}{col 14}{res}{space 2} .6612443{col 26}{space 2} .2110728{col 37}{space 1}   -1.30{col 46}{space 3}0.195{col 54}{space 4} .3537151{col 67}{space 3} 1.236147
{txt}{space 12} {c |}
{space 6}bmicat {c |}{col 14}{res}{space 2} 1.069032{col 26}{space 2} .0600489{col 37}{space 1}    1.19{col 46}{space 3}0.235{col 54}{space 4}  .957586{col 67}{space 3} 1.193449
{txt}{space 7}bowel {c |}{col 14}{res}{space 2} .7676883{col 26}{space 2} .1404488{col 37}{space 1}   -1.45{col 46}{space 3}0.148{col 54}{space 4} .5363612{col 67}{space 3} 1.098784
{txt}{space 8}skin {c |}{col 14}{res}{space 2}  .885972{col 26}{space 2} .1609224{col 37}{space 1}   -0.67{col 46}{space 3}0.505{col 54}{space 4} .6206019{col 67}{space 3} 1.264815
{txt}{space 7}joint {c |}{col 14}{res}{space 2} .7618602{col 26}{space 2} .1426255{col 37}{space 1}   -1.45{col 46}{space 3}0.146{col 54}{space 4} .5278669{col 67}{space 3} 1.099578
{txt}chronic_c~se {c |}{col 14}{res}{space 2}  .639325{col 26}{space 2} .1476881{col 37}{space 1}   -1.94{col 46}{space 3}0.053{col 54}{space 4} .4065264{col 67}{space 3} 1.005436
{txt}{space 6}cancer {c |}{col 14}{res}{space 2} 1.048683{col 26}{space 2} .1625719{col 37}{space 1}    0.31{col 46}{space 3}0.759{col 54}{space 4} .7739034{col 67}{space 3} 1.421024
{txt}{space 6}stroke {c |}{col 14}{res}{space 2} .8535112{col 26}{space 2} .1775963{col 37}{space 1}   -0.76{col 46}{space 3}0.447{col 54}{space 4} .5676668{col 67}{space 3}  1.28329
{txt}1.steroidcat {c |}{col 14}{res}{space 2} 1.047544{col 26}{space 2} .2892168{col 37}{space 1}    0.17{col 46}{space 3}0.866{col 54}{space 4} .6097671{col 67}{space 3}  1.79962
{txt}{hline 13}{c BT}{hline 11}{hline 11}{hline 9}{hline 8}{hline 13}{hline 12}

         failure _d:  {res}faildied == 1
   {txt}analysis time _t:  {res}(stopdied-origin)/365.25
             {txt}origin:  {res}time enter_date
{txt}  enter on or after:  {res}time enter_date
                 {txt}id:  {res}patient_id

{txt}Cohort{col 12}{c |}{col 15}person-time{col 29}failures{col 45}rate{col 52}[95% Conf. Interval]
{hline 11}{c +}{hline 59}
     total{col 12}{c |}{col 16}{res} 16238.738{col 29}    3245{col 39}  .1998308{col 51} .1930723{col 63} .2068259

         {txt}failure _d:  {res}faildied == 1
   {txt}analysis time _t:  {res}(stopdied-origin)/365.25
             {txt}origin:  {res}time enter_date
{txt}  enter on or after:  {res}time enter_date
                 {txt}id:  {res}patient_id

{txt}Cohort{col 12}{c |}{col 15}person-time{col 29}failures{col 45}rate{col 52}[95% Conf. Interval]
{hline 11}{c +}{hline 59}
     total{col 12}{c |}{col 16}{res} 3251.7235{col 29}     673{col 39} .20696717{col 51} .1919067{col 63} .2232096

         {txt}failure _d:  {res}faildied == 1
   {txt}analysis time _t:  {res}(stopdied-origin)/365.25
             {txt}origin:  {res}time enter_date
{txt}  enter on or after:  {res}time enter_date
                 {txt}id:  {res}patient_id

{txt}Iteration 0:   log pseudolikelihood = {res}-1102.3669
{txt}Iteration 1:   log pseudolikelihood = {res}-1090.4498
{txt}Iteration 2:   log pseudolikelihood = {res}-1090.2914
{txt}Iteration 3:   log pseudolikelihood = {res}-1090.2833
{txt}Iteration 4:   log pseudolikelihood = {res}-1090.2803
{txt}Iteration 5:   log pseudolikelihood = {res}-1090.2792
{txt}Iteration 6:   log pseudolikelihood = {res}-1090.2788
{txt}Iteration 7:   log pseudolikelihood = {res}-1090.2786
{txt}Iteration 8:   log pseudolikelihood = {res}-1090.2786
{txt}Iteration 9:   log pseudolikelihood = {res}-1090.2786
{txt}Iteration 10:  log pseudolikelihood = {res}-1090.2786
{txt}Iteration 11:  log pseudolikelihood = {res}-1090.2786
{txt}Iteration 12:  log pseudolikelihood = {res}-1090.2786
{txt}Iteration 13:  log pseudolikelihood = {res}-1090.2786
{txt}Iteration 14:  log pseudolikelihood = {res}-1090.2786
{txt}Iteration 15:  log pseudolikelihood = {res}-1090.2786
{txt}Iteration 16:  log pseudolikelihood = {res}-1090.2786
{txt}Iteration 17:  log pseudolikelihood = {res}-1090.2786
{txt}Iteration 18:  log pseudolikelihood = {res}-1090.2786
{txt}Iteration 19:  log pseudolikelihood = {res}-1090.2786
{txt}Iteration 20:  log pseudolikelihood = {res}-1090.2786
{txt}Iteration 21:  log pseudolikelihood = {res}-1090.2786
{txt}Iteration 22:  log pseudolikelihood = {res}-1090.2786
{txt}Iteration 23:  log pseudolikelihood = {res}-1090.2786
{txt}Iteration 24:  log pseudolikelihood = {res}-1090.2786
{txt}Iteration 25:  log pseudolikelihood = {res}-1090.2786
{txt}Iteration 26:  log pseudolikelihood = {res}-1090.2786
{txt}Iteration 27:  log pseudolikelihood = {res}-1090.2786
{txt}Iteration 28:  log pseudolikelihood = {res}-1090.2786
{txt}Iteration 29:  log pseudolikelihood = {res}-1090.2786
{txt}Iteration 30:  log pseudolikelihood = {res}-1090.2786
{txt}Iteration 31:  log pseudolikelihood = {res}-1090.2786
{txt}Iteration 32:  log pseudolikelihood = {res}-1090.2786
{txt}Iteration 33:  log pseudolikelihood = {res}-1090.2786
{txt}Iteration 34:  log pseudolikelihood = {res}-1090.2786
{txt}Iteration 35:  log pseudolikelihood = {res}-1090.2786
{txt}Iteration 36:  log pseudolikelihood = {res}-1090.2786
{txt}Iteration 37:  log pseudolikelihood = {res}-1090.2786
{txt}Iteration 38:  log pseudolikelihood = {res}-1090.2786
{txt}Iteration 39:  log pseudolikelihood = {res}-1090.2786
{txt}Iteration 40:  log pseudolikelihood = {res}-1090.2786
{txt}Refining estimates:
Iteration 0:   log pseudolikelihood = {res}-1090.2786
{txt}Iteration 1:   log pseudolikelihood = {res}-1090.2786
{txt}Iteration 2:   log pseudolikelihood = {res}-1090.2786

{txt}Cox regression -- Breslow method for ties

No. of subjects      = {res}       1,534             {txt}Number of obs    =  {res}     1,534
{txt}No. of failures      = {res}         151
{txt}Time at risk         = {res} 759.3702943
                                                {txt}Wald chi2({res}23{txt})    =  {res}     28.11
{txt}Log pseudolikelihood =   {res}-1090.2786             {txt}Prob > chi2      =  {res}    0.2117

{txt}{ralign 78:(Std. Err. adjusted for {res:1,534} clusters in patient_id)}
{hline 13}{c TT}{hline 11}{hline 11}{hline 9}{hline 8}{hline 13}{hline 12}
{col 14}{c |}{col 26}    Robust
{col 1}          _t{col 14}{c |} Haz. Ratio{col 26}   Std. Err.{col 38}      z{col 46}   P>|z|{col 54}     [95% Con{col 67}f. Interval]
{hline 13}{c +}{hline 11}{hline 11}{hline 9}{hline 8}{hline 13}{hline 12}
{space 8}imid {c |}{col 14}{res}{space 2}  1.63294{col 26}{space 2} .4974466{col 37}{space 1}    1.61{col 46}{space 3}0.107{col 54}{space 4} .8988076{col 67}{space 3} 2.966702
{txt}{space 12} {c |}
{space 4}agegroup {c |}
{space 5}40-<50  {c |}{col 14}{res}{space 2}  1.12782{col 26}{space 2} .2620883{col 37}{space 1}    0.52{col 46}{space 3}0.605{col 54}{space 4} .7152102{col 67}{space 3} 1.778469
{txt}{space 5}50-<60  {c |}{col 14}{res}{space 2} 1.117752{col 26}{space 2} .2474624{col 37}{space 1}    0.50{col 46}{space 3}0.615{col 54}{space 4} .7242617{col 67}{space 3} 1.725026
{txt}{space 5}60-<70  {c |}{col 14}{res}{space 2} .8258769{col 26}{space 2} .2243218{col 37}{space 1}   -0.70{col 46}{space 3}0.481{col 54}{space 4}   .48497{col 67}{space 3} 1.406422
{txt}{space 5}70-<80  {c |}{col 14}{res}{space 2}  .932001{col 26}{space 2} .2423951{col 37}{space 1}   -0.27{col 46}{space 3}0.787{col 54}{space 4} .5598035{col 67}{space 3} 1.551662
{txt}{space 8}80+  {c |}{col 14}{res}{space 2} 1.052127{col 26}{space 2} .3444429{col 37}{space 1}    0.16{col 46}{space 3}0.877{col 54}{space 4}  .553865{col 67}{space 3} 1.998631
{txt}{space 12} {c |}
{space 8}male {c |}{col 14}{res}{space 2} 1.046707{col 26}{space 2} .1612537{col 37}{space 1}    0.30{col 46}{space 3}0.767{col 54}{space 4} .7739102{col 67}{space 3} 1.415662
{txt}{space 12} {c |}
{space 3}ethnicity {c |}
South Asian  {c |}{col 14}{res}{space 2} .6967591{col 26}{space 2} .2005299{col 37}{space 1}   -1.26{col 46}{space 3}0.209{col 54}{space 4} .3963726{col 67}{space 3}  1.22479
{txt}{space 6}Other  {c |}{col 14}{res}{space 2} 1.087346{col 26}{space 2} .2730365{col 37}{space 1}    0.33{col 46}{space 3}0.739{col 54}{space 4} .6647035{col 67}{space 3}  1.77872
{txt}{space 12} {c |}
{space 9}imd {c |}
{space 10}4  {c |}{col 14}{res}{space 2} 1.317014{col 26}{space 2} .2260216{col 37}{space 1}    1.60{col 46}{space 3}0.109{col 54}{space 4} .9408274{col 67}{space 3} 1.843617
{txt}5 most de..  {c |}{col 14}{res}{space 2} .6491614{col 26}{space 2} .2074211{col 37}{space 1}   -1.35{col 46}{space 3}0.176{col 54}{space 4} .3470367{col 67}{space 3} 1.214311
{txt}{space 12} {c |}
{space 6}bmicat {c |}{col 14}{res}{space 2} 1.064338{col 26}{space 2} .0597806{col 37}{space 1}    1.11{col 46}{space 3}0.267{col 54}{space 4} .9533896{col 67}{space 3} 1.188199
{txt}{space 7}bowel {c |}{col 14}{res}{space 2} .7740871{col 26}{space 2} .1417253{col 37}{space 1}   -1.40{col 46}{space 3}0.162{col 54}{space 4} .5406869{col 67}{space 3}  1.10824
{txt}{space 8}skin {c |}{col 14}{res}{space 2} .8867278{col 26}{space 2} .1618025{col 37}{space 1}   -0.66{col 46}{space 3}0.510{col 54}{space 4} .6201123{col 67}{space 3} 1.267974
{txt}{space 7}joint {c |}{col 14}{res}{space 2} .7639958{col 26}{space 2} .1426665{col 37}{space 1}   -1.44{col 46}{space 3}0.149{col 54}{space 4} .5298341{col 67}{space 3} 1.101646
{txt}chronic_c~se {c |}{col 14}{res}{space 2}  .636756{col 26}{space 2} .1465948{col 37}{space 1}   -1.96{col 46}{space 3}0.050{col 54}{space 4} .4055164{col 67}{space 3} .9998566
{txt}{space 6}cancer {c |}{col 14}{res}{space 2}  1.01551{col 26}{space 2} .1578756{col 37}{space 1}    0.10{col 46}{space 3}0.921{col 54}{space 4} .7487773{col 67}{space 3} 1.377259
{txt}{space 6}stroke {c |}{col 14}{res}{space 2}  .865682{col 26}{space 2} .1797708{col 37}{space 1}   -0.69{col 46}{space 3}0.487{col 54}{space 4} .5762284{col 67}{space 3} 1.300535
{txt}{space 12} {c |}
{space 5}diabcat {c |}
Controlle..  {c |}{col 14}{res}{space 2} 7.76e-19{col 26}{space 2}        .{col 37}{space 1}       .{col 46}{space 3}    .{col 54}{space 4}        .{col 67}{space 3}        .
{txt}Diabetes,..  {c |}{col 14}{res}{space 2} 1.126032{col 26}{space 2}  .214514{col 37}{space 1}    0.62{col 46}{space 3}0.533{col 54}{space 4} .7751629{col 67}{space 3} 1.635717
{txt}{space 12} {c |}
{space 2}steroidcat {c |}{col 14}{res}{space 2}  1.01459{col 26}{space 2} .2807095{col 37}{space 1}    0.05{col 46}{space 3}0.958{col 54}{space 4} .5899103{col 67}{space 3} 1.744998
{txt}{space 12} {c |}
{space 9}ckd {c |}
{space 8}CKD  {c |}{col 14}{res}{space 2} 1.181202{col 26}{space 2} .1935423{col 37}{space 1}    1.02{col 46}{space 3}0.309{col 54}{space 4} .8567482{col 67}{space 3} 1.628528
{txt}chronic_l~se {c |}{col 14}{res}{space 2} 1.259362{col 26}{space 2} .2265362{col 37}{space 1}    1.28{col 46}{space 3}0.200{col 54}{space 4} .8851871{col 67}{space 3} 1.791704
{txt}chronic_r~se {c |}{col 14}{res}{space 2} .6695122{col 26}{space 2}  .145847{col 37}{space 1}   -1.84{col 46}{space 3}0.066{col 54}{space 4} .4368499{col 67}{space 3} 1.026088
{txt}{hline 13}{c BT}{hline 11}{hline 11}{hline 9}{hline 8}{hline 13}{hline 12}

         failure _d:  {res}faildied == 1
   {txt}analysis time _t:  {res}(stopdied-origin)/365.25
             {txt}origin:  {res}time enter_date
{txt}  enter on or after:  {res}time enter_date
                 {txt}id:  {res}patient_id

{txt}Cohort{col 12}{c |}{col 15}person-time{col 29}failures{col 45}rate{col 52}[95% Conf. Interval]
{hline 11}{c +}{hline 59}
     total{col 12}{c |}{col 16}{res} 16238.738{col 29}    3245{col 39}  .1998308{col 51} .1930723{col 63} .2068259

         {txt}failure _d:  {res}faildied == 1
   {txt}analysis time _t:  {res}(stopdied-origin)/365.25
             {txt}origin:  {res}time enter_date
{txt}  enter on or after:  {res}time enter_date
                 {txt}id:  {res}patient_id

{txt}Cohort{col 12}{c |}{col 15}person-time{col 29}failures{col 45}rate{col 52}[95% Conf. Interval]
{hline 11}{c +}{hline 59}
     total{col 12}{c |}{col 16}{res} 3251.7235{col 29}     673{col 39} .20696717{col 51} .1919067{col 63} .2232096

                {txt}id:  {res}patient_id
     {txt}failure event:  {res}failhospital == 1
{txt}obs. time interval:  {res}(stophospital[_n-1], stophospital]
{txt} enter on or after:  {res}time enter_date
{txt} exit on or before:  {res}failure
    {txt}t for analysis:  {res}(time-origin)/365.25
            {txt}origin:  {res}time enter_date

{txt}{hline 78}
{res}     39,427{txt}  total observations
{res}          0{txt}  exclusions
{hline 78}
{res}     39,427{txt}  observations remaining, representing
{res}     39,427{txt}  subjects
{res}         89{txt}  failures in single-failure-per-subject data
{res} 19,852.569{txt}  total analysis time at risk and under observation
                                                at risk from t = {res}        0
                                     {txt}earliest observed entry t = {res}        0
                                          {txt}last observed exit t = {res} .5037645

         {txt}failure _d:  {res}failhospital == 1
   {txt}analysis time _t:  {res}(stophospital-origin)/365.25
             {txt}origin:  {res}time enter_date
{txt}  enter on or after:  {res}time enter_date
                 {txt}id:  {res}patient_id

{txt}Iteration 0:   log pseudolikelihood = {res}-941.75339
{txt}Iteration 1:   log pseudolikelihood = {res}-941.57756
{txt}Iteration 2:   log pseudolikelihood = {res}-941.57701
{txt}Iteration 3:   log pseudolikelihood = {res}-941.57701
{txt}Refining estimates:
Iteration 0:   log pseudolikelihood = {res}-941.57701

{txt}Cox regression -- Breslow method for ties

No. of subjects      = {res}      39,427             {txt}Number of obs    =  {res}    39,427
{txt}No. of failures      = {res}          89
{txt}Time at risk         = {res} 19852.56947
                                                {txt}Wald chi2({res}1{txt})     =  {res}      0.37
{txt}Log pseudolikelihood =   {res}-941.57701             {txt}Prob > chi2      =  {res}    0.5456

{txt}{ralign 78:(Std. Err. adjusted for {res:39,427} clusters in patient_id)}
{hline 13}{c TT}{hline 11}{hline 11}{hline 9}{hline 8}{hline 13}{hline 12}
{col 14}{c |}{col 26}    Robust
{col 1}          _t{col 14}{c |} Haz. Ratio{col 26}   Std. Err.{col 38}      z{col 46}   P>|z|{col 54}     [95% Con{col 67}f. Interval]
{hline 13}{c +}{hline 11}{hline 11}{hline 9}{hline 8}{hline 13}{hline 12}
{space 8}imid {c |}{col 14}{res}{space 2} .8496789{col 26}{space 2} .2290185{col 37}{space 1}   -0.60{col 46}{space 3}0.546{col 54}{space 4} .5009864{col 67}{space 3} 1.441066
{txt}{hline 13}{c BT}{hline 11}{hline 11}{hline 9}{hline 8}{hline 13}{hline 12}

         failure _d:  {res}failhospital == 1
   {txt}analysis time _t:  {res}(stophospital-origin)/365.25
             {txt}origin:  {res}time enter_date
{txt}  enter on or after:  {res}time enter_date
                 {txt}id:  {res}patient_id

{txt}Cohort{col 12}{c |}{col 15}person-time{col 29}failures{col 45}rate{col 52}[95% Conf. Interval]
{hline 11}{c +}{hline 59}
     total{col 12}{c |}{col 16}{res}  16535.08{col 29}      72{col 39} .00435438{col 51} .0034563{col 63} .0054858

         {txt}failure _d:  {res}failhospital == 1
   {txt}analysis time _t:  {res}(stophospital-origin)/365.25
             {txt}origin:  {res}time enter_date
{txt}  enter on or after:  {res}time enter_date
                 {txt}id:  {res}patient_id

{txt}Cohort{col 12}{c |}{col 15}person-time{col 29}failures{col 45}rate{col 52}[95% Conf. Interval]
{hline 11}{c +}{hline 59}
     total{col 12}{c |}{col 16}{res} 3317.4894{col 29}      17{col 39} .00512436{col 51} .0031856{col 63}  .008243

         {txt}failure _d:  {res}failhospital == 1
   {txt}analysis time _t:  {res}(stophospital-origin)/365.25
             {txt}origin:  {res}time enter_date
{txt}  enter on or after:  {res}time enter_date
                 {txt}id:  {res}patient_id

{txt}Iteration 0:   log pseudolikelihood = {res}-941.75339
{txt}Iteration 1:   log pseudolikelihood = {res}-938.53578
{txt}Iteration 2:   log pseudolikelihood = {res}-938.45404
{txt}Iteration 3:   log pseudolikelihood = {res}-938.45381
{txt}Refining estimates:
Iteration 0:   log pseudolikelihood = {res}-938.45381

{txt}Cox regression -- Breslow method for ties

No. of subjects      = {res}      39,427             {txt}Number of obs    =  {res}    39,427
{txt}No. of failures      = {res}          89
{txt}Time at risk         = {res} 19852.56947
                                                {txt}Wald chi2({res}7{txt})     =  {res}      6.30
{txt}Log pseudolikelihood =   {res}-938.45381             {txt}Prob > chi2      =  {res}    0.5052

{txt}{ralign 78:(Std. Err. adjusted for {res:39,427} clusters in patient_id)}
{hline 13}{c TT}{hline 11}{hline 11}{hline 9}{hline 8}{hline 13}{hline 12}
{col 14}{c |}{col 26}    Robust
{col 1}          _t{col 14}{c |} Haz. Ratio{col 26}   Std. Err.{col 38}      z{col 46}   P>|z|{col 54}     [95% Con{col 67}f. Interval]
{hline 13}{c +}{hline 11}{hline 11}{hline 9}{hline 8}{hline 13}{hline 12}
{space 8}imid {c |}{col 14}{res}{space 2} .8485436{col 26}{space 2} .2288042{col 37}{space 1}   -0.61{col 46}{space 3}0.542{col 54}{space 4}  .500211{col 67}{space 3} 1.439445
{txt}{space 12} {c |}
{space 4}agegroup {c |}
{space 5}40-<50  {c |}{col 14}{res}{space 2} 1.083947{col 26}{space 2} .3104126{col 37}{space 1}    0.28{col 46}{space 3}0.778{col 54}{space 4} .6183684{col 67}{space 3} 1.900066
{txt}{space 5}50-<60  {c |}{col 14}{res}{space 2}  .730869{col 26}{space 2} .2347622{col 37}{space 1}   -0.98{col 46}{space 3}0.329{col 54}{space 4} .3894263{col 67}{space 3} 1.371683
{txt}{space 5}60-<70  {c |}{col 14}{res}{space 2} .8491788{col 26}{space 2} .2813764{col 37}{space 1}   -0.49{col 46}{space 3}0.622{col 54}{space 4} .4435601{col 67}{space 3}  1.62572
{txt}{space 5}70-<80  {c |}{col 14}{res}{space 2}  .456957{col 26}{space 2} .2171906{col 37}{space 1}   -1.65{col 46}{space 3}0.099{col 54}{space 4} .1800119{col 67}{space 3} 1.159977
{txt}{space 8}80+  {c |}{col 14}{res}{space 2} .4674663{col 26}{space 2} .2802574{col 37}{space 1}   -1.27{col 46}{space 3}0.205{col 54}{space 4} .1443558{col 67}{space 3} 1.513792
{txt}{space 12} {c |}
{space 8}male {c |}{col 14}{res}{space 2} .8951905{col 26}{space 2} .1905418{col 37}{space 1}   -0.52{col 46}{space 3}0.603{col 54}{space 4} .5898434{col 67}{space 3} 1.358608
{txt}{hline 13}{c BT}{hline 11}{hline 11}{hline 9}{hline 8}{hline 13}{hline 12}

         failure _d:  {res}failhospital == 1
   {txt}analysis time _t:  {res}(stophospital-origin)/365.25
             {txt}origin:  {res}time enter_date
{txt}  enter on or after:  {res}time enter_date
                 {txt}id:  {res}patient_id

{txt}Cohort{col 12}{c |}{col 15}person-time{col 29}failures{col 45}rate{col 52}[95% Conf. Interval]
{hline 11}{c +}{hline 59}
     total{col 12}{c |}{col 16}{res}  16535.08{col 29}      72{col 39} .00435438{col 51} .0034563{col 63} .0054858

         {txt}failure _d:  {res}failhospital == 1
   {txt}analysis time _t:  {res}(stophospital-origin)/365.25
             {txt}origin:  {res}time enter_date
{txt}  enter on or after:  {res}time enter_date
                 {txt}id:  {res}patient_id

{txt}Cohort{col 12}{c |}{col 15}person-time{col 29}failures{col 45}rate{col 52}[95% Conf. Interval]
{hline 11}{c +}{hline 59}
     total{col 12}{c |}{col 16}{res} 3317.4894{col 29}      17{col 39} .00512436{col 51} .0031856{col 63}  .008243

         {txt}failure _d:  {res}failhospital == 1
   {txt}analysis time _t:  {res}(stophospital-origin)/365.25
             {txt}origin:  {res}time enter_date
{txt}  enter on or after:  {res}time enter_date
                 {txt}id:  {res}patient_id

{txt}Iteration 0:   log pseudolikelihood = {res}-22.005598
{txt}Iteration 1:   log pseudolikelihood = {res} -15.87241
{txt}Iteration 2:   log pseudolikelihood = {res}-14.111622
{txt}Iteration 3:   log pseudolikelihood = {res}-13.312058
{txt}Iteration 4:   log pseudolikelihood = {res}-13.264388
{txt}Iteration 5:   log pseudolikelihood = {res}-13.252311
{txt}Iteration 6:   log pseudolikelihood = {res}-13.247885
{txt}Iteration 7:   log pseudolikelihood = {res}-13.246258
{txt}Iteration 8:   log pseudolikelihood = {res} -13.24566
{txt}Iteration 9:   log pseudolikelihood = {res} -13.24544
{txt}Iteration 10:  log pseudolikelihood = {res}-13.245359
{txt}Iteration 11:  log pseudolikelihood = {res}-13.245329
{txt}Iteration 12:  log pseudolikelihood = {res}-13.245318
{txt}Iteration 13:  log pseudolikelihood = {res}-13.245314
{txt}Iteration 14:  log pseudolikelihood = {res}-13.245312
{txt}Iteration 15:  log pseudolikelihood = {res}-13.245312
{txt}Iteration 16:  log pseudolikelihood = {res}-13.245312
{txt}Iteration 17:  log pseudolikelihood = {res}-13.245312
{txt}Iteration 18:  log pseudolikelihood = {res}-13.245312
{txt}Iteration 19:  log pseudolikelihood = {res}-13.245312
{txt}Iteration 20:  log pseudolikelihood = {res}-13.245312
{txt}Iteration 21:  log pseudolikelihood = {res}-13.245312
{txt}Iteration 22:  log pseudolikelihood = {res}-13.245312
{txt}Iteration 23:  log pseudolikelihood = {res}-13.245312
{txt}Iteration 24:  log pseudolikelihood = {res}-13.245312
{txt}Iteration 25:  log pseudolikelihood = {res}-13.245312
{txt}Iteration 26:  log pseudolikelihood = {res}-13.245312
{txt}Iteration 27:  log pseudolikelihood = {res}-13.245312
{txt}Iteration 28:  log pseudolikelihood = {res}-13.245312
{txt}Iteration 29:  log pseudolikelihood = {res}-13.245312
{txt}Iteration 30:  log pseudolikelihood = {res}-13.245312
{txt}Iteration 31:  log pseudolikelihood = {res}-13.245312
{txt}Iteration 32:  log pseudolikelihood = {res}-13.245312
{txt}Iteration 33:  log pseudolikelihood = {res}-13.245312
{txt}Iteration 34:  log pseudolikelihood = {res}-13.245312
{txt}Refining estimates:
Iteration 0:   log pseudolikelihood = {res}-13.245312
{txt}Iteration 1:   log pseudolikelihood = {res}-13.245312
{txt}Iteration 2:   log pseudolikelihood = {res}-13.245312
{txt}Iteration 3:   log pseudolikelihood = {res}-13.245312
{txt}Iteration 4:   log pseudolikelihood = {res}-13.245312
{txt}Iteration 5:   log pseudolikelihood = {res}-13.245312
{txt}Iteration 6:   log pseudolikelihood = {res}-13.245312
{txt}Iteration 7:   log pseudolikelihood = {res}-13.245312
{txt}Iteration 8:   log pseudolikelihood = {res}-13.245312

{txt}Cox regression -- Breslow method for ties

No. of subjects      = {res}       1,534             {txt}Number of obs    =  {res}     1,534
{txt}No. of failures      = {res}           3
{txt}Time at risk         = {res} 772.7036277
                                                {txt}Wald chi2({res}10{txt})    =  {res}     54.94
{txt}Log pseudolikelihood =   {res}-13.245312             {txt}Prob > chi2      =  {res}    0.0000

{txt}{ralign 78:(Std. Err. adjusted for {res:1,534} clusters in patient_id)}
{hline 13}{c TT}{hline 11}{hline 11}{hline 9}{hline 8}{hline 13}{hline 12}
{col 14}{c |}{col 26}    Robust
{col 1}          _t{col 14}{c |} Haz. Ratio{col 26}   Std. Err.{col 38}      z{col 46}   P>|z|{col 54}     [95% Con{col 67}f. Interval]
{hline 13}{c +}{hline 11}{hline 11}{hline 9}{hline 8}{hline 13}{hline 12}
{space 8}imid {c |}{col 14}{res}{space 2} 1.78e+16{col 26}{space 2}        .{col 37}{space 1}       .{col 46}{space 3}    .{col 54}{space 4}        .{col 67}{space 3}        .
{txt}{space 12} {c |}
{space 4}agegroup {c |}
{space 5}40-<50  {c |}{col 14}{res}{space 2} 1.83e-20{col 26}{space 2}        .{col 37}{space 1}       .{col 46}{space 3}    .{col 54}{space 4}        .{col 67}{space 3}        .
{txt}{space 5}50-<60  {c |}{col 14}{res}{space 2} 3.17e-20{col 26}{space 2}        .{col 37}{space 1}       .{col 46}{space 3}    .{col 54}{space 4}        .{col 67}{space 3}        .
{txt}{space 5}60-<70  {c |}{col 14}{res}{space 2} 1.56e-20{col 26}{space 2}        .{col 37}{space 1}       .{col 46}{space 3}    .{col 54}{space 4}        .{col 67}{space 3}        .
{txt}{space 5}70-<80  {c |}{col 14}{res}{space 2} 1.16e-19{col 26}{space 2}        .{col 37}{space 1}       .{col 46}{space 3}    .{col 54}{space 4}        .{col 67}{space 3}        .
{txt}{space 8}80+  {c |}{col 14}{res}{space 2} 1.47e-19{col 26}{space 2}        .{col 37}{space 1}       .{col 46}{space 3}    .{col 54}{space 4}        .{col 67}{space 3}        .
{txt}{space 12} {c |}
{space 8}male {c |}{col 14}{res}{space 2} .2647921{col 26}{space 2} .3455281{col 37}{space 1}   -1.02{col 46}{space 3}0.309{col 54}{space 4} .0205196{col 67}{space 3} 3.416968
{txt}{space 12} {c |}
{space 3}ethnicity {c |}
South Asian  {c |}{col 14}{res}{space 2}  4.48019{col 26}{space 2} 3.821772{col 37}{space 1}    1.76{col 46}{space 3}0.079{col 54}{space 4} .8417617{col 67}{space 3} 23.84535
{txt}{space 6}Other  {c |}{col 14}{res}{space 2} 2.40e-19{col 26}{space 2}        .{col 37}{space 1}       .{col 46}{space 3}    .{col 54}{space 4}        .{col 67}{space 3}        .
{txt}{space 12} {c |}
{space 9}imd {c |}
{space 10}4  {c |}{col 14}{res}{space 2} 6.184075{col 26}{space 2}  7.88817{col 37}{space 1}    1.43{col 46}{space 3}0.153{col 54}{space 4} .5075919{col 67}{space 3}  75.3416
{txt}5 most de..  {c |}{col 14}{res}{space 2} 2.25e-19{col 26}{space 2}        .{col 37}{space 1}       .{col 46}{space 3}    .{col 54}{space 4}        .{col 67}{space 3}        .
{txt}{space 12} {c |}
{space 6}bmicat {c |}{col 14}{res}{space 2} 1.115955{col 26}{space 2}  .428567{col 37}{space 1}    0.29{col 46}{space 3}0.775{col 54}{space 4} .5257204{col 67}{space 3} 2.368857
{txt}{space 7}bowel {c |}{col 14}{res}{space 2} 1.043885{col 26}{space 2}   1.8935{col 37}{space 1}    0.02{col 46}{space 3}0.981{col 54}{space 4} .0298305{col 67}{space 3} 36.52962
{txt}{space 8}skin {c |}{col 14}{res}{space 2} .9016826{col 26}{space 2} 1.423665{col 37}{space 1}   -0.07{col 46}{space 3}0.948{col 54}{space 4} .0408407{col 67}{space 3} 19.90737
{txt}{space 7}joint {c |}{col 14}{res}{space 2} 3.583305{col 26}{space 2} 3.853878{col 37}{space 1}    1.19{col 46}{space 3}0.235{col 54}{space 4}   .43532{col 67}{space 3} 29.49572
{txt}chronic_c~se {c |}{col 14}{res}{space 2} 9.86e-20{col 26}{space 2}        .{col 37}{space 1}       .{col 46}{space 3}    .{col 54}{space 4}        .{col 67}{space 3}        .
{txt}{space 6}cancer {c |}{col 14}{res}{space 2} 1.290297{col 26}{space 2} 1.765583{col 37}{space 1}    0.19{col 46}{space 3}0.852{col 54}{space 4} .0882968{col 67}{space 3} 18.85535
{txt}{space 6}stroke {c |}{col 14}{res}{space 2} 5.016021{col 26}{space 2} 8.495841{col 37}{space 1}    0.95{col 46}{space 3}0.341{col 54}{space 4}  .181403{col 67}{space 3} 138.6993
{txt}1.steroidcat {c |}{col 14}{res}{space 2} 6.598678{col 26}{space 2} 11.72328{col 37}{space 1}    1.06{col 46}{space 3}0.288{col 54}{space 4} .2028634{col 67}{space 3} 214.6397
{txt}{hline 13}{c BT}{hline 11}{hline 11}{hline 9}{hline 8}{hline 13}{hline 12}

         failure _d:  {res}failhospital == 1
   {txt}analysis time _t:  {res}(stophospital-origin)/365.25
             {txt}origin:  {res}time enter_date
{txt}  enter on or after:  {res}time enter_date
                 {txt}id:  {res}patient_id

{txt}Cohort{col 12}{c |}{col 15}person-time{col 29}failures{col 45}rate{col 52}[95% Conf. Interval]
{hline 11}{c +}{hline 59}
     total{col 12}{c |}{col 16}{res}  16535.08{col 29}      72{col 39} .00435438{col 51} .0034563{col 63} .0054858

         {txt}failure _d:  {res}failhospital == 1
   {txt}analysis time _t:  {res}(stophospital-origin)/365.25
             {txt}origin:  {res}time enter_date
{txt}  enter on or after:  {res}time enter_date
                 {txt}id:  {res}patient_id

{txt}Cohort{col 12}{c |}{col 15}person-time{col 29}failures{col 45}rate{col 52}[95% Conf. Interval]
{hline 11}{c +}{hline 59}
     total{col 12}{c |}{col 16}{res} 3317.4894{col 29}      17{col 39} .00512436{col 51} .0031856{col 63}  .008243

         {txt}failure _d:  {res}failhospital == 1
   {txt}analysis time _t:  {res}(stophospital-origin)/365.25
             {txt}origin:  {res}time enter_date
{txt}  enter on or after:  {res}time enter_date
                 {txt}id:  {res}patient_id

{txt}Iteration 0:   log pseudolikelihood = {res}-22.005598
{txt}Iteration 1:   log pseudolikelihood = {res} -14.60775
{txt}Iteration 2:   log pseudolikelihood = {res}-13.485434
{txt}Iteration 3:   log pseudolikelihood = {res}-12.109638
{txt}Iteration 4:   log pseudolikelihood = {res}-11.908242
{txt}Iteration 5:   log pseudolikelihood = {res}-11.889757
{txt}Iteration 6:   log pseudolikelihood = {res}-11.883686
{txt}Iteration 7:   log pseudolikelihood = {res}-11.881446
{txt}Iteration 8:   log pseudolikelihood = {res}-11.880621
{txt}Iteration 9:   log pseudolikelihood = {res}-11.880318
{txt}Iteration 10:  log pseudolikelihood = {res}-11.880206
{txt}Iteration 11:  log pseudolikelihood = {res}-11.880165
{txt}Iteration 12:  log pseudolikelihood = {res} -11.88015
{txt}Iteration 13:  log pseudolikelihood = {res}-11.880144
{txt}Iteration 14:  log pseudolikelihood = {res}-11.880142
{txt}Iteration 15:  log pseudolikelihood = {res}-11.880141
{txt}Iteration 16:  log pseudolikelihood = {res}-11.880141
{txt}Iteration 17:  log pseudolikelihood = {res}-11.880141
{txt}Iteration 18:  log pseudolikelihood = {res}-11.880141
{txt}Iteration 19:  log pseudolikelihood = {res}-11.880141
{txt}Iteration 20:  log pseudolikelihood = {res}-11.880141
{txt}Iteration 21:  log pseudolikelihood = {res}-11.880141
{txt}Iteration 22:  log pseudolikelihood = {res}-11.880141
{txt}Iteration 23:  log pseudolikelihood = {res}-11.880141
{txt}Iteration 24:  log pseudolikelihood = {res}-11.880141
{txt}Iteration 25:  log pseudolikelihood = {res}-11.880141
{txt}Iteration 26:  log pseudolikelihood = {res}-11.880141
{txt}Iteration 27:  log pseudolikelihood = {res}-11.880141
{txt}Iteration 28:  log pseudolikelihood = {res}-11.880141
{txt}Iteration 29:  log pseudolikelihood = {res}-11.880141
{txt}Iteration 30:  log pseudolikelihood = {res}-11.880141
{txt}Iteration 31:  log pseudolikelihood = {res}-11.880141
{txt}Iteration 32:  log pseudolikelihood = {res}-11.880141
{txt}Iteration 33:  log pseudolikelihood = {res}-11.880141
{txt}Iteration 34:  log pseudolikelihood = {res}-11.880141
{txt}Iteration 35:  log pseudolikelihood = {res}-11.880141
{txt}Iteration 36:  log pseudolikelihood = {res}-11.880141
{txt}Refining estimates:
Iteration 0:   log pseudolikelihood = {res}-11.880141
{txt}Iteration 1:   log pseudolikelihood = {res}-11.880141
{txt}Iteration 2:   log pseudolikelihood = {res}-11.880141
{txt}Iteration 3:   log pseudolikelihood = {res}-11.880141
{txt}Iteration 4:   log pseudolikelihood = {res}-11.880141
{txt}Iteration 5:   log pseudolikelihood = {res}-11.880141
{txt}Iteration 6:   log pseudolikelihood = {res}-11.880141
{txt}Iteration 7:   log pseudolikelihood = {res}-11.880141
{txt}Iteration 8:   log pseudolikelihood = {res}-11.880141

{txt}Cox regression -- Breslow method for ties

No. of subjects      = {res}       1,534             {txt}Number of obs    =  {res}     1,534
{txt}No. of failures      = {res}           3
{txt}Time at risk         = {res} 772.7036277
                                                {txt}Wald chi2({res}12{txt})    =  {res}     64.35
{txt}Log pseudolikelihood =   {res}-11.880141             {txt}Prob > chi2      =  {res}    0.0000

{txt}{ralign 78:(Std. Err. adjusted for {res:1,534} clusters in patient_id)}
{hline 13}{c TT}{hline 11}{hline 11}{hline 9}{hline 8}{hline 13}{hline 12}
{col 14}{c |}{col 26}    Robust
{col 1}          _t{col 14}{c |} Haz. Ratio{col 26}   Std. Err.{col 38}      z{col 46}   P>|z|{col 54}     [95% Con{col 67}f. Interval]
{hline 13}{c +}{hline 11}{hline 11}{hline 9}{hline 8}{hline 13}{hline 12}
{space 8}imid {c |}{col 14}{res}{space 2} 2.22e+16{col 26}{space 2}        .{col 37}{space 1}       .{col 46}{space 3}    .{col 54}{space 4}        .{col 67}{space 3}        .
{txt}{space 12} {c |}
{space 4}agegroup {c |}
{space 5}40-<50  {c |}{col 14}{res}{space 2} 1.47e-20{col 26}{space 2}        .{col 37}{space 1}       .{col 46}{space 3}    .{col 54}{space 4}        .{col 67}{space 3}        .
{txt}{space 5}50-<60  {c |}{col 14}{res}{space 2} 1.67e-20{col 26}{space 2}        .{col 37}{space 1}       .{col 46}{space 3}    .{col 54}{space 4}        .{col 67}{space 3}        .
{txt}{space 5}60-<70  {c |}{col 14}{res}{space 2} 2.37e-20{col 26}{space 2}        .{col 37}{space 1}       .{col 46}{space 3}    .{col 54}{space 4}        .{col 67}{space 3}        .
{txt}{space 5}70-<80  {c |}{col 14}{res}{space 2} 1.17e-19{col 26}{space 2}        .{col 37}{space 1}       .{col 46}{space 3}    .{col 54}{space 4}        .{col 67}{space 3}        .
{txt}{space 8}80+  {c |}{col 14}{res}{space 2} 1.09e-19{col 26}{space 2}        .{col 37}{space 1}       .{col 46}{space 3}    .{col 54}{space 4}        .{col 67}{space 3}        .
{txt}{space 12} {c |}
{space 8}male {c |}{col 14}{res}{space 2}  .486022{col 26}{space 2} .7677723{col 37}{space 1}   -0.46{col 46}{space 3}0.648{col 54}{space 4} .0219789{col 67}{space 3} 10.74744
{txt}{space 12} {c |}
{space 3}ethnicity {c |}
South Asian  {c |}{col 14}{res}{space 2} 8.180967{col 26}{space 2} 11.08814{col 37}{space 1}    1.55{col 46}{space 3}0.121{col 54}{space 4} .5742769{col 67}{space 3} 116.5435
{txt}{space 6}Other  {c |}{col 14}{res}{space 2} 4.20e-19{col 26}{space 2}        .{col 37}{space 1}       .{col 46}{space 3}    .{col 54}{space 4}        .{col 67}{space 3}        .
{txt}{space 12} {c |}
{space 9}imd {c |}
{space 10}4  {c |}{col 14}{res}{space 2}  3.89185{col 26}{space 2}   4.0913{col 37}{space 1}    1.29{col 46}{space 3}0.196{col 54}{space 4} .4958293{col 67}{space 3} 30.54781
{txt}5 most de..  {c |}{col 14}{res}{space 2} 5.43e-20{col 26}{space 2}        .{col 37}{space 1}       .{col 46}{space 3}    .{col 54}{space 4}        .{col 67}{space 3}        .
{txt}{space 12} {c |}
{space 6}bmicat {c |}{col 14}{res}{space 2} 1.067479{col 26}{space 2} .4245773{col 37}{space 1}    0.16{col 46}{space 3}0.870{col 54}{space 4} .4895578{col 67}{space 3} 2.327635
{txt}{space 7}bowel {c |}{col 14}{res}{space 2} .9570596{col 26}{space 2} 1.643642{col 37}{space 1}   -0.03{col 46}{space 3}0.980{col 54}{space 4} .0330443{col 67}{space 3} 27.71928
{txt}{space 8}skin {c |}{col 14}{res}{space 2} .9529061{col 26}{space 2} 1.819567{col 37}{space 1}   -0.03{col 46}{space 3}0.980{col 54}{space 4} .0225781{col 67}{space 3} 40.21728
{txt}{space 7}joint {c |}{col 14}{res}{space 2} 2.918568{col 26}{space 2} 3.049253{col 37}{space 1}    1.03{col 46}{space 3}0.305{col 54}{space 4} .3765771{col 67}{space 3} 22.61964
{txt}chronic_c~se {c |}{col 14}{res}{space 2} 7.09e-20{col 26}{space 2}        .{col 37}{space 1}       .{col 46}{space 3}    .{col 54}{space 4}        .{col 67}{space 3}        .
{txt}{space 6}cancer {c |}{col 14}{res}{space 2} 1.285595{col 26}{space 2} 1.720682{col 37}{space 1}    0.19{col 46}{space 3}0.851{col 54}{space 4} .0932886{col 67}{space 3} 17.71657
{txt}{space 6}stroke {c |}{col 14}{res}{space 2} 6.644749{col 26}{space 2} 11.88776{col 37}{space 1}    1.06{col 46}{space 3}0.290{col 54}{space 4} .1993607{col 67}{space 3} 221.4714
{txt}{space 12} {c |}
{space 5}diabcat {c |}
Controlle..  {c |}{col 14}{res}{space 2} .0018002{col 26}{space 2}        .{col 37}{space 1}       .{col 46}{space 3}    .{col 54}{space 4}        .{col 67}{space 3}        .
{txt}Diabetes,..  {c |}{col 14}{res}{space 2} 1.10e-19{col 26}{space 2}        .{col 37}{space 1}       .{col 46}{space 3}    .{col 54}{space 4}        .{col 67}{space 3}        .
{txt}{space 12} {c |}
{space 2}steroidcat {c |}{col 14}{res}{space 2} 11.36244{col 26}{space 2} 13.51248{col 37}{space 1}    2.04{col 46}{space 3}0.041{col 54}{space 4} 1.104595{col 67}{space 3}   116.88
{txt}{space 12} {c |}
{space 9}ckd {c |}
{space 8}CKD  {c |}{col 14}{res}{space 2} .4884332{col 26}{space 2} .4060282{col 37}{space 1}   -0.86{col 46}{space 3}0.389{col 54}{space 4} .0957662{col 67}{space 3}  2.49114
{txt}chronic_l~se {c |}{col 14}{res}{space 2} 1.458407{col 26}{space 2} 3.280359{col 37}{space 1}    0.17{col 46}{space 3}0.867{col 54}{space 4} .0177539{col 67}{space 3} 119.8023
{txt}chronic_r~se {c |}{col 14}{res}{space 2} 8.56e-20{col 26}{space 2}        .{col 37}{space 1}       .{col 46}{space 3}    .{col 54}{space 4}        .{col 67}{space 3}        .
{txt}{hline 13}{c BT}{hline 11}{hline 11}{hline 9}{hline 8}{hline 13}{hline 12}

         failure _d:  {res}failhospital == 1
   {txt}analysis time _t:  {res}(stophospital-origin)/365.25
             {txt}origin:  {res}time enter_date
{txt}  enter on or after:  {res}time enter_date
                 {txt}id:  {res}patient_id

{txt}Cohort{col 12}{c |}{col 15}person-time{col 29}failures{col 45}rate{col 52}[95% Conf. Interval]
{hline 11}{c +}{hline 59}
     total{col 12}{c |}{col 16}{res}  16535.08{col 29}      72{col 39} .00435438{col 51} .0034563{col 63} .0054858

         {txt}failure _d:  {res}failhospital == 1
   {txt}analysis time _t:  {res}(stophospital-origin)/365.25
             {txt}origin:  {res}time enter_date
{txt}  enter on or after:  {res}time enter_date
                 {txt}id:  {res}patient_id

{txt}Cohort{col 12}{c |}{col 15}person-time{col 29}failures{col 45}rate{col 52}[95% Conf. Interval]
{hline 11}{c +}{hline 59}
     total{col 12}{c |}{col 16}{res} 3317.4894{col 29}      17{col 39} .00512436{col 51} .0031856{col 63}  .008243

                {txt}id:  {res}patient_id
     {txt}failure event:  {res}failicuordeath == 1
{txt}obs. time interval:  {res}(stopicuordeath[_n-1], stopicuordeath]
{txt} enter on or after:  {res}time enter_date
{txt} exit on or before:  {res}failure
    {txt}t for analysis:  {res}(time-origin)/365.25
            {txt}origin:  {res}time enter_date

{txt}{hline 78}
{res}     39,427{txt}  total observations
{res}          0{txt}  exclusions
{hline 78}
{res}     39,427{txt}  observations remaining, representing
{res}     39,427{txt}  subjects
{res}        406{txt}  failures in single-failure-per-subject data
{res} 19,825.372{txt}  total analysis time at risk and under observation
                                                at risk from t = {res}        0
                                     {txt}earliest observed entry t = {res}        0
                                          {txt}last observed exit t = {res} .5037645

         {txt}failure _d:  {res}failicuordeath == 1
   {txt}analysis time _t:  {res}(stopicuordeath-origin)/365.25
             {txt}origin:  {res}time enter_date
{txt}  enter on or after:  {res}time enter_date
                 {txt}id:  {res}patient_id

{txt}Iteration 0:   log pseudolikelihood = {res}-4295.0982
{txt}Iteration 1:   log pseudolikelihood = {res}-4295.0979
{txt}Iteration 2:   log pseudolikelihood = {res}-4295.0979
{txt}Refining estimates:
Iteration 0:   log pseudolikelihood = {res}-4295.0979

{txt}Cox regression -- Breslow method for ties

No. of subjects      = {res}      39,427             {txt}Number of obs    =  {res}    39,427
{txt}No. of failures      = {res}         406
{txt}Time at risk         = {res} 19825.37166
                                                {txt}Wald chi2({res}1{txt})     =  {res}      0.00
{txt}Log pseudolikelihood =   {res}-4295.0979             {txt}Prob > chi2      =  {res}    0.9813

{txt}{ralign 78:(Std. Err. adjusted for {res:39,427} clusters in patient_id)}
{hline 13}{c TT}{hline 11}{hline 11}{hline 9}{hline 8}{hline 13}{hline 12}
{col 14}{c |}{col 26}    Robust
{col 1}          _t{col 14}{c |} Haz. Ratio{col 26}   Std. Err.{col 38}      z{col 46}   P>|z|{col 54}     [95% Con{col 67}f. Interval]
{hline 13}{c +}{hline 11}{hline 11}{hline 9}{hline 8}{hline 13}{hline 12}
{space 8}imid {c |}{col 14}{res}{space 2} .9968879{col 26}{space 2} .1322679{col 37}{space 1}   -0.02{col 46}{space 3}0.981{col 54}{space 4} .7686138{col 67}{space 3} 1.292958
{txt}{hline 13}{c BT}{hline 11}{hline 11}{hline 9}{hline 8}{hline 13}{hline 12}

         failure _d:  {res}failicuordeath == 1
   {txt}analysis time _t:  {res}(stopicuordeath-origin)/365.25
             {txt}origin:  {res}time enter_date
{txt}  enter on or after:  {res}time enter_date
                 {txt}id:  {res}patient_id

{txt}Cohort{col 12}{c |}{col 15}person-time{col 29}failures{col 45}rate{col 52}[95% Conf. Interval]
{hline 11}{c +}{hline 59}
     total{col 12}{c |}{col 16}{res} 16513.555{col 29}     338{col 39} .02046803{col 51} .0183983{col 63} .0227706

         {txt}failure _d:  {res}failicuordeath == 1
   {txt}analysis time _t:  {res}(stopicuordeath-origin)/365.25
             {txt}origin:  {res}time enter_date
{txt}  enter on or after:  {res}time enter_date
                 {txt}id:  {res}patient_id

{txt}Cohort{col 12}{c |}{col 15}person-time{col 29}failures{col 45}rate{col 52}[95% Conf. Interval]
{hline 11}{c +}{hline 59}
     total{col 12}{c |}{col 16}{res} 3311.8166{col 29}      68{col 39} .02053254{col 51}  .016189{col 63} .0260415

         {txt}failure _d:  {res}failicuordeath == 1
   {txt}analysis time _t:  {res}(stopicuordeath-origin)/365.25
             {txt}origin:  {res}time enter_date
{txt}  enter on or after:  {res}time enter_date
                 {txt}id:  {res}patient_id

{txt}Iteration 0:   log pseudolikelihood = {res}-4295.0982
{txt}Iteration 1:   log pseudolikelihood = {res}-4292.2776
{txt}Iteration 2:   log pseudolikelihood = {res}-4292.2693
{txt}Iteration 3:   log pseudolikelihood = {res}-4292.2693
{txt}Refining estimates:
Iteration 0:   log pseudolikelihood = {res}-4292.2693

{txt}Cox regression -- Breslow method for ties

No. of subjects      = {res}      39,427             {txt}Number of obs    =  {res}    39,427
{txt}No. of failures      = {res}         406
{txt}Time at risk         = {res} 19825.37166
                                                {txt}Wald chi2({res}7{txt})     =  {res}      5.77
{txt}Log pseudolikelihood =   {res}-4292.2693             {txt}Prob > chi2      =  {res}    0.5666

{txt}{ralign 78:(Std. Err. adjusted for {res:39,427} clusters in patient_id)}
{hline 13}{c TT}{hline 11}{hline 11}{hline 9}{hline 8}{hline 13}{hline 12}
{col 14}{c |}{col 26}    Robust
{col 1}          _t{col 14}{c |} Haz. Ratio{col 26}   Std. Err.{col 38}      z{col 46}   P>|z|{col 54}     [95% Con{col 67}f. Interval]
{hline 13}{c +}{hline 11}{hline 11}{hline 9}{hline 8}{hline 13}{hline 12}
{space 8}imid {c |}{col 14}{res}{space 2} .9946242{col 26}{space 2}    .1319{col 37}{space 1}   -0.04{col 46}{space 3}0.968{col 54}{space 4} .7669706{col 67}{space 3}  1.28985
{txt}{space 12} {c |}
{space 4}agegroup {c |}
{space 5}40-<50  {c |}{col 14}{res}{space 2} 1.232553{col 26}{space 2} .1823671{col 37}{space 1}    1.41{col 46}{space 3}0.158{col 54}{space 4} .9222797{col 67}{space 3} 1.647207
{txt}{space 5}50-<60  {c |}{col 14}{res}{space 2} 1.148468{col 26}{space 2} .1699472{col 37}{space 1}    0.94{col 46}{space 3}0.350{col 54}{space 4} .8593311{col 67}{space 3} 1.534891
{txt}{space 5}60-<70  {c |}{col 14}{res}{space 2} 1.383222{col 26}{space 2}  .207557{col 37}{space 1}    2.16{col 46}{space 3}0.031{col 54}{space 4} 1.030781{col 67}{space 3} 1.856169
{txt}{space 5}70-<80  {c |}{col 14}{res}{space 2} 1.230055{col 26}{space 2}  .210411{col 37}{space 1}    1.21{col 46}{space 3}0.226{col 54}{space 4} .8796696{col 67}{space 3} 1.720004
{txt}{space 8}80+  {c |}{col 14}{res}{space 2} 1.045482{col 26}{space 2} .2365157{col 37}{space 1}    0.20{col 46}{space 3}0.844{col 54}{space 4} .6710459{col 67}{space 3} 1.628849
{txt}{space 12} {c |}
{space 8}male {c |}{col 14}{res}{space 2} 1.035991{col 26}{space 2} .1027412{col 37}{space 1}    0.36{col 46}{space 3}0.721{col 54}{space 4} .8529833{col 67}{space 3} 1.258262
{txt}{hline 13}{c BT}{hline 11}{hline 11}{hline 9}{hline 8}{hline 13}{hline 12}

         failure _d:  {res}failicuordeath == 1
   {txt}analysis time _t:  {res}(stopicuordeath-origin)/365.25
             {txt}origin:  {res}time enter_date
{txt}  enter on or after:  {res}time enter_date
                 {txt}id:  {res}patient_id

{txt}Cohort{col 12}{c |}{col 15}person-time{col 29}failures{col 45}rate{col 52}[95% Conf. Interval]
{hline 11}{c +}{hline 59}
     total{col 12}{c |}{col 16}{res} 16513.555{col 29}     338{col 39} .02046803{col 51} .0183983{col 63} .0227706

         {txt}failure _d:  {res}failicuordeath == 1
   {txt}analysis time _t:  {res}(stopicuordeath-origin)/365.25
             {txt}origin:  {res}time enter_date
{txt}  enter on or after:  {res}time enter_date
                 {txt}id:  {res}patient_id

{txt}Cohort{col 12}{c |}{col 15}person-time{col 29}failures{col 45}rate{col 52}[95% Conf. Interval]
{hline 11}{c +}{hline 59}
     total{col 12}{c |}{col 16}{res} 3311.8166{col 29}      68{col 39} .02053254{col 51}  .016189{col 63} .0260415

         {txt}failure _d:  {res}failicuordeath == 1
   {txt}analysis time _t:  {res}(stopicuordeath-origin)/365.25
             {txt}origin:  {res}time enter_date
{txt}  enter on or after:  {res}time enter_date
                 {txt}id:  {res}patient_id

{txt}Iteration 0:   log pseudolikelihood = {res}-153.97974
{txt}Iteration 1:   log pseudolikelihood = {res}-145.92334
{txt}Iteration 2:   log pseudolikelihood = {res}-144.57578
{txt}Iteration 3:   log pseudolikelihood = {res}-144.41758
{txt}Iteration 4:   log pseudolikelihood = {res}-144.36135
{txt}Iteration 5:   log pseudolikelihood = {res}-144.34074
{txt}Iteration 6:   log pseudolikelihood = {res}-144.33317
{txt}Iteration 7:   log pseudolikelihood = {res}-144.33039
{txt}Iteration 8:   log pseudolikelihood = {res}-144.32937
{txt}Iteration 9:   log pseudolikelihood = {res}-144.32899
{txt}Iteration 10:  log pseudolikelihood = {res}-144.32885
{txt}Iteration 11:  log pseudolikelihood = {res} -144.3288
{txt}Iteration 12:  log pseudolikelihood = {res}-144.32878
{txt}Iteration 13:  log pseudolikelihood = {res}-144.32877
{txt}Iteration 14:  log pseudolikelihood = {res}-144.32877
{txt}Iteration 15:  log pseudolikelihood = {res}-144.32877
{txt}Iteration 16:  log pseudolikelihood = {res}-144.32877
{txt}Iteration 17:  log pseudolikelihood = {res}-144.32877
{txt}Iteration 18:  log pseudolikelihood = {res}-144.32877
{txt}Iteration 19:  log pseudolikelihood = {res}-144.32877
{txt}Iteration 20:  log pseudolikelihood = {res}-144.32877
{txt}Iteration 21:  log pseudolikelihood = {res}-144.32877
{txt}Iteration 22:  log pseudolikelihood = {res}-144.32877
{txt}Iteration 23:  log pseudolikelihood = {res}-144.32877
{txt}Iteration 24:  log pseudolikelihood = {res}-144.32877
{txt}Iteration 25:  log pseudolikelihood = {res}-144.32877
{txt}Iteration 26:  log pseudolikelihood = {res}-144.32877
{txt}Iteration 27:  log pseudolikelihood = {res}-144.32877
{txt}Iteration 28:  log pseudolikelihood = {res}-144.32877
{txt}Iteration 29:  log pseudolikelihood = {res}-144.32877
{txt}Iteration 30:  log pseudolikelihood = {res}-144.32877
{txt}Iteration 31:  log pseudolikelihood = {res}-144.32877
{txt}Iteration 32:  log pseudolikelihood = {res}-144.32877
{txt}Iteration 33:  log pseudolikelihood = {res}-144.32877
{txt}Iteration 34:  log pseudolikelihood = {res}-144.32877
{txt}Iteration 35:  log pseudolikelihood = {res}-144.32877
{txt}Iteration 36:  log pseudolikelihood = {res}-144.32877
{txt}Iteration 37:  log pseudolikelihood = {res}-144.32877
{txt}Iteration 38:  log pseudolikelihood = {res}-144.32877
{txt}Iteration 39:  log pseudolikelihood = {res}-144.32877
{txt}Refining estimates:
Iteration 0:   log pseudolikelihood = {res}-144.32877
{txt}Iteration 1:   log pseudolikelihood = {res}-144.32877
{txt}Iteration 2:   log pseudolikelihood = {res}-144.32877

{txt}Cox regression -- Breslow method for ties

No. of subjects      = {res}       1,534             {txt}Number of obs    =  {res}     1,534
{txt}No. of failures      = {res}          21
{txt}Time at risk         = {res} 771.4606434
                                                {txt}Wald chi2({res}19{txt})    =  {res}  30488.09
{txt}Log pseudolikelihood =   {res}-144.32877             {txt}Prob > chi2      =  {res}    0.0000

{txt}{ralign 78:(Std. Err. adjusted for {res:1,534} clusters in patient_id)}
{hline 13}{c TT}{hline 11}{hline 11}{hline 9}{hline 8}{hline 13}{hline 12}
{col 14}{c |}{col 26}    Robust
{col 1}          _t{col 14}{c |} Haz. Ratio{col 26}   Std. Err.{col 38}      z{col 46}   P>|z|{col 54}     [95% Con{col 67}f. Interval]
{hline 13}{c +}{hline 11}{hline 11}{hline 9}{hline 8}{hline 13}{hline 12}
{space 8}imid {c |}{col 14}{res}{space 2} 1.767804{col 26}{space 2} 1.391798{col 37}{space 1}    0.72{col 46}{space 3}0.469{col 54}{space 4} .3778162{col 67}{space 3} 8.271569
{txt}{space 12} {c |}
{space 4}agegroup {c |}
{space 5}40-<50  {c |}{col 14}{res}{space 2} 1.497227{col 26}{space 2} .9729244{col 37}{space 1}    0.62{col 46}{space 3}0.535{col 54}{space 4} .4189498{col 67}{space 3} 5.350734
{txt}{space 5}50-<60  {c |}{col 14}{res}{space 2}  1.41482{col 26}{space 2} .9539453{col 37}{space 1}    0.51{col 46}{space 3}0.607{col 54}{space 4}  .377378{col 67}{space 3}  5.30427
{txt}{space 5}60-<70  {c |}{col 14}{res}{space 2} 1.537477{col 26}{space 2} 1.122279{col 37}{space 1}    0.59{col 46}{space 3}0.556{col 54}{space 4} .3676841{col 67}{space 3} 6.428982
{txt}{space 5}70-<80  {c |}{col 14}{res}{space 2}   1.5085{col 26}{space 2} 1.096082{col 37}{space 1}    0.57{col 46}{space 3}0.572{col 54}{space 4} .3631273{col 67}{space 3} 6.266598
{txt}{space 8}80+  {c |}{col 14}{res}{space 2} 2.011549{col 26}{space 2} 1.699139{col 37}{space 1}    0.83{col 46}{space 3}0.408{col 54}{space 4} .3841739{col 67}{space 3} 10.53255
{txt}{space 12} {c |}
{space 8}male {c |}{col 14}{res}{space 2} 1.476777{col 26}{space 2}  .652656{col 37}{space 1}    0.88{col 46}{space 3}0.378{col 54}{space 4}  .621054{col 67}{space 3} 3.511561
{txt}{space 12} {c |}
{space 3}ethnicity {c |}
South Asian  {c |}{col 14}{res}{space 2} 1.21e-18{col 26}{space 2} 3.27e-19{col 37}{space 1} -153.02{col 46}{space 3}0.000{col 54}{space 4} 7.16e-19{col 67}{space 3} 2.06e-18
{txt}{space 6}Other  {c |}{col 14}{res}{space 2} 2.988761{col 26}{space 2} 1.525406{col 37}{space 1}    2.15{col 46}{space 3}0.032{col 54}{space 4} 1.099143{col 67}{space 3}  8.12696
{txt}{space 12} {c |}
{space 9}imd {c |}
{space 10}4  {c |}{col 14}{res}{space 2} .7288005{col 26}{space 2} .4272064{col 37}{space 1}   -0.54{col 46}{space 3}0.589{col 54}{space 4} .2310221{col 67}{space 3} 2.299131
{txt}5 most de..  {c |}{col 14}{res}{space 2} .7968266{col 26}{space 2} .5844846{col 37}{space 1}   -0.31{col 46}{space 3}0.757{col 54}{space 4} .1892319{col 67}{space 3} 3.355315
{txt}{space 12} {c |}
{space 6}bmicat {c |}{col 14}{res}{space 2} 1.354268{col 26}{space 2} .2136257{col 37}{space 1}    1.92{col 46}{space 3}0.055{col 54}{space 4} .9941087{col 67}{space 3}  1.84491
{txt}{space 7}bowel {c |}{col 14}{res}{space 2} .3944385{col 26}{space 2} .2060907{col 37}{space 1}   -1.78{col 46}{space 3}0.075{col 54}{space 4} .1416557{col 67}{space 3}  1.09831
{txt}{space 8}skin {c |}{col 14}{res}{space 2} 1.031257{col 26}{space 2} .5075691{col 37}{space 1}    0.06{col 46}{space 3}0.950{col 54}{space 4} .3930237{col 67}{space 3} 2.705923
{txt}{space 7}joint {c |}{col 14}{res}{space 2} .6653328{col 26}{space 2} .3212623{col 37}{space 1}   -0.84{col 46}{space 3}0.399{col 54}{space 4} .2582427{col 67}{space 3} 1.714153
{txt}chronic_c~se {c |}{col 14}{res}{space 2} .6450515{col 26}{space 2} .4061553{col 37}{space 1}   -0.70{col 46}{space 3}0.486{col 54}{space 4} .1877747{col 67}{space 3} 2.215907
{txt}{space 6}cancer {c |}{col 14}{res}{space 2} 1.657681{col 26}{space 2} .7609917{col 37}{space 1}    1.10{col 46}{space 3}0.271{col 54}{space 4} .6741241{col 67}{space 3} 4.076262
{txt}{space 6}stroke {c |}{col 14}{res}{space 2} .5850081{col 26}{space 2} .3637372{col 37}{space 1}   -0.86{col 46}{space 3}0.389{col 54}{space 4} .1729478{col 67}{space 3} 1.978831
{txt}1.steroidcat {c |}{col 14}{res}{space 2} .5699738{col 26}{space 2} .5737808{col 37}{space 1}   -0.56{col 46}{space 3}0.577{col 54}{space 4} .0792443{col 67}{space 3} 4.099603
{txt}{hline 13}{c BT}{hline 11}{hline 11}{hline 9}{hline 8}{hline 13}{hline 12}

         failure _d:  {res}failicuordeath == 1
   {txt}analysis time _t:  {res}(stopicuordeath-origin)/365.25
             {txt}origin:  {res}time enter_date
{txt}  enter on or after:  {res}time enter_date
                 {txt}id:  {res}patient_id

{txt}Cohort{col 12}{c |}{col 15}person-time{col 29}failures{col 45}rate{col 52}[95% Conf. Interval]
{hline 11}{c +}{hline 59}
     total{col 12}{c |}{col 16}{res} 16513.555{col 29}     338{col 39} .02046803{col 51} .0183983{col 63} .0227706

         {txt}failure _d:  {res}failicuordeath == 1
   {txt}analysis time _t:  {res}(stopicuordeath-origin)/365.25
             {txt}origin:  {res}time enter_date
{txt}  enter on or after:  {res}time enter_date
                 {txt}id:  {res}patient_id

{txt}Cohort{col 12}{c |}{col 15}person-time{col 29}failures{col 45}rate{col 52}[95% Conf. Interval]
{hline 11}{c +}{hline 59}
     total{col 12}{c |}{col 16}{res} 3311.8166{col 29}      68{col 39} .02053254{col 51}  .016189{col 63} .0260415

         {txt}failure _d:  {res}failicuordeath == 1
   {txt}analysis time _t:  {res}(stopicuordeath-origin)/365.25
             {txt}origin:  {res}time enter_date
{txt}  enter on or after:  {res}time enter_date
                 {txt}id:  {res}patient_id

{txt}Iteration 0:   log pseudolikelihood = {res}-153.97974
{txt}Iteration 1:   log pseudolikelihood = {res}-144.62123
{txt}Iteration 2:   log pseudolikelihood = {res}-142.75743
{txt}Iteration 3:   log pseudolikelihood = {res}-142.60422
{txt}Iteration 4:   log pseudolikelihood = {res}-142.55125
{txt}Iteration 5:   log pseudolikelihood = {res}-142.53184
{txt}Iteration 6:   log pseudolikelihood = {res} -142.5247
{txt}Iteration 7:   log pseudolikelihood = {res}-142.52208
{txt}Iteration 8:   log pseudolikelihood = {res}-142.52112
{txt}Iteration 9:   log pseudolikelihood = {res}-142.52076
{txt}Iteration 10:  log pseudolikelihood = {res}-142.52063
{txt}Iteration 11:  log pseudolikelihood = {res}-142.52058
{txt}Iteration 12:  log pseudolikelihood = {res}-142.52057
{txt}Iteration 13:  log pseudolikelihood = {res}-142.52056
{txt}Iteration 14:  log pseudolikelihood = {res}-142.52056
{txt}Iteration 15:  log pseudolikelihood = {res}-142.52056
{txt}Iteration 16:  log pseudolikelihood = {res}-142.52056
{txt}Iteration 17:  log pseudolikelihood = {res}-142.52056
{txt}Iteration 18:  log pseudolikelihood = {res}-142.52056
{txt}Iteration 19:  log pseudolikelihood = {res}-142.52056
{txt}Iteration 20:  log pseudolikelihood = {res}-142.52056
{txt}Iteration 21:  log pseudolikelihood = {res}-142.52056
{txt}Iteration 22:  log pseudolikelihood = {res}-142.52056
{txt}Iteration 23:  log pseudolikelihood = {res}-142.52056
{txt}Iteration 24:  log pseudolikelihood = {res}-142.52056
{txt}Iteration 25:  log pseudolikelihood = {res}-142.52056
{txt}Iteration 26:  log pseudolikelihood = {res}-142.52056
{txt}Iteration 27:  log pseudolikelihood = {res}-142.52056
{txt}Iteration 28:  log pseudolikelihood = {res}-142.52056
{txt}Iteration 29:  log pseudolikelihood = {res}-142.52056
{txt}Iteration 30:  log pseudolikelihood = {res}-142.52056
{txt}Iteration 31:  log pseudolikelihood = {res}-142.52056
{txt}Iteration 32:  log pseudolikelihood = {res}-142.52056
{txt}Iteration 33:  log pseudolikelihood = {res}-142.52056
{txt}Refining estimates:
Iteration 0:   log pseudolikelihood = {res}-142.52056
{txt}Iteration 1:   log pseudolikelihood = {res}-142.52056
{txt}Iteration 2:   log pseudolikelihood = {res}-142.52056
{txt}Iteration 3:   log pseudolikelihood = {res}-142.52056

{txt}Cox regression -- Breslow method for ties

No. of subjects      = {res}       1,534             {txt}Number of obs    =  {res}     1,534
{txt}No. of failures      = {res}          21
{txt}Time at risk         = {res} 771.4606434
                                                {txt}Wald chi2({res}24{txt})    =  {res}  23715.08
{txt}Log pseudolikelihood =   {res}-142.52056             {txt}Prob > chi2      =  {res}    0.0000

{txt}{ralign 78:(Std. Err. adjusted for {res:1,534} clusters in patient_id)}
{hline 13}{c TT}{hline 11}{hline 11}{hline 9}{hline 8}{hline 13}{hline 12}
{col 14}{c |}{col 26}    Robust
{col 1}          _t{col 14}{c |} Haz. Ratio{col 26}   Std. Err.{col 38}      z{col 46}   P>|z|{col 54}     [95% Con{col 67}f. Interval]
{hline 13}{c +}{hline 11}{hline 11}{hline 9}{hline 8}{hline 13}{hline 12}
{space 8}imid {c |}{col 14}{res}{space 2} 1.667688{col 26}{space 2} 1.343473{col 37}{space 1}    0.63{col 46}{space 3}0.526{col 54}{space 4} .3438705{col 67}{space 3} 8.087877
{txt}{space 12} {c |}
{space 4}agegroup {c |}
{space 5}40-<50  {c |}{col 14}{res}{space 2} 1.420881{col 26}{space 2}  .908811{col 37}{space 1}    0.55{col 46}{space 3}0.583{col 54}{space 4} .4056207{col 67}{space 3} 4.977319
{txt}{space 5}50-<60  {c |}{col 14}{res}{space 2}  1.35979{col 26}{space 2} .9407042{col 37}{space 1}    0.44{col 46}{space 3}0.657{col 54}{space 4}  .350437{col 67}{space 3} 5.276354
{txt}{space 5}60-<70  {c |}{col 14}{res}{space 2} 1.576725{col 26}{space 2} 1.180352{col 37}{space 1}    0.61{col 46}{space 3}0.543{col 54}{space 4} .3635284{col 67}{space 3} 6.838705
{txt}{space 5}70-<80  {c |}{col 14}{res}{space 2}  1.53327{col 26}{space 2} 1.128011{col 37}{space 1}    0.58{col 46}{space 3}0.561{col 54}{space 4} .3625756{col 67}{space 3} 6.483937
{txt}{space 8}80+  {c |}{col 14}{res}{space 2} 2.122775{col 26}{space 2} 1.792699{col 37}{space 1}    0.89{col 46}{space 3}0.373{col 54}{space 4} .4055625{col 67}{space 3} 11.11092
{txt}{space 12} {c |}
{space 8}male {c |}{col 14}{res}{space 2} 1.478195{col 26}{space 2}  .655975{col 37}{space 1}    0.88{col 46}{space 3}0.378{col 54}{space 4} .6194354{col 67}{space 3} 3.527503
{txt}{space 12} {c |}
{space 3}ethnicity {c |}
South Asian  {c |}{col 14}{res}{space 2} 1.70e-16{col 26}{space 2} 4.79e-17{col 37}{space 1} -128.79{col 46}{space 3}0.000{col 54}{space 4} 9.78e-17{col 67}{space 3} 2.95e-16
{txt}{space 6}Other  {c |}{col 14}{res}{space 2} 2.673533{col 26}{space 2} 1.201877{col 37}{space 1}    2.19{col 46}{space 3}0.029{col 54}{space 4} 1.107723{col 67}{space 3} 6.452679
{txt}{space 12} {c |}
{space 9}imd {c |}
{space 10}4  {c |}{col 14}{res}{space 2} .7406534{col 26}{space 2}  .444368{col 37}{space 1}   -0.50{col 46}{space 3}0.617{col 54}{space 4} .2285187{col 67}{space 3} 2.400536
{txt}5 most de..  {c |}{col 14}{res}{space 2} .7701854{col 26}{space 2} .5453689{col 37}{space 1}   -0.37{col 46}{space 3}0.712{col 54}{space 4} .1922467{col 67}{space 3} 3.085544
{txt}{space 12} {c |}
{space 6}bmicat {c |}{col 14}{res}{space 2} 1.356148{col 26}{space 2}   .21627{col 37}{space 1}    1.91{col 46}{space 3}0.056{col 54}{space 4} .9921168{col 67}{space 3} 1.853751
{txt}{space 7}bowel {c |}{col 14}{res}{space 2} .4119033{col 26}{space 2} .2165397{col 37}{space 1}   -1.69{col 46}{space 3}0.092{col 54}{space 4} .1469989{col 67}{space 3} 1.154188
{txt}{space 8}skin {c |}{col 14}{res}{space 2} 1.077498{col 26}{space 2} .5185122{col 37}{space 1}    0.16{col 46}{space 3}0.877{col 54}{space 4} .4195684{col 67}{space 3} 2.767136
{txt}{space 7}joint {c |}{col 14}{res}{space 2} .6763979{col 26}{space 2} .3305341{col 37}{space 1}   -0.80{col 46}{space 3}0.424{col 54}{space 4} .2595657{col 67}{space 3} 1.762614
{txt}chronic_c~se {c |}{col 14}{res}{space 2} .6548347{col 26}{space 2} .4033754{col 37}{space 1}   -0.69{col 46}{space 3}0.492{col 54}{space 4} .1957921{col 67}{space 3} 2.190122
{txt}{space 6}cancer {c |}{col 14}{res}{space 2} 1.694683{col 26}{space 2} .7972167{col 37}{space 1}    1.12{col 46}{space 3}0.262{col 54}{space 4} .6740066{col 67}{space 3} 4.261011
{txt}{space 6}stroke {c |}{col 14}{res}{space 2} .5657323{col 26}{space 2} .3474043{col 37}{space 1}   -0.93{col 46}{space 3}0.354{col 54}{space 4} .1697876{col 67}{space 3}  1.88502
{txt}{space 12} {c |}
{space 5}diabcat {c |}
Controlle..  {c |}{col 14}{res}{space 2} 1.62e-15{col 26}{space 2} 2.84e-15{col 37}{space 1}  -19.38{col 46}{space 3}0.000{col 54}{space 4} 5.16e-17{col 67}{space 3} 5.06e-14
{txt}Diabetes,..  {c |}{col 14}{res}{space 2} 2.468891{col 26}{space 2} 1.039765{col 37}{space 1}    2.15{col 46}{space 3}0.032{col 54}{space 4} 1.081487{col 67}{space 3} 5.636148
{txt}{space 12} {c |}
{space 2}steroidcat {c |}{col 14}{res}{space 2} .5583799{col 26}{space 2} .5648492{col 37}{space 1}   -0.58{col 46}{space 3}0.565{col 54}{space 4} .0768894{col 67}{space 3} 4.055022
{txt}{space 12} {c |}
{space 9}ckd {c |}
{space 8}CKD  {c |}{col 14}{res}{space 2}  .897364{col 26}{space 2} .3908933{col 37}{space 1}   -0.25{col 46}{space 3}0.804{col 54}{space 4} .3821059{col 67}{space 3} 2.107432
{txt}chronic_l~se {c |}{col 14}{res}{space 2} .9759576{col 26}{space 2} .4607286{col 37}{space 1}   -0.05{col 46}{space 3}0.959{col 54}{space 4} .3868984{col 67}{space 3} 2.461869
{txt}chronic_r~se {c |}{col 14}{res}{space 2} .9239915{col 26}{space 2} .5427203{col 37}{space 1}   -0.13{col 46}{space 3}0.893{col 54}{space 4} .2922147{col 67}{space 3} 2.921689
{txt}{hline 13}{c BT}{hline 11}{hline 11}{hline 9}{hline 8}{hline 13}{hline 12}

         failure _d:  {res}failicuordeath == 1
   {txt}analysis time _t:  {res}(stopicuordeath-origin)/365.25
             {txt}origin:  {res}time enter_date
{txt}  enter on or after:  {res}time enter_date
                 {txt}id:  {res}patient_id

{txt}Cohort{col 12}{c |}{col 15}person-time{col 29}failures{col 45}rate{col 52}[95% Conf. Interval]
{hline 11}{c +}{hline 59}
     total{col 12}{c |}{col 16}{res} 16513.555{col 29}     338{col 39} .02046803{col 51} .0183983{col 63} .0227706

         {txt}failure _d:  {res}failicuordeath == 1
   {txt}analysis time _t:  {res}(stopicuordeath-origin)/365.25
             {txt}origin:  {res}time enter_date
{txt}  enter on or after:  {res}time enter_date
                 {txt}id:  {res}patient_id

{txt}Cohort{col 12}{c |}{col 15}person-time{col 29}failures{col 45}rate{col 52}[95% Conf. Interval]
{hline 11}{c +}{hline 59}
     total{col 12}{c |}{col 16}{res} 3311.8166{col 29}      68{col 39} .02053254{col 51}  .016189{col 63} .0260415

                {txt}id:  {res}patient_id
     {txt}failure event:  {res}failhospital_sens == 1
{txt}obs. time interval:  {res}(stophospital_sens[_n-1], stophospital_sens]
{txt} enter on or after:  {res}time enter_date
{txt} exit on or before:  {res}failure
    {txt}t for analysis:  {res}(time-origin)/365.25
            {txt}origin:  {res}time enter_date

{txt}{hline 78}
{res}     39,427{txt}  total observations
{res}          0{txt}  exclusions
{hline 78}
{res}     39,427{txt}  observations remaining, representing
{res}     39,427{txt}  subjects
{res}        687{txt}  failures in single-failure-per-subject data
{res} 19,833.029{txt}  total analysis time at risk and under observation
                                                at risk from t = {res}        0
                                     {txt}earliest observed entry t = {res}        0
                                          {txt}last observed exit t = {res} .5037645

         {txt}failure _d:  {res}failhospital_sens == 1
   {txt}analysis time _t:  {res}(stophospital_sens-origin)/365.25
             {txt}origin:  {res}time enter_date
{txt}  enter on or after:  {res}time enter_date
                 {txt}id:  {res}patient_id

{txt}Iteration 0:   log pseudolikelihood = {res}-7267.7148
{txt}Iteration 1:   log pseudolikelihood = {res}-7267.6892
{txt}Iteration 2:   log pseudolikelihood = {res}-7267.6892
{txt}Refining estimates:
Iteration 0:   log pseudolikelihood = {res}-7267.6892

{txt}Cox regression -- Breslow method for ties

No. of subjects      = {res}      39,427             {txt}Number of obs    =  {res}    39,427
{txt}No. of failures      = {res}         687
{txt}Time at risk         = {res} 19833.02943
                                                {txt}Wald chi2({res}1{txt})     =  {res}      0.05
{txt}Log pseudolikelihood =   {res}-7267.6892             {txt}Prob > chi2      =  {res}    0.8196

{txt}{ralign 78:(Std. Err. adjusted for {res:39,427} clusters in patient_id)}
{hline 13}{c TT}{hline 11}{hline 11}{hline 9}{hline 8}{hline 13}{hline 12}
{col 14}{c |}{col 26}    Robust
{col 1}          _t{col 14}{c |} Haz. Ratio{col 26}   Std. Err.{col 38}      z{col 46}   P>|z|{col 54}     [95% Con{col 67}f. Interval]
{hline 13}{c +}{hline 11}{hline 11}{hline 9}{hline 8}{hline 13}{hline 12}
{space 8}imid {c |}{col 14}{res}{space 2} .9772352{col 26}{space 2} .0986513{col 37}{space 1}   -0.23{col 46}{space 3}0.820{col 54}{space 4} .8018088{col 67}{space 3} 1.191043
{txt}{hline 13}{c BT}{hline 11}{hline 11}{hline 9}{hline 8}{hline 13}{hline 12}

         failure _d:  {res}failhospital_sens == 1
   {txt}analysis time _t:  {res}(stophospital_sens-origin)/365.25
             {txt}origin:  {res}time enter_date
{txt}  enter on or after:  {res}time enter_date
                 {txt}id:  {res}patient_id

{txt}Cohort{col 12}{c |}{col 15}person-time{col 29}failures{col 45}rate{col 52}[95% Conf. Interval]
{hline 11}{c +}{hline 59}
     total{col 12}{c |}{col 16}{res} 16519.088{col 29}     570{col 39} .03450554{col 51}  .031786{col 63} .0374578

         {txt}failure _d:  {res}failhospital_sens == 1
   {txt}analysis time _t:  {res}(stophospital_sens-origin)/365.25
             {txt}origin:  {res}time enter_date
{txt}  enter on or after:  {res}time enter_date
                 {txt}id:  {res}patient_id

{txt}Cohort{col 12}{c |}{col 15}person-time{col 29}failures{col 45}rate{col 52}[95% Conf. Interval]
{hline 11}{c +}{hline 59}
     total{col 12}{c |}{col 16}{res} 3313.9411{col 29}     117{col 39} .03530539{col 51} .0294542{col 63} .0423189

         {txt}failure _d:  {res}failhospital_sens == 1
   {txt}analysis time _t:  {res}(stophospital_sens-origin)/365.25
             {txt}origin:  {res}time enter_date
{txt}  enter on or after:  {res}time enter_date
                 {txt}id:  {res}patient_id

{txt}Iteration 0:   log pseudolikelihood = {res}-7267.7148
{txt}Iteration 1:   log pseudolikelihood = {res}-7263.9382
{txt}Iteration 2:   log pseudolikelihood = {res}-7263.9178
{txt}Iteration 3:   log pseudolikelihood = {res}-7263.9178
{txt}Refining estimates:
Iteration 0:   log pseudolikelihood = {res}-7263.9178

{txt}Cox regression -- Breslow method for ties

No. of subjects      = {res}      39,427             {txt}Number of obs    =  {res}    39,427
{txt}No. of failures      = {res}         687
{txt}Time at risk         = {res} 19833.02943
                                                {txt}Wald chi2({res}7{txt})     =  {res}      7.56
{txt}Log pseudolikelihood =   {res}-7263.9178             {txt}Prob > chi2      =  {res}    0.3732

{txt}{ralign 78:(Std. Err. adjusted for {res:39,427} clusters in patient_id)}
{hline 13}{c TT}{hline 11}{hline 11}{hline 9}{hline 8}{hline 13}{hline 12}
{col 14}{c |}{col 26}    Robust
{col 1}          _t{col 14}{c |} Haz. Ratio{col 26}   Std. Err.{col 38}      z{col 46}   P>|z|{col 54}     [95% Con{col 67}f. Interval]
{hline 13}{c +}{hline 11}{hline 11}{hline 9}{hline 8}{hline 13}{hline 12}
{space 8}imid {c |}{col 14}{res}{space 2} .9759047{col 26}{space 2} .0985337{col 37}{space 1}   -0.24{col 46}{space 3}0.809{col 54}{space 4} .8006903{col 67}{space 3} 1.189461
{txt}{space 12} {c |}
{space 4}agegroup {c |}
{space 5}40-<50  {c |}{col 14}{res}{space 2}  1.23558{col 26}{space 2} .1337539{col 37}{space 1}    1.95{col 46}{space 3}0.051{col 54}{space 4} .9993713{col 67}{space 3}  1.52762
{txt}{space 5}50-<60  {c |}{col 14}{res}{space 2} .9644472{col 26}{space 2} .1107731{col 37}{space 1}   -0.32{col 46}{space 3}0.753{col 54}{space 4} .7700384{col 67}{space 3} 1.207938
{txt}{space 5}60-<70  {c |}{col 14}{res}{space 2} 1.114371{col 26}{space 2} .1318028{col 37}{space 1}    0.92{col 46}{space 3}0.360{col 54}{space 4} .8837986{col 67}{space 3} 1.405096
{txt}{space 5}70-<80  {c |}{col 14}{res}{space 2} 1.067425{col 26}{space 2} .1410015{col 37}{space 1}    0.49{col 46}{space 3}0.621{col 54}{space 4} .8239449{col 67}{space 3} 1.382856
{txt}{space 8}80+  {c |}{col 14}{res}{space 2} .8083708{col 26}{space 2} .1494395{col 37}{space 1}   -1.15{col 46}{space 3}0.250{col 54}{space 4} .5626692{col 67}{space 3} 1.161363
{txt}{space 12} {c |}
{space 8}male {c |}{col 14}{res}{space 2} 1.025667{col 26}{space 2} .0779006{col 37}{space 1}    0.33{col 46}{space 3}0.739{col 54}{space 4}  .883805{col 67}{space 3} 1.190299
{txt}{hline 13}{c BT}{hline 11}{hline 11}{hline 9}{hline 8}{hline 13}{hline 12}

         failure _d:  {res}failhospital_sens == 1
   {txt}analysis time _t:  {res}(stophospital_sens-origin)/365.25
             {txt}origin:  {res}time enter_date
{txt}  enter on or after:  {res}time enter_date
                 {txt}id:  {res}patient_id

{txt}Cohort{col 12}{c |}{col 15}person-time{col 29}failures{col 45}rate{col 52}[95% Conf. Interval]
{hline 11}{c +}{hline 59}
     total{col 12}{c |}{col 16}{res} 16519.088{col 29}     570{col 39} .03450554{col 51}  .031786{col 63} .0374578

         {txt}failure _d:  {res}failhospital_sens == 1
   {txt}analysis time _t:  {res}(stophospital_sens-origin)/365.25
             {txt}origin:  {res}time enter_date
{txt}  enter on or after:  {res}time enter_date
                 {txt}id:  {res}patient_id

{txt}Cohort{col 12}{c |}{col 15}person-time{col 29}failures{col 45}rate{col 52}[95% Conf. Interval]
{hline 11}{c +}{hline 59}
     total{col 12}{c |}{col 16}{res} 3313.9411{col 29}     117{col 39} .03530539{col 51} .0294542{col 63} .0423189

         {txt}failure _d:  {res}failhospital_sens == 1
   {txt}analysis time _t:  {res}(stophospital_sens-origin)/365.25
             {txt}origin:  {res}time enter_date
{txt}  enter on or after:  {res}time enter_date
                 {txt}id:  {res}patient_id

{txt}Iteration 0:   log pseudolikelihood = {res}-183.34583
{txt}Iteration 1:   log pseudolikelihood = {res}-176.14454
{txt}Iteration 2:   log pseudolikelihood = {res}-175.46222
{txt}Iteration 3:   log pseudolikelihood = {res}-175.27066
{txt}Iteration 4:   log pseudolikelihood = {res}-175.20154
{txt}Iteration 5:   log pseudolikelihood = {res}-175.17621
{txt}Iteration 6:   log pseudolikelihood = {res}-175.16691
{txt}Iteration 7:   log pseudolikelihood = {res}-175.16349
{txt}Iteration 8:   log pseudolikelihood = {res}-175.16223
{txt}Iteration 9:   log pseudolikelihood = {res}-175.16177
{txt}Iteration 10:  log pseudolikelihood = {res} -175.1616
{txt}Iteration 11:  log pseudolikelihood = {res}-175.16154
{txt}Iteration 12:  log pseudolikelihood = {res}-175.16151
{txt}Iteration 13:  log pseudolikelihood = {res} -175.1615
{txt}Iteration 14:  log pseudolikelihood = {res} -175.1615
{txt}Iteration 15:  log pseudolikelihood = {res} -175.1615
{txt}Iteration 16:  log pseudolikelihood = {res} -175.1615
{txt}Iteration 17:  log pseudolikelihood = {res} -175.1615
{txt}Iteration 18:  log pseudolikelihood = {res} -175.1615
{txt}Iteration 19:  log pseudolikelihood = {res} -175.1615
{txt}Iteration 20:  log pseudolikelihood = {res} -175.1615
{txt}Iteration 21:  log pseudolikelihood = {res} -175.1615
{txt}Iteration 22:  log pseudolikelihood = {res} -175.1615
{txt}Iteration 23:  log pseudolikelihood = {res} -175.1615
{txt}Iteration 24:  log pseudolikelihood = {res} -175.1615
{txt}Iteration 25:  log pseudolikelihood = {res} -175.1615
{txt}Iteration 26:  log pseudolikelihood = {res} -175.1615
{txt}Iteration 27:  log pseudolikelihood = {res} -175.1615
{txt}Iteration 28:  log pseudolikelihood = {res} -175.1615
{txt}Iteration 29:  log pseudolikelihood = {res} -175.1615
{txt}Iteration 30:  log pseudolikelihood = {res} -175.1615
{txt}Iteration 31:  log pseudolikelihood = {res} -175.1615
{txt}Iteration 32:  log pseudolikelihood = {res} -175.1615
{txt}Iteration 33:  log pseudolikelihood = {res} -175.1615
{txt}Refining estimates:
Iteration 0:   log pseudolikelihood = {res} -175.1615
{txt}Iteration 1:   log pseudolikelihood = {res} -175.1615
{txt}Iteration 2:   log pseudolikelihood = {res} -175.1615
{txt}Iteration 3:   log pseudolikelihood = {res} -175.1615
{txt}Iteration 4:   log pseudolikelihood = {res} -175.1615

{txt}Cox regression -- Breslow method for ties

No. of subjects      = {res}       1,534             {txt}Number of obs    =  {res}     1,534
{txt}No. of failures      = {res}          25
{txt}Time at risk         = {res} 772.0793977
                                                {txt}Wald chi2({res}19{txt})    =  {res}  27973.66
{txt}Log pseudolikelihood =   {res} -175.1615             {txt}Prob > chi2      =  {res}    0.0000

{txt}{ralign 78:(Std. Err. adjusted for {res:1,534} clusters in patient_id)}
{hline 13}{c TT}{hline 11}{hline 11}{hline 9}{hline 8}{hline 13}{hline 12}
{col 14}{c |}{col 26}    Robust
{col 1}          _t{col 14}{c |} Haz. Ratio{col 26}   Std. Err.{col 38}      z{col 46}   P>|z|{col 54}     [95% Con{col 67}f. Interval]
{hline 13}{c +}{hline 11}{hline 11}{hline 9}{hline 8}{hline 13}{hline 12}
{space 8}imid {c |}{col 14}{res}{space 2} 1.730592{col 26}{space 2} 1.339691{col 37}{space 1}    0.71{col 46}{space 3}0.479{col 54}{space 4} .3795422{col 67}{space 3} 7.890953
{txt}{space 12} {c |}
{space 4}agegroup {c |}
{space 5}40-<50  {c |}{col 14}{res}{space 2} .6558596{col 26}{space 2}  .441343{col 37}{space 1}   -0.63{col 46}{space 3}0.531{col 54}{space 4} .1753953{col 67}{space 3} 2.452471
{txt}{space 5}50-<60  {c |}{col 14}{res}{space 2} .5909255{col 26}{space 2} .3948284{col 37}{space 1}   -0.79{col 46}{space 3}0.431{col 54}{space 4} .1595145{col 67}{space 3} 2.189098
{txt}{space 5}60-<70  {c |}{col 14}{res}{space 2} 1.439652{col 26}{space 2} .7912545{col 37}{space 1}    0.66{col 46}{space 3}0.507{col 54}{space 4} .4902573{col 67}{space 3} 4.227569
{txt}{space 5}70-<80  {c |}{col 14}{res}{space 2} .5527084{col 26}{space 2} .4333726{col 37}{space 1}   -0.76{col 46}{space 3}0.450{col 54}{space 4} .1188716{col 67}{space 3} 2.569887
{txt}{space 8}80+  {c |}{col 14}{res}{space 2} 1.724522{col 26}{space 2} 1.140632{col 37}{space 1}    0.82{col 46}{space 3}0.410{col 54}{space 4} .4717015{col 67}{space 3} 6.304781
{txt}{space 12} {c |}
{space 8}male {c |}{col 14}{res}{space 2}  .954191{col 26}{space 2} .3829691{col 37}{space 1}   -0.12{col 46}{space 3}0.907{col 54}{space 4} .4345117{col 67}{space 3}  2.09541
{txt}{space 12} {c |}
{space 3}ethnicity {c |}
South Asian  {c |}{col 14}{res}{space 2} .9488088{col 26}{space 2} .5723082{col 37}{space 1}   -0.09{col 46}{space 3}0.931{col 54}{space 4} .2909014{col 67}{space 3}  3.09465
{txt}{space 6}Other  {c |}{col 14}{res}{space 2} 7.33e-17{col 26}{space 2} 1.76e-17{col 37}{space 1} -154.98{col 46}{space 3}0.000{col 54}{space 4} 4.58e-17{col 67}{space 3} 1.17e-16
{txt}{space 12} {c |}
{space 9}imd {c |}
{space 10}4  {c |}{col 14}{res}{space 2} 1.452261{col 26}{space 2} .6317351{col 37}{space 1}    0.86{col 46}{space 3}0.391{col 54}{space 4} .6191144{col 67}{space 3} 3.406577
{txt}5 most de..  {c |}{col 14}{res}{space 2} .3747961{col 26}{space 2} .3903467{col 37}{space 1}   -0.94{col 46}{space 3}0.346{col 54}{space 4} .0486717{col 67}{space 3} 2.886116
{txt}{space 12} {c |}
{space 6}bmicat {c |}{col 14}{res}{space 2} 1.229737{col 26}{space 2} .1791685{col 37}{space 1}    1.42{col 46}{space 3}0.156{col 54}{space 4} .9242622{col 67}{space 3} 1.636174
{txt}{space 7}bowel {c |}{col 14}{res}{space 2} .8684543{col 26}{space 2} .4389727{col 37}{space 1}   -0.28{col 46}{space 3}0.780{col 54}{space 4} .3224742{col 67}{space 3} 2.338832
{txt}{space 8}skin {c |}{col 14}{res}{space 2} .6615917{col 26}{space 2} .2967018{col 37}{space 1}   -0.92{col 46}{space 3}0.357{col 54}{space 4} .2746975{col 67}{space 3} 1.593402
{txt}{space 7}joint {c |}{col 14}{res}{space 2} .6022209{col 26}{space 2} .2742129{col 37}{space 1}   -1.11{col 46}{space 3}0.265{col 54}{space 4} .2467023{col 67}{space 3} 1.470072
{txt}chronic_c~se {c |}{col 14}{res}{space 2} .8249651{col 26}{space 2} .4634034{col 37}{space 1}   -0.34{col 46}{space 3}0.732{col 54}{space 4} .2743434{col 67}{space 3} 2.480713
{txt}{space 6}cancer {c |}{col 14}{res}{space 2} 1.780503{col 26}{space 2} .7748742{col 37}{space 1}    1.33{col 46}{space 3}0.185{col 54}{space 4} .7587527{col 67}{space 3} 4.178162
{txt}{space 6}stroke {c |}{col 14}{res}{space 2} 1.283009{col 26}{space 2} .5927847{col 37}{space 1}    0.54{col 46}{space 3}0.590{col 54}{space 4} .5187426{col 67}{space 3} 3.173275
{txt}1.steroidcat {c |}{col 14}{res}{space 2} .9866181{col 26}{space 2}  .739867{col 37}{space 1}   -0.02{col 46}{space 3}0.986{col 54}{space 4} .2268983{col 67}{space 3} 4.290095
{txt}{hline 13}{c BT}{hline 11}{hline 11}{hline 9}{hline 8}{hline 13}{hline 12}

         failure _d:  {res}failhospital_sens == 1
   {txt}analysis time _t:  {res}(stophospital_sens-origin)/365.25
             {txt}origin:  {res}time enter_date
{txt}  enter on or after:  {res}time enter_date
                 {txt}id:  {res}patient_id

{txt}Cohort{col 12}{c |}{col 15}person-time{col 29}failures{col 45}rate{col 52}[95% Conf. Interval]
{hline 11}{c +}{hline 59}
     total{col 12}{c |}{col 16}{res} 16519.088{col 29}     570{col 39} .03450554{col 51}  .031786{col 63} .0374578

         {txt}failure _d:  {res}failhospital_sens == 1
   {txt}analysis time _t:  {res}(stophospital_sens-origin)/365.25
             {txt}origin:  {res}time enter_date
{txt}  enter on or after:  {res}time enter_date
                 {txt}id:  {res}patient_id

{txt}Cohort{col 12}{c |}{col 15}person-time{col 29}failures{col 45}rate{col 52}[95% Conf. Interval]
{hline 11}{c +}{hline 59}
     total{col 12}{c |}{col 16}{res} 3313.9411{col 29}     117{col 39} .03530539{col 51} .0294542{col 63} .0423189

         {txt}failure _d:  {res}failhospital_sens == 1
   {txt}analysis time _t:  {res}(stophospital_sens-origin)/365.25
             {txt}origin:  {res}time enter_date
{txt}  enter on or after:  {res}time enter_date
                 {txt}id:  {res}patient_id

{txt}Iteration 0:   log pseudolikelihood = {res}-183.34583
{txt}Iteration 1:   log pseudolikelihood = {res}-173.19287
{txt}Iteration 2:   log pseudolikelihood = {res} -172.1932
{txt}Iteration 3:   log pseudolikelihood = {res}-171.98274
{txt}Iteration 4:   log pseudolikelihood = {res}-171.91509
{txt}Iteration 5:   log pseudolikelihood = {res}-171.89038
{txt}Iteration 6:   log pseudolikelihood = {res}-171.88131
{txt}Iteration 7:   log pseudolikelihood = {res}-171.87797
{txt}Iteration 8:   log pseudolikelihood = {res}-171.87674
{txt}Iteration 9:   log pseudolikelihood = {res}-171.87629
{txt}Iteration 10:  log pseudolikelihood = {res}-171.87613
{txt}Iteration 11:  log pseudolikelihood = {res}-171.87606
{txt}Iteration 12:  log pseudolikelihood = {res}-171.87604
{txt}Iteration 13:  log pseudolikelihood = {res}-171.87603
{txt}Iteration 14:  log pseudolikelihood = {res}-171.87603
{txt}Iteration 15:  log pseudolikelihood = {res}-171.87603
{txt}Iteration 16:  log pseudolikelihood = {res}-171.87603
{txt}Iteration 17:  log pseudolikelihood = {res}-171.87603
{txt}Iteration 18:  log pseudolikelihood = {res}-171.87603
{txt}Iteration 19:  log pseudolikelihood = {res}-171.87603
{txt}Iteration 20:  log pseudolikelihood = {res}-171.87603
{txt}Iteration 21:  log pseudolikelihood = {res}-171.87603
{txt}Iteration 22:  log pseudolikelihood = {res}-171.87603
{txt}Iteration 23:  log pseudolikelihood = {res}-171.87603
{txt}Iteration 24:  log pseudolikelihood = {res}-171.87603
{txt}Iteration 25:  log pseudolikelihood = {res}-171.87603
{txt}Iteration 26:  log pseudolikelihood = {res}-171.87603
{txt}Iteration 27:  log pseudolikelihood = {res}-171.87603
{txt}Iteration 28:  log pseudolikelihood = {res}-171.87603
{txt}Iteration 29:  log pseudolikelihood = {res}-171.87603
{txt}Iteration 30:  log pseudolikelihood = {res}-171.87603
{txt}Iteration 31:  log pseudolikelihood = {res}-171.87603
{txt}Iteration 32:  log pseudolikelihood = {res}-171.87603
{txt}Iteration 33:  log pseudolikelihood = {res}-171.87603
{txt}Refining estimates:
Iteration 0:   log pseudolikelihood = {res}-171.87603
{txt}Iteration 1:   log pseudolikelihood = {res}-171.87603

{txt}Cox regression -- Breslow method for ties

No. of subjects      = {res}       1,534             {txt}Number of obs    =  {res}     1,534
{txt}No. of failures      = {res}          25
{txt}Time at risk         = {res} 772.0793977
                                                {txt}Wald chi2({res}24{txt})    =  {res}  23142.15
{txt}Log pseudolikelihood =   {res}-171.87603             {txt}Prob > chi2      =  {res}    0.0000

{txt}{ralign 78:(Std. Err. adjusted for {res:1,534} clusters in patient_id)}
{hline 13}{c TT}{hline 11}{hline 11}{hline 9}{hline 8}{hline 13}{hline 12}
{col 14}{c |}{col 26}    Robust
{col 1}          _t{col 14}{c |} Haz. Ratio{col 26}   Std. Err.{col 38}      z{col 46}   P>|z|{col 54}     [95% Con{col 67}f. Interval]
{hline 13}{c +}{hline 11}{hline 11}{hline 9}{hline 8}{hline 13}{hline 12}
{space 8}imid {c |}{col 14}{res}{space 2}  1.76608{col 26}{space 2} 1.353509{col 37}{space 1}    0.74{col 46}{space 3}0.458{col 54}{space 4} .3932392{col 67}{space 3} 7.931661
{txt}{space 12} {c |}
{space 4}agegroup {c |}
{space 5}40-<50  {c |}{col 14}{res}{space 2} .6761702{col 26}{space 2} .4478993{col 37}{space 1}   -0.59{col 46}{space 3}0.555{col 54}{space 4} .1845929{col 67}{space 3} 2.476835
{txt}{space 5}50-<60  {c |}{col 14}{res}{space 2} .6480362{col 26}{space 2} .4330761{col 37}{space 1}   -0.65{col 46}{space 3}0.516{col 54}{space 4} .1748839{col 67}{space 3} 2.401313
{txt}{space 5}60-<70  {c |}{col 14}{res}{space 2} 1.544312{col 26}{space 2} .8305959{col 37}{space 1}    0.81{col 46}{space 3}0.419{col 54}{space 4} .5381741{col 67}{space 3} 4.431462
{txt}{space 5}70-<80  {c |}{col 14}{res}{space 2}   .60956{col 26}{space 2} .4681177{col 37}{space 1}   -0.64{col 46}{space 3}0.519{col 54}{space 4} .1353093{col 67}{space 3} 2.746029
{txt}{space 8}80+  {c |}{col 14}{res}{space 2} 1.820333{col 26}{space 2} 1.189594{col 37}{space 1}    0.92{col 46}{space 3}0.359{col 54}{space 4} .5056936{col 67}{space 3} 6.552607
{txt}{space 12} {c |}
{space 8}male {c |}{col 14}{res}{space 2} 1.016542{col 26}{space 2} .4027678{col 37}{space 1}    0.04{col 46}{space 3}0.967{col 54}{space 4}  .467593{col 67}{space 3} 2.209953
{txt}{space 12} {c |}
{space 3}ethnicity {c |}
South Asian  {c |}{col 14}{res}{space 2} 1.019729{col 26}{space 2} .6191076{col 37}{space 1}    0.03{col 46}{space 3}0.974{col 54}{space 4} .3102379{col 67}{space 3} 3.351771
{txt}{space 6}Other  {c |}{col 14}{res}{space 2} 1.64e-15{col 26}{space 2} 4.47e-16{col 37}{space 1} -125.12{col 46}{space 3}0.000{col 54}{space 4} 9.63e-16{col 67}{space 3} 2.80e-15
{txt}{space 12} {c |}
{space 9}imd {c |}
{space 10}4  {c |}{col 14}{res}{space 2} 1.528862{col 26}{space 2} .6758632{col 37}{space 1}    0.96{col 46}{space 3}0.337{col 54}{space 4} .6428033{col 67}{space 3}  3.63629
{txt}5 most de..  {c |}{col 14}{res}{space 2} .3721774{col 26}{space 2} .3887908{col 37}{space 1}   -0.95{col 46}{space 3}0.344{col 54}{space 4} .0480344{col 67}{space 3} 2.883685
{txt}{space 12} {c |}
{space 6}bmicat {c |}{col 14}{res}{space 2} 1.216622{col 26}{space 2} .1781328{col 37}{space 1}    1.34{col 46}{space 3}0.181{col 54}{space 4} .9131167{col 67}{space 3} 1.621008
{txt}{space 7}bowel {c |}{col 14}{res}{space 2} .8181998{col 26}{space 2}  .412283{col 37}{space 1}   -0.40{col 46}{space 3}0.690{col 54}{space 4} .3047524{col 67}{space 3} 2.196705
{txt}{space 8}skin {c |}{col 14}{res}{space 2} .6536729{col 26}{space 2} .2931267{col 37}{space 1}   -0.95{col 46}{space 3}0.343{col 54}{space 4} .2714288{col 67}{space 3} 1.574219
{txt}{space 7}joint {c |}{col 14}{res}{space 2} .5788405{col 26}{space 2}  .267543{col 37}{space 1}   -1.18{col 46}{space 3}0.237{col 54}{space 4} .2339533{col 67}{space 3}  1.43215
{txt}chronic_c~se {c |}{col 14}{res}{space 2}  .841054{col 26}{space 2} .4730719{col 37}{space 1}   -0.31{col 46}{space 3}0.758{col 54}{space 4} .2792828{col 67}{space 3} 2.532816
{txt}{space 6}cancer {c |}{col 14}{res}{space 2}  1.61063{col 26}{space 2} .6795027{col 37}{space 1}    1.13{col 46}{space 3}0.259{col 54}{space 4} .7045077{col 67}{space 3} 3.682189
{txt}{space 6}stroke {c |}{col 14}{res}{space 2} 1.257322{col 26}{space 2} .5921993{col 37}{space 1}    0.49{col 46}{space 3}0.627{col 54}{space 4} .4994938{col 67}{space 3} 3.164921
{txt}{space 12} {c |}
{space 5}diabcat {c |}
Controlle..  {c |}{col 14}{res}{space 2} 1.43e-15{col 26}{space 2} 2.12e-15{col 37}{space 1}  -23.11{col 46}{space 3}0.000{col 54}{space 4} 7.89e-17{col 67}{space 3} 2.60e-14
{txt}Diabetes,..  {c |}{col 14}{res}{space 2} .6237886{col 26}{space 2} .3847385{col 37}{space 1}   -0.77{col 46}{space 3}0.444{col 54}{space 4} .1862241{col 67}{space 3} 2.089484
{txt}{space 12} {c |}
{space 2}steroidcat {c |}{col 14}{res}{space 2} 1.004754{col 26}{space 2} .7602704{col 37}{space 1}    0.01{col 46}{space 3}0.995{col 54}{space 4} .2280228{col 67}{space 3} 4.427322
{txt}{space 12} {c |}
{space 9}ckd {c |}
{space 8}CKD  {c |}{col 14}{res}{space 2} .6853007{col 26}{space 2} .2769867{col 37}{space 1}   -0.93{col 46}{space 3}0.350{col 54}{space 4} .3103417{col 67}{space 3}  1.51329
{txt}chronic_l~se {c |}{col 14}{res}{space 2} 1.318581{col 26}{space 2} .5824048{col 37}{space 1}    0.63{col 46}{space 3}0.531{col 54}{space 4} .5548037{col 67}{space 3} 3.133824
{txt}chronic_r~se {c |}{col 14}{res}{space 2} .1831342{col 26}{space 2} .1822467{col 37}{space 1}   -1.71{col 46}{space 3}0.088{col 54}{space 4} .0260431{col 67}{space 3} 1.287792
{txt}{hline 13}{c BT}{hline 11}{hline 11}{hline 9}{hline 8}{hline 13}{hline 12}

         failure _d:  {res}failhospital_sens == 1
   {txt}analysis time _t:  {res}(stophospital_sens-origin)/365.25
             {txt}origin:  {res}time enter_date
{txt}  enter on or after:  {res}time enter_date
                 {txt}id:  {res}patient_id

{txt}Cohort{col 12}{c |}{col 15}person-time{col 29}failures{col 45}rate{col 52}[95% Conf. Interval]
{hline 11}{c +}{hline 59}
     total{col 12}{c |}{col 16}{res} 16519.088{col 29}     570{col 39} .03450554{col 51}  .031786{col 63} .0374578

         {txt}failure _d:  {res}failhospital_sens == 1
   {txt}analysis time _t:  {res}(stophospital_sens-origin)/365.25
             {txt}origin:  {res}time enter_date
{txt}  enter on or after:  {res}time enter_date
                 {txt}id:  {res}patient_id

{txt}Cohort{col 12}{c |}{col 15}person-time{col 29}failures{col 45}rate{col 52}[95% Conf. Interval]
{hline 11}{c +}{hline 59}
     total{col 12}{c |}{col 16}{res} 3313.9411{col 29}     117{col 39} .03530539{col 51} .0294542{col 63} .0423189

                {txt}id:  {res}patient_id
     {txt}failure event:  {res}failicu_sens == 1
{txt}obs. time interval:  {res}(stopicu_sens[_n-1], stopicu_sens]
{txt} enter on or after:  {res}time enter_date
{txt} exit on or before:  {res}failure
    {txt}t for analysis:  {res}(time-origin)/365.25
            {txt}origin:  {res}time enter_date

{txt}{hline 78}
{res}     39,427{txt}  total observations
{res}          0{txt}  exclusions
{hline 78}
{res}     39,427{txt}  observations remaining, representing
{res}     39,427{txt}  subjects
{res}          6{txt}  failures in single-failure-per-subject data
{res}  19,861.15{txt}  total analysis time at risk and under observation
                                                at risk from t = {res}        0
                                     {txt}earliest observed entry t = {res}        0
                                          {txt}last observed exit t = {res} .5037645

         {txt}failure _d:  {res}failicu_sens == 1
   {txt}analysis time _t:  {res}(stopicu_sens-origin)/365.25
             {txt}origin:  {res}time enter_date
{txt}  enter on or after:  {res}time enter_date
                 {txt}id:  {res}patient_id

{txt}Iteration 0:   log pseudolikelihood = {res}-63.493009
{txt}Iteration 1:   log pseudolikelihood = {res}-62.187284
{txt}Iteration 2:   log pseudolikelihood = {res}-61.740908
{txt}Iteration 3:   log pseudolikelihood = {res}-61.735696
{txt}Refining estimates:
Iteration 0:   log pseudolikelihood = {res}-61.735696

{txt}Cox regression -- Breslow method for ties

No. of subjects      = {res}      39,427             {txt}Number of obs    =  {res}    39,427
{txt}No. of failures      = {res}           6
{txt}Time at risk         = {res}  19861.1499
                                                {txt}Wald chi2({res}1{txt})     =  {res}      3.87
{txt}Log pseudolikelihood =   {res}-61.735696             {txt}Prob > chi2      =  {res}    0.0491

{txt}{ralign 78:(Std. Err. adjusted for {res:39,427} clusters in patient_id)}
{hline 13}{c TT}{hline 11}{hline 11}{hline 9}{hline 8}{hline 13}{hline 12}
{col 14}{c |}{col 26}    Robust
{col 1}          _t{col 14}{c |} Haz. Ratio{col 26}   Std. Err.{col 38}      z{col 46}   P>|z|{col 54}     [95% Con{col 67}f. Interval]
{hline 13}{c +}{hline 11}{hline 11}{hline 9}{hline 8}{hline 13}{hline 12}
{space 8}imid {c |}{col 14}{res}{space 2}  .200606{col 26}{space 2} .1637862{col 37}{space 1}   -1.97{col 46}{space 3}0.049{col 54}{space 4} .0404925{col 67}{space 3} .9938335
{txt}{hline 13}{c BT}{hline 11}{hline 11}{hline 9}{hline 8}{hline 13}{hline 12}

         failure _d:  {res}failicu_sens == 1
   {txt}analysis time _t:  {res}(stopicu_sens-origin)/365.25
             {txt}origin:  {res}time enter_date
{txt}  enter on or after:  {res}time enter_date
                 {txt}id:  {res}patient_id

{txt}Cohort{col 12}{c |}{col 15}person-time{col 29}failures{col 45}rate{col 52}[95% Conf. Interval]
{hline 11}{c +}{hline 59}
     total{col 12}{c |}{col 16}{res}  16542.62{col 29}       3{col 39} .00018135{col 51} .0000585{col 63} .0005623

         {txt}failure _d:  {res}failicu_sens == 1
   {txt}analysis time _t:  {res}(stopicu_sens-origin)/365.25
             {txt}origin:  {res}time enter_date
{txt}  enter on or after:  {res}time enter_date
                 {txt}id:  {res}patient_id

{txt}Cohort{col 12}{c |}{col 15}person-time{col 29}failures{col 45}rate{col 52}[95% Conf. Interval]
{hline 11}{c +}{hline 59}
     total{col 12}{c |}{col 16}{res} 3318.5298{col 29}       3{col 39} .00090401{col 51} .0002916{col 63}  .002803

         {txt}failure _d:  {res}failicu_sens == 1
   {txt}analysis time _t:  {res}(stopicu_sens-origin)/365.25
             {txt}origin:  {res}time enter_date
{txt}  enter on or after:  {res}time enter_date
                 {txt}id:  {res}patient_id

{txt}Iteration 0:   log pseudolikelihood = {res}-63.493009
{txt}Iteration 1:   log pseudolikelihood = {res}-61.043387
{txt}Iteration 2:   log pseudolikelihood = {res}-60.196388
{txt}Iteration 3:   log pseudolikelihood = {res}-60.127743
{txt}Iteration 4:   log pseudolikelihood = {res}-60.104774
{txt}Iteration 5:   log pseudolikelihood = {res}-60.096372
{txt}Iteration 6:   log pseudolikelihood = {res}-60.093288
{txt}Iteration 7:   log pseudolikelihood = {res}-60.092154
{txt}Iteration 8:   log pseudolikelihood = {res}-60.091737
{txt}Iteration 9:   log pseudolikelihood = {res}-60.091584
{txt}Iteration 10:  log pseudolikelihood = {res}-60.091527
{txt}Iteration 11:  log pseudolikelihood = {res}-60.091507
{txt}Iteration 12:  log pseudolikelihood = {res}-60.091499
{txt}Iteration 13:  log pseudolikelihood = {res}-60.091496
{txt}Iteration 14:  log pseudolikelihood = {res}-60.091495
{txt}Iteration 15:  log pseudolikelihood = {res}-60.091495
{txt}Iteration 16:  log pseudolikelihood = {res}-60.091495
{txt}Iteration 17:  log pseudolikelihood = {res}-60.091494
{txt}Iteration 18:  log pseudolikelihood = {res}-60.091494
{txt}Iteration 19:  log pseudolikelihood = {res}-60.091494
{txt}Iteration 20:  log pseudolikelihood = {res}-60.091494
{txt}Iteration 21:  log pseudolikelihood = {res}-60.091494
{txt}Iteration 22:  log pseudolikelihood = {res}-60.091494
{txt}Iteration 23:  log pseudolikelihood = {res}-60.091494
{txt}Iteration 24:  log pseudolikelihood = {res}-60.091494
{txt}Iteration 25:  log pseudolikelihood = {res}-60.091494
{txt}Iteration 26:  log pseudolikelihood = {res}-60.091494
{txt}Iteration 27:  log pseudolikelihood = {res}-60.091494
{txt}Iteration 28:  log pseudolikelihood = {res}-60.091494
{txt}Iteration 29:  log pseudolikelihood = {res}-60.091494
{txt}Iteration 30:  log pseudolikelihood = {res}-60.091494
{txt}Iteration 31:  log pseudolikelihood = {res}-60.091494
{txt}Iteration 32:  log pseudolikelihood = {res}-60.091494
{txt}Iteration 33:  log pseudolikelihood = {res}-60.091494
{txt}Iteration 34:  log pseudolikelihood = {res}-60.091494
{txt}Iteration 35:  log pseudolikelihood = {res}-60.091494
{txt}Iteration 36:  log pseudolikelihood = {res}-60.091494
{txt}Iteration 37:  log pseudolikelihood = {res}-60.091494
{txt}Iteration 38:  log pseudolikelihood = {res}-60.091494
{txt}Iteration 39:  log pseudolikelihood = {res}-60.091494
{txt}Iteration 40:  log pseudolikelihood = {res}-60.091494
{txt}Iteration 41:  log pseudolikelihood = {res}-60.091494
{txt}Iteration 42:  log pseudolikelihood = {res}-60.091494
{txt}Iteration 43:  log pseudolikelihood = {res}-60.091494
{txt}Refining estimates:
Iteration 0:   log pseudolikelihood = {res}-60.091494

{txt}Cox regression -- Breslow method for ties

No. of subjects      = {res}      39,427             {txt}Number of obs    =  {res}    39,427
{txt}No. of failures      = {res}           6
{txt}Time at risk         = {res}  19861.1499
                                                {txt}Wald chi2({res}5{txt})     =  {res}   7938.25
{txt}Log pseudolikelihood =   {res}-60.091494             {txt}Prob > chi2      =  {res}    0.0000

{txt}{ralign 78:(Std. Err. adjusted for {res:39,427} clusters in patient_id)}
{hline 13}{c TT}{hline 11}{hline 11}{hline 9}{hline 8}{hline 13}{hline 12}
{col 14}{c |}{col 26}    Robust
{col 1}          _t{col 14}{c |} Haz. Ratio{col 26}   Std. Err.{col 38}      z{col 46}   P>|z|{col 54}     [95% Con{col 67}f. Interval]
{hline 13}{c +}{hline 11}{hline 11}{hline 9}{hline 8}{hline 13}{hline 12}
{space 8}imid {c |}{col 14}{res}{space 2} .1982512{col 26}{space 2} .1605358{col 37}{space 1}   -2.00{col 46}{space 3}0.046{col 54}{space 4} .0405459{col 67}{space 3} .9693588
{txt}{space 12} {c |}
{space 4}agegroup {c |}
{space 5}40-<50  {c |}{col 14}{res}{space 2} 1.169961{col 26}{space 2} 1.417725{col 37}{space 1}    0.13{col 46}{space 3}0.897{col 54}{space 4} .1088204{col 67}{space 3} 12.57861
{txt}{space 5}50-<60  {c |}{col 14}{res}{space 2}  1.09026{col 26}{space 2} 1.336236{col 37}{space 1}    0.07{col 46}{space 3}0.944{col 54}{space 4} .0986931{col 67}{space 3} 12.04406
{txt}{space 5}60-<70  {c |}{col 14}{res}{space 2} 2.732857{col 26}{space 2} 2.705377{col 37}{space 1}    1.02{col 46}{space 3}0.310{col 54}{space 4}  .392622{col 67}{space 3} 19.02214
{txt}{space 5}70-<80  {c |}{col 14}{res}{space 2} 1.67e-19{col 26}{space 2}        .{col 37}{space 1}       .{col 46}{space 3}    .{col 54}{space 4}        .{col 67}{space 3}        .
{txt}{space 8}80+  {c |}{col 14}{res}{space 2} 1.68e-19{col 26}{space 2}        .{col 37}{space 1}       .{col 46}{space 3}    .{col 54}{space 4}        .{col 67}{space 3}        .
{txt}{space 12} {c |}
{space 8}male {c |}{col 14}{res}{space 2}   1.0476{col 26}{space 2}  .850204{col 37}{space 1}    0.06{col 46}{space 3}0.954{col 54}{space 4} .2134929{col 67}{space 3} 5.140528
{txt}{hline 13}{c BT}{hline 11}{hline 11}{hline 9}{hline 8}{hline 13}{hline 12}

         failure _d:  {res}failicu_sens == 1
   {txt}analysis time _t:  {res}(stopicu_sens-origin)/365.25
             {txt}origin:  {res}time enter_date
{txt}  enter on or after:  {res}time enter_date
                 {txt}id:  {res}patient_id

{txt}Cohort{col 12}{c |}{col 15}person-time{col 29}failures{col 45}rate{col 52}[95% Conf. Interval]
{hline 11}{c +}{hline 59}
     total{col 12}{c |}{col 16}{res}  16542.62{col 29}       3{col 39} .00018135{col 51} .0000585{col 63} .0005623

         {txt}failure _d:  {res}failicu_sens == 1
   {txt}analysis time _t:  {res}(stopicu_sens-origin)/365.25
             {txt}origin:  {res}time enter_date
{txt}  enter on or after:  {res}time enter_date
                 {txt}id:  {res}patient_id

{txt}Cohort{col 12}{c |}{col 15}person-time{col 29}failures{col 45}rate{col 52}[95% Conf. Interval]
{hline 11}{c +}{hline 59}
     total{col 12}{c |}{col 16}{res} 3318.5298{col 29}       3{col 39} .00090401{col 51} .0002916{col 63}  .002803

         {txt}failure _d:  {res}failicu_sens == 1
   {txt}analysis time _t:  {res}(stopicu_sens-origin)/365.25
             {txt}origin:  {res}time enter_date
{txt}  enter on or after:  {res}time enter_date
                 {txt}id:  {res}patient_id

{txt}Iteration 0:   log pseudolikelihood = {res}         0
{txt}Refining estimates:
Iteration 0:   log pseudolikelihood = {res}         0

{txt}Cox regression -- no ties

No. of subjects      = {res}       1,534             {txt}Number of obs    =  {res}     1,534
{txt}No. of failures      = {res}           0
{txt}Time at risk         = {res} 772.7748118
{col 49}{help j_robustsingular##|_new:Wald chi2(0)}{txt}{col 66}=  {res}         .
{txt}Log pseudolikelihood =   {res}         0             {txt}Prob > chi2      =  {res}         .

{txt}{ralign 78:(Std. Err. adjusted for {res:1,534} clusters in patient_id)}
{hline 13}{c TT}{hline 11}{hline 11}{hline 9}{hline 8}{hline 13}{hline 12}
{col 14}{c |}{col 26}    Robust
{col 1}          _t{col 14}{c |} Haz. Ratio{col 26}   Std. Err.{col 38}      z{col 46}   P>|z|{col 54}     [95% Con{col 67}f. Interval]
{hline 13}{c +}{hline 11}{hline 11}{hline 9}{hline 8}{hline 13}{hline 12}
{space 8}imid {c |}{col 14}{res}{space 2}        1{col 26}{txt}  (omitted)
{space 12} {c |}
{space 4}agegroup {c |}
{space 5}40-<50  {c |}{col 14}{res}{space 2}        1{col 26}{txt}  (omitted)
{space 5}50-<60  {c |}{col 14}{res}{space 2}        1{col 26}{txt}  (omitted)
{space 5}60-<70  {c |}{col 14}{res}{space 2}        1{col 26}{txt}  (omitted)
{space 5}70-<80  {c |}{col 14}{res}{space 2}        1{col 26}{txt}  (omitted)
{space 8}80+  {c |}{col 14}{res}{space 2}        1{col 26}{txt}  (omitted)
{space 12} {c |}
{space 8}male {c |}{col 14}{res}{space 2}        1{col 26}{txt}  (omitted)
{space 12} {c |}
{space 3}ethnicity {c |}
South Asian  {c |}{col 14}{res}{space 2}        1{col 26}{txt}  (omitted)
{space 6}Other  {c |}{col 14}{res}{space 2}        1{col 26}{txt}  (omitted)
{space 12} {c |}
{space 9}imd {c |}
{space 10}4  {c |}{col 14}{res}{space 2}        1{col 26}{txt}  (omitted)
5 most de..  {c |}{col 14}{res}{space 2}        1{col 26}{txt}  (omitted)
{space 12} {c |}
{space 6}bmicat {c |}{col 14}{res}{space 2}        1{col 26}{txt}  (omitted)
{space 7}bowel {c |}{col 14}{res}{space 2}        1{col 26}{txt}  (omitted)
{space 8}skin {c |}{col 14}{res}{space 2}        1{col 26}{txt}  (omitted)
{space 7}joint {c |}{col 14}{res}{space 2}        1{col 26}{txt}  (omitted)
chronic_c~se {c |}{col 14}{res}{space 2}        1{col 26}{txt}  (omitted)
{space 6}cancer {c |}{col 14}{res}{space 2}        1{col 26}{txt}  (omitted)
{space 6}stroke {c |}{col 14}{res}{space 2}        1{col 26}{txt}  (omitted)
1.steroidcat {c |}{col 14}{res}{space 2}        1{col 26}{txt}  (omitted)
{hline 13}{c BT}{hline 11}{hline 11}{hline 9}{hline 8}{hline 13}{hline 12}

         failure _d:  {res}failicu_sens == 1
   {txt}analysis time _t:  {res}(stopicu_sens-origin)/365.25
             {txt}origin:  {res}time enter_date
{txt}  enter on or after:  {res}time enter_date
                 {txt}id:  {res}patient_id

{txt}Cohort{col 12}{c |}{col 15}person-time{col 29}failures{col 45}rate{col 52}[95% Conf. Interval]
{hline 11}{c +}{hline 59}
     total{col 12}{c |}{col 16}{res}  16542.62{col 29}       3{col 39} .00018135{col 51} .0000585{col 63} .0005623

         {txt}failure _d:  {res}failicu_sens == 1
   {txt}analysis time _t:  {res}(stopicu_sens-origin)/365.25
             {txt}origin:  {res}time enter_date
{txt}  enter on or after:  {res}time enter_date
                 {txt}id:  {res}patient_id

{txt}Cohort{col 12}{c |}{col 15}person-time{col 29}failures{col 45}rate{col 52}[95% Conf. Interval]
{hline 11}{c +}{hline 59}
     total{col 12}{c |}{col 16}{res} 3318.5298{col 29}       3{col 39} .00090401{col 51} .0002916{col 63}  .002803

         {txt}failure _d:  {res}failicu_sens == 1
   {txt}analysis time _t:  {res}(stopicu_sens-origin)/365.25
             {txt}origin:  {res}time enter_date
{txt}  enter on or after:  {res}time enter_date
                 {txt}id:  {res}patient_id

{txt}Iteration 0:   log pseudolikelihood = {res}         0
{txt}Refining estimates:
Iteration 0:   log pseudolikelihood = {res}         0

{txt}Cox regression -- no ties

No. of subjects      = {res}       1,534             {txt}Number of obs    =  {res}     1,534
{txt}No. of failures      = {res}           0
{txt}Time at risk         = {res} 772.7748118
{col 49}{help j_robustsingular##|_new:Wald chi2(0)}{txt}{col 66}=  {res}         .
{txt}Log pseudolikelihood =   {res}         0             {txt}Prob > chi2      =  {res}         .

{txt}{ralign 78:(Std. Err. adjusted for {res:1,534} clusters in patient_id)}
{hline 13}{c TT}{hline 11}{hline 11}{hline 9}{hline 8}{hline 13}{hline 12}
{col 14}{c |}{col 26}    Robust
{col 1}          _t{col 14}{c |} Haz. Ratio{col 26}   Std. Err.{col 38}      z{col 46}   P>|z|{col 54}     [95% Con{col 67}f. Interval]
{hline 13}{c +}{hline 11}{hline 11}{hline 9}{hline 8}{hline 13}{hline 12}
{space 8}imid {c |}{col 14}{res}{space 2}        1{col 26}{txt}  (omitted)
{space 12} {c |}
{space 4}agegroup {c |}
{space 5}40-<50  {c |}{col 14}{res}{space 2}        1{col 26}{txt}  (omitted)
{space 5}50-<60  {c |}{col 14}{res}{space 2}        1{col 26}{txt}  (omitted)
{space 5}60-<70  {c |}{col 14}{res}{space 2}        1{col 26}{txt}  (omitted)
{space 5}70-<80  {c |}{col 14}{res}{space 2}        1{col 26}{txt}  (omitted)
{space 8}80+  {c |}{col 14}{res}{space 2}        1{col 26}{txt}  (omitted)
{space 12} {c |}
{space 8}male {c |}{col 14}{res}{space 2}        1{col 26}{txt}  (omitted)
{space 12} {c |}
{space 3}ethnicity {c |}
South Asian  {c |}{col 14}{res}{space 2}        1{col 26}{txt}  (omitted)
{space 6}Other  {c |}{col 14}{res}{space 2}        1{col 26}{txt}  (omitted)
{space 12} {c |}
{space 9}imd {c |}
{space 10}4  {c |}{col 14}{res}{space 2}        1{col 26}{txt}  (omitted)
5 most de..  {c |}{col 14}{res}{space 2}        1{col 26}{txt}  (omitted)
{space 12} {c |}
{space 6}bmicat {c |}{col 14}{res}{space 2}        1{col 26}{txt}  (omitted)
{space 7}bowel {c |}{col 14}{res}{space 2}        1{col 26}{txt}  (omitted)
{space 8}skin {c |}{col 14}{res}{space 2}        1{col 26}{txt}  (omitted)
{space 7}joint {c |}{col 14}{res}{space 2}        1{col 26}{txt}  (omitted)
chronic_c~se {c |}{col 14}{res}{space 2}        1{col 26}{txt}  (omitted)
{space 6}cancer {c |}{col 14}{res}{space 2}        1{col 26}{txt}  (omitted)
{space 6}stroke {c |}{col 14}{res}{space 2}        1{col 26}{txt}  (omitted)
{space 12} {c |}
{space 5}diabcat {c |}
Controlle..  {c |}{col 14}{res}{space 2}        1{col 26}{txt}  (omitted)
Diabetes,..  {c |}{col 14}{res}{space 2}        1{col 26}{txt}  (omitted)
{space 12} {c |}
{space 2}steroidcat {c |}{col 14}{res}{space 2}        1{col 26}{txt}  (omitted)
{space 12} {c |}
{space 9}ckd {c |}
{space 8}CKD  {c |}{col 14}{res}{space 2}        1{col 26}{txt}  (omitted)
chronic_l~se {c |}{col 14}{res}{space 2}        1{col 26}{txt}  (omitted)
chronic_r~se {c |}{col 14}{res}{space 2}        1{col 26}{txt}  (omitted)
{hline 13}{c BT}{hline 11}{hline 11}{hline 9}{hline 8}{hline 13}{hline 12}

         failure _d:  {res}failicu_sens == 1
   {txt}analysis time _t:  {res}(stopicu_sens-origin)/365.25
             {txt}origin:  {res}time enter_date
{txt}  enter on or after:  {res}time enter_date
                 {txt}id:  {res}patient_id

{txt}Cohort{col 12}{c |}{col 15}person-time{col 29}failures{col 45}rate{col 52}[95% Conf. Interval]
{hline 11}{c +}{hline 59}
     total{col 12}{c |}{col 16}{res}  16542.62{col 29}       3{col 39} .00018135{col 51} .0000585{col 63} .0005623

         {txt}failure _d:  {res}failicu_sens == 1
   {txt}analysis time _t:  {res}(stopicu_sens-origin)/365.25
             {txt}origin:  {res}time enter_date
{txt}  enter on or after:  {res}time enter_date
                 {txt}id:  {res}patient_id

{txt}Cohort{col 12}{c |}{col 15}person-time{col 29}failures{col 45}rate{col 52}[95% Conf. Interval]
{hline 11}{c +}{hline 59}
     total{col 12}{c |}{col 16}{res} 3318.5298{col 29}       3{col 39} .00090401{col 51} .0002916{col 63}  .002803
{txt}
{com}. 
. postclose `coxoutput'
{txt}
{com}. 
. 
. log close
      {txt}name:  {res}<unnamed>
       {txt}log:  {res}/workspace/logs/cox_models_imid.smcl
  {txt}log type:  {res}smcl
 {txt}closed on:  {res}22 Apr 2021, 13:37:11
{txt}{.-}
{smcl}
{txt}{sf}{ul off}